
################################################################################
#
# This file has been generated by SpyGlass:
#     Report Name      : moresimple
#     Report Created by: ICer
#     Report Created on:  Sun Sep 27 21:02:00 2026
#     Working Directory: /mnt/hgfs/Shared_Folder/System/System_Lint
#     SpyGlass Version : SpyGlass_vL-2016.06
#     Policy Name      : SpyGlass(SpyGlass_vL-2016.06)
#
#     Total Number of Generated Messages        :          7
#     Number of Waived Messages                 :          0
#     Number of Reported Messages (New)         :          0
#     Number of Reported Messages (PreExisting) :          7
#     Number of Reported Messages (Fixed)       :          2
#     Number of Overlimit Messages              :          0
#
#
################################################################################

+++++++++++++++++++++++++++++++++++++++++++++++++++++++++++++++++++++++
MORESIMPLE REPORT:


############### PreExisting Messages -> BuiltIn -> RuleGroup=Design Read ###############
+++++++++++++++++++++++++++++++++++++++++++++++++++++++++++++++++++++++++++++++++++++++
ID       Rule                    Alias                   Severity    File                                                                     Line    Wt    Message
======================================================================================
[1]      DetectTopDesignUnits    DetectTopDesignUnits    Info        /home/ICer/Shared_Folder/System/RTL/System_Top/System_Top.v              1       2     Module System_Top is a top level design unit
[2]      DetectTopDesignUnits    DetectTopDesignUnits    Info        /home/ICer/Shared_Folder/System/RTL/UART_TX/MUX_2x1.v                    1       2     Module MUX_2x1 is a top level design unit
[F]      Domain_Matrix01                                 Info        system.sgdc                                                              4       10    Domain Matrix for design "System_Top",  based on the individual constraints defined in the SDC as inferred in the Sta mode
[0]      ElabSummary             ElabSummary             Info        ./spyglass-1/Design_Read/spyglass_reports/SpyGlass/elab_summary.rpt      0       2     Please refer file './spyglass-1/Design_Read/spyglass_reports/SpyGlass/elab_summary.rpt' for elab summary report
[1D]     SDC2SGDC_INFO                                   Info        ./spyglass-1/Design_Read/spyglass_reports/sdc2sgdc/sdc2sgdc.sgdc.9181    1       10    Sgdc file "./spyglass-1/Design_Read/spyglass_reports/sdc2sgdc/sdc2sgdc.sgdc.9181" generated after successful SDC2SGDC translation
[1E]     SDC_Mapping01                                   Info        N.A                                                                      0       10    Mapping of SDC Commands Generated
+++++++++++++++++++++++++++++++++++++++++++++++++++++++++++++++++++++++++++++++++++++++


############### PreExisting Messages -> BuiltIn -> RuleGroup=SGDC Checks ###############
+++++++++++++++++++++++++++++++++++++++++++++++++++++++++++++++++++++++++++++++++++++++
ID       Rule            Alias           Severity    File                                                     Line    Wt    Message
======================================================================================
[3]      checkSGDC_03    checkSGDC_03    Warning     /home/ICer/Shared_Folder/System/RTL/UART_TX/MUX_2x1.v    1       10    No SGDC constraints specified for top module 'MUX_2x1'
+++++++++++++++++++++++++++++++++++++++++++++++++++++++++++++++++++++++++++++++++++++++

############################# Fixed Violations ########################################
+++++++++++++++++++++++++++++++++++++++++++++++++++++++++++++++++++++++++++++++++++++++
Rule                 Alias                Severity    File                                                                                               Line    Wt    Message
======================================================================================
AutoGenerateSglib    AutoGenerateSglib    Info        ./spyglass-1/spyglass_cache/autogenerated_sglib/lc/spyglass_lc_aggregate_reports/moresimple.rpt    0       2     Sglib './spyglass-1/spyglass_cache/autogenerated_sglib/aggregate.sglib' has been auto-generated successfully
SDC_100              SDC_100              Error       ./System.sdc                                                                                       6       10    Unsupported SDC Version 2.1. Only versions 1.1, 1.2, 1.3, 1.4, 1.5, 1.6 , 1.7, 1.8 , 1.9 and 2.0 are supported at this time
+++++++++++++++++++++++++++++++++++++++++++++++++++++++++++++++++++++++++++++++++++++++
