SpyGlass run started at 08:53:38 pm on Sep 27 2026 

SpyGlass Predictive Analyzer(R) - Version SpyGlass_vL-2016.06
Last compiled on May 20 2016

All Rights Reserved. Use, disclosure or duplication
without prior written permission of Synopsys Inc. is prohibited.
Technical support: email spyglass_support@synopsys.com.


 Auto-compiling gates libraries

        "../std_cells/scmetro_tsmc_cl013g_rvt_tt_1p2v_25c.lib"
    to
        "./spyglass-1/spyglass_cache/autogenerated_sglib/aggregate.sglib" ...already compiled

 Using this already compiled sglib for the current run ...

Running SpyGlass 64-bit Executable: /home/synopsys/SpyGlass-L2016.06/SPYGLASS_HOME/obj/check.Linux4

RULE-CHECKING IN MIXED MODE
Loading Policy: spyglass (Version: SpyGlass_vL-2016.06) from path: /home/synopsys/SpyGlass-L2016.06/SPYGLASS_HOME/policies/spyglass
Loading Shared library libspyglassrules-Linux4.spyso from /home/synopsys/SpyGlass-L2016.06/SPYGLASS_HOME/lib/libspyglassrules-Linux4.spyso 
Loading Shared library libsdcInitRules-Linux4.spyso from /home/synopsys/SpyGlass-L2016.06/SPYGLASS_HOME/lib/libsdcInitRules-Linux4.spyso 
Loading Shared library librmerules-Linux4.spyso from /home/synopsys/SpyGlass-L2016.06/SPYGLASS_HOME/lib/librmerules-Linux4.spyso 
##build_id : SpyGlass_vL-2016.06
##system   : Linux IC_EDA 3.10.0-1160.6.1.el7.x86_64 #1 SMP Tue Nov 17 13:59:11 UTC 2020 x86_64
##cwd      : /mnt/hgfs/Shared_Folder/System/System_Lint
##lang     : Verilog+VHDL
##args     : -mSpyGlass::Compatibility::v2_7_3 \
             -mSpyGlass::Compatibility::v2_7_3 \
             -mSpyGlass::Compatibility::v2_7_3 \
             -lib WORK ./spyglass-1/WORK \
             -nl \
             -policy='none' \
             -mixed \
             -batch \
             -wdir './spyglass-1/Design_Read' \
             -enableSV \
             -sgdc 'system.sgdc' \
             -dbdir './spyglass-1/.SG_SaveRestoreDB' \
             -gateslib '../std_cells/scmetro_tsmc_cl013g_rvt_tt_1p2v_25c.lib' \
             -templatedir '/home/synopsys/SpyGlass-L2016.06/SPYGLASS_HOME/auxi/policy_data/spyglass/design_read' \
             --goal_info 'Design_Read@' \
             --template_info 'Design_Read' \
             -projectwdir './spyglass-1' \
             -sdc2sgdc \
             -enable_save_restore \
             -report_incr_messages \
             -enable_save_restore_builtin 'true' \
             -pt=yes \
             -64bit  \
             /home/ICer/Shared_Folder/System/RTL/ALU/ALU.v \
             /home/ICer/Shared_Folder/System/RTL/ASYNC_FIFO/DF_SYNC.v \
             /home/ICer/Shared_Folder/System/RTL/ASYNC_FIFO/FIFO_MEM.v \
             /home/ICer/Shared_Folder/System/RTL/ASYNC_FIFO/FIFO_RD.v \
             /home/ICer/Shared_Folder/System/RTL/ASYNC_FIFO/FIFO_TOP.v \
             /home/ICer/Shared_Folder/System/RTL/ASYNC_FIFO/FIFO_WR.v \
             /home/ICer/Shared_Folder/System/RTL/CLK_GATE/CLK_GATE.v \
             /home/ICer/Shared_Folder/System/RTL/Data_Bus_Sync/Data_Bus_Sync.v \
             /home/ICer/Shared_Folder/System/RTL/I_CLK_DIV/I_CLK_DIV.v \
             /home/ICer/Shared_Folder/System/RTL/Pulse_Gen/pulse_gen.v \
             /home/ICer/Shared_Folder/System/RTL/REG_FILE/Reg_File.v \
             /home/ICer/Shared_Folder/System/RTL/RST_Synchronizer/RST_Sync.v \
             /home/ICer/Shared_Folder/System/RTL/RX_CLK_DIV_MUX/RX_CLK_DIV_MUX.v \
             /home/ICer/Shared_Folder/System/RTL/Sys_Ctrl/Sys_Ctrl.v \
             /home/ICer/Shared_Folder/System/RTL/System_Top/System_Top.v \
             /home/ICer/Shared_Folder/System/RTL/UART_RX/Deserializer.v \
             /home/ICer/Shared_Folder/System/RTL/UART_RX/Edge_Bit_Counter.v \
             /home/ICer/Shared_Folder/System/RTL/UART_RX/Parity_Checker.v \
             /home/ICer/Shared_Folder/System/RTL/UART_RX/Sampler.v \
             /home/ICer/Shared_Folder/System/RTL/UART_RX/Start_Checker.v \
             /home/ICer/Shared_Folder/System/RTL/UART_RX/Stop_Checker.v \
             /home/ICer/Shared_Folder/System/RTL/UART_RX/UART_RX.v \
             /home/ICer/Shared_Folder/System/RTL/UART_RX/UART_RX_FSM.sv \
             /home/ICer/Shared_Folder/System/RTL/UART_TX/MUX_2x1.v \
             /home/ICer/Shared_Folder/System/RTL/UART_TX/MUX_4x1.v \
             /home/ICer/Shared_Folder/System/RTL/UART_TX/UART_Parity.v \
             /home/ICer/Shared_Folder/System/RTL/UART_TX/UART_Serializer.v \
             /home/ICer/Shared_Folder/System/RTL/UART_TX/UART_TX_FSM.sv \
             /home/ICer/Shared_Folder/System/RTL/UART_TX/UART_TX_TOP.v

##verbosity level   : 2
##exact cmdline arg : -batch -project spyglass-1.prj -designread  -64bit
##spyglass_run.csh begins :
;	cd /mnt/hgfs/Shared_Folder/System/System_Lint
;	setenv SPYGLASS_LD_PRELOAD /home/synopsys/SpyGlass-L2016.06/SPYGLASS_HOME/lib/libsgjemalloc-Linux4.so
;	setenv SPYGLASS_DW_PATH /home/synopsys/SpyGlass-L2016.06/SPYGLASS_HOME/dw_support
;	/home/synopsys/SpyGlass-L2016.06/SPYGLASS_HOME/bin/spyglass  -batch -project spyglass-1.prj -designread  -64bit
##spyglass_run.csh ends
##files    : /home/ICer/Shared_Folder/System/RTL/ALU/ALU.v \
             /home/ICer/Shared_Folder/System/RTL/ASYNC_FIFO/DF_SYNC.v \
             /home/ICer/Shared_Folder/System/RTL/ASYNC_FIFO/FIFO_MEM.v \
             /home/ICer/Shared_Folder/System/RTL/ASYNC_FIFO/FIFO_RD.v \
             /home/ICer/Shared_Folder/System/RTL/ASYNC_FIFO/FIFO_TOP.v \
             /home/ICer/Shared_Folder/System/RTL/ASYNC_FIFO/FIFO_WR.v \
             /home/ICer/Shared_Folder/System/RTL/CLK_GATE/CLK_GATE.v \
             /home/ICer/Shared_Folder/System/RTL/Data_Bus_Sync/Data_Bus_Sync.v \
             /home/ICer/Shared_Folder/System/RTL/I_CLK_DIV/I_CLK_DIV.v \
             /home/ICer/Shared_Folder/System/RTL/Pulse_Gen/pulse_gen.v \
             /home/ICer/Shared_Folder/System/RTL/REG_FILE/Reg_File.v \
             /home/ICer/Shared_Folder/System/RTL/RST_Synchronizer/RST_Sync.v \
             /home/ICer/Shared_Folder/System/RTL/RX_CLK_DIV_MUX/RX_CLK_DIV_MUX.v \
             /home/ICer/Shared_Folder/System/RTL/Sys_Ctrl/Sys_Ctrl.v \
             /home/ICer/Shared_Folder/System/RTL/System_Top/System_Top.v \
             /home/ICer/Shared_Folder/System/RTL/UART_RX/Deserializer.v \
             /home/ICer/Shared_Folder/System/RTL/UART_RX/Edge_Bit_Counter.v \
             /home/ICer/Shared_Folder/System/RTL/UART_RX/Parity_Checker.v \
             /home/ICer/Shared_Folder/System/RTL/UART_RX/Sampler.v \
             /home/ICer/Shared_Folder/System/RTL/UART_RX/Start_Checker.v \
             /home/ICer/Shared_Folder/System/RTL/UART_RX/Stop_Checker.v \
             /home/ICer/Shared_Folder/System/RTL/UART_RX/UART_RX.v \
             /home/ICer/Shared_Folder/System/RTL/UART_RX/UART_RX_FSM.sv \
             /home/ICer/Shared_Folder/System/RTL/UART_TX/MUX_2x1.v \
             /home/ICer/Shared_Folder/System/RTL/UART_TX/MUX_4x1.v \
             /home/ICer/Shared_Folder/System/RTL/UART_TX/UART_Parity.v \
             /home/ICer/Shared_Folder/System/RTL/UART_TX/UART_Serializer.v \
             /home/ICer/Shared_Folder/System/RTL/UART_TX/UART_TX_FSM.sv \
             /home/ICer/Shared_Folder/System/RTL/UART_TX/UART_TX_TOP.v

 Reading sgdc file "system.sgdc" ...
Performing unification checks on SGDC... done
Reading specified sglib files(s) ....
   Processing library: 'scmetro_tsmc_cl013g_rvt_tt_1p2v_25c' .... done
Checking Rule AutoGenerateSglib (Rule 1 of total 131) .... done (Time = 0.00s, Memory = 32.0K)

INFO [76]    Using `./spyglass-1/WORK/64' as the Work Directory for 64bit precompiled dump.
Checking Rule ZeroSizeFile (Rule 2 of total 131) .... done (Time = 0.00s, Memory = 7.0K)
Checking Rule PrecompileLibCheck01 (Rule 3 of total 131) .... done (Time = 0.01s, Memory = 0.0K)
Checking Rule PrecompileLibCheck02 (Rule 4 of total 131) .... done (Time = 0.00s, Memory = 0.0K)
Checking Rule PrecompileLibCheck03 (Rule 5 of total 131) .... done (Time = 0.00s, Memory = 0.0K)
Checking Rule PrecompileLibCheck04 (Rule 6 of total 131) .... done (Time = 0.00s, Memory = 0.0K)
Checking Rule ElabSummary (Rule 7 of total 131)##FILEDEBUG[sgOpenFile]: Opening File './spyglass-1/Design_Read/spyglass_reports/SpyGlass/elab_summary.rpt' in "w" mode ...
 .... done (Time = 0.00s, Memory = 4.9K)
Checking Rule ReportSglibVersionSummary (Rule 8 of total 131) .... done (Time = 0.00s, Memory = 0.0K)
Checking Rule SGDC_assume_path01 (Rule 9 of total 131) .... done (Time = 0.00s, Memory = 0.0K)
Checking Rule SGDC_sdcschema02 (Rule 10 of total 131) .... done (Time = 0.00s, Memory = -0.7K)
Checking Rule SGDC_clock05 (Rule 11 of total 131) .... done (Time = 0.00s, Memory = 9.5K)
Checking Rule SGDC_clock09 (Rule 12 of total 131) .... done (Time = 0.00s, Memory = 0.0K)
Checking Rule SGDC_force_ta05 (Rule 13 of total 131) .... done (Time = 0.00s, Memory = 1.3K)
Checking Rule SGDC_require_path03 (Rule 14 of total 131) .... done (Time = 0.00s, Memory = 0.0K)
Checking Rule SGDC_require_value03 (Rule 15 of total 131) .... done (Time = 0.00s, Memory = 0.0K)
Checking Rule SGDC_voltagedomain05 (Rule 16 of total 131) .... done (Time = 0.00s, Memory = 0.0K)
Checking Rule SGDC_voltagedomain06 (Rule 17 of total 131) .... done (Time = 0.00s, Memory = 0.0K)
Checking Rule SGDC_voltagedomain07 (Rule 18 of total 131) .... done (Time = 0.00s, Memory = 15.0K)
Checking Rule SGDC_powerdomainoutputs02 (Rule 19 of total 131) .... done (Time = 0.00s, Memory = 0.0K)
Checking Rule SGDC_supply01 (Rule 20 of total 131) .... done (Time = 0.00s, Memory = 9.6K)
Checking Rule SGDC_waive01 (Rule 21 of total 131) .... done (Time = 0.00s, Memory = 0.0K)
Checking Rule SGDC_waive02 (Rule 22 of total 131) .... done (Time = 0.00s, Memory = 0.0K)
Checking Rule SGDC_waive03 (Rule 23 of total 131) .... done (Time = 0.00s, Memory = 0.0K)
Checking Rule SGDC_waive04 (Rule 24 of total 131) .... done (Time = 0.00s, Memory = 0.0K)
Checking Rule SGDC_waive05 (Rule 25 of total 131) .... done (Time = 0.00s, Memory = 0.0K)
Checking Rule SGDC_waive06 (Rule 26 of total 131) .... done (Time = 0.00s, Memory = 0.0K)
Checking Rule SGDC_waive07 (Rule 27 of total 131) .... done (Time = 0.00s, Memory = 0.0K)
Checking Rule SGDC_waive08 (Rule 28 of total 131) .... done (Time = 0.00s, Memory = 0.0K)
Checking Rule SGDC_waive09 (Rule 29 of total 131) .... done (Time = 0.00s, Memory = 0.0K)
Checking Rule SGDC_waive10 (Rule 30 of total 131) .... done (Time = 0.00s, Memory = 0.0K)
Checking Rule SGDC_waive11 (Rule 31 of total 131) .... done (Time = 0.00s, Memory = 1.6K)
Checking Rule SGDC_waive12 (Rule 32 of total 131) .... done (Time = 0.00s, Memory = 0.0K)
Checking Rule SGDC_waive13 (Rule 33 of total 131) .... done (Time = 0.00s, Memory = 0.0K)
Checking Rule SGDC_waive21 (Rule 34 of total 131) .... done (Time = 0.00s, Memory = -2.3K)
Checking Rule SGDC_waive22 (Rule 35 of total 131) .... done (Time = 0.00s, Memory = 0.0K)
Checking Rule SGDC_waive30 (Rule 36 of total 131) .... done (Time = 0.00s, Memory = 0.0K)
Checking Rule SGDC_waive32 (Rule 37 of total 131) .... done (Time = 0.00s, Memory = 0.0K)
Checking Rule SGDC_waive33 (Rule 38 of total 131) .... done (Time = 0.00s, Memory = 0.0K)
Checking Rule SGDC_waive36 (Rule 39 of total 131) .... done (Time = 0.00s, Memory = 0.0K)
Checking Rule SGDC_waive38 (Rule 40 of total 131) .... done (Time = 0.00s, Memory = 0.0K)
Checking Rule SGDC_fifo01 (Rule 41 of total 131) .... done (Time = 0.00s, Memory = 0.8K)
Checking Rule SGDC_libgroup01 (Rule 42 of total 131) .... done (Time = 0.00s, Memory = 0.0K)
Checking Rule SGDC_libgroup02 (Rule 43 of total 131) .... done (Time = 0.00s, Memory = 0.0K)
Checking Rule SGDC_libgroup04 (Rule 44 of total 131) .... done (Time = 0.00s, Memory = 0.0K)
Checking Rule SGDC_power_data01 (Rule 45 of total 131) .... done (Time = 0.00s, Memory = 15.0K)
Checking Rule SGDC_ungroup01 (Rule 46 of total 131) .... done (Time = 0.00s, Memory = 0.0K)
Checking Rule SGDC_abstract_port06 (Rule 47 of total 131) .... done (Time = 0.00s, Memory = 15.0K)
Checking Rule SGDC_abstract_port14 (Rule 48 of total 131) .... done (Time = 0.00s, Memory = 0.0K)
Checking Rule SGDC_abstract_port15 (Rule 49 of total 131) .... done (Time = 0.00s, Memory = 16.0K)
Checking Rule SGDC_abstract_port18 (Rule 50 of total 131) .... done (Time = 0.00s, Memory = 0.0K)
Checking Rule SDC2SGDC_INFO (Rule 51 of total 131) .... done (Time = 0.00s, Memory = 83.0K)
Checking Rule SDC_ParamSanityCheck (Rule 52 of total 131) .... done (Time = 0.00s, Memory = 0.0K)
Checking Rule SDC_Sanity_Rule (Rule 53 of total 131)SDC-file translator read from path : /home/synopsys/SpyGlass-L2016.06/SPYGLASS_HOME/auxi/sdcparser
 .... done (Time = 0.00s, Memory = -1.1K)
Checking Rule sdc_init_rule (Rule 54 of total 131) .... done (Time = 0.04s, Memory = 62.7K)
Checking Rule CMD_ignorelibs01 (Rule 55 of total 131) .... done (Time = 0.00s, Memory = -32.0K)
Checking Rule ReportRuleNotRun (Rule 56 of total 131) .... done (Time = 0.00s, Memory = 0.0K)
 Reading waiver file "./spyglass-1/Design_Read/spyglass_spysch/waiver/pragma2Waiver.swl" ...
 Reading included SGDC file "./spyglass-1/Design_Read/spyglass_spysch/waiver/pragma2Waiver_varfile.swl" ....
Checking Rule ReportStopSummary (Rule 57 of total 131) .... done (Time = 0.00s, Memory = 0.0K)
Checking Rule ReportIgnoreSummary (Rule 58 of total 131) .... done (Time = 0.00s, Memory = 0.0K)
##SGDEBUG [BENCHMARK_ABSOLUTE]: Restoring NOM started: 2 sec, 519189 KB, 2387124 KB
##SGDEBUG [BENCHMARK_INCR]: Restoring NOM started: 2 sec, 519189 KB, 2387124 KB

INFO [235]    Restoring design database from directory './spyglass-1/.SG_SaveRestoreDB/autogenerated__default_snapshot' ...
              done

##SGDEBUG [BENCHMARK_ABSOLUTE]: Restoring NOM completed: 2 sec, 556344 KB, 2423988 KB
##SGDEBUG [BENCHMARK_INCR]: Restoring NOM completed: 0 sec, 37155 KB, 36864 KB
     (Memory Used = 37146.2K(incr), 556335.3K(tot), Cpu Time = 0.03s(incr))
Checking Rule InferBlackBox (Rule 59 of total 131) .... done (Time = 0.00s, Memory = 0.0K)
##SGDEBUG [BENCHMARK_DATA]: Number of NOM Modules = 32
##SGDEBUG [BENCHMARK_DATA]: Number of NOM Instances = 1146
##SGDEBUG [BENCHMARK_DATA]: Number of NOM Nets = 2214
##SGDEBUG [BENCHMARK_DATA]: Number of NOM Terminals = 6822
##SGDEBUG [BENCHMARK_DATA]: Number of NOM Instances per Module (max and avg) = 236, 35
##SGDEBUG [BENCHMARK_ABSOLUTE]: Restoring SDE Data started: 2 sec, 557959 KB, 2424756 KB
##SGDEBUG [BENCHMARK_INCR]: Restoring SDE Data started: 0 sec, 1615 KB, 768 KB
##SGDEBUG [BENCHMARK_ABSOLUTE]: Restoring SDE Data completed: 2 sec, 557920 KB, 2424756 KB
##SGDEBUG [BENCHMARK_INCR]: Restoring SDE Data completed: 0 sec, -39 KB, 0 KB
     (Memory Used = -114.6K(incr), 557920.9K(tot), Cpu Time = 0.00s(incr))
Checking Rule SGDC_waive37 (Rule 60 of total 131) .... done (Time = 0.00s, Memory = 0.0K)
Checking Rule SGDC_waive24 (Rule 61 of total 131) .... done (Time = 0.00s, Memory = 0.0K)
Checking Rule SGDC_waive25 (Rule 62 of total 131) .... done (Time = 0.00s, Memory = 0.0K)
Checking Rule SGDC_waive31 (Rule 63 of total 131) .... done (Time = 0.00s, Memory = 0.0K)
Checking Rule SGDC_waive35 (Rule 64 of total 131) .... done (Time = 0.00s, Memory = 0.0K)
Checking Rule ReportSglibSummary (Rule 65 of total 131) .... done (Time = 0.00s, Memory = 0.0K)
Checking Rule DetectTopDesignUnits (Rule 66 of total 131) Detected 2 top level design units: 
     System_Top
     MUX_2x1
 .... done (Time = 0.01s, Memory = -51.9K)
Checking Rule GenerateConfMap (Rule 67 of total 131) .... done (Time = 0.00s, Memory = 20.5K)
Checking Rule SDC2SGDCPARSE for module MUX_4x1 (Rule 68 of total 131) .... done (Time = 0.00s, Memory = 0.0K)
Checking Rule SDC2SGDCPARSE for module UART_TX_FSM (Rule 68 of total 131) .... done (Time = 0.00s, Memory = 0.0K)
Checking Rule SDC2SGDCPARSE for module UART_Parity (Rule 68 of total 131) .... done (Time = 0.00s, Memory = 0.0K)
Checking Rule SDC2SGDCPARSE for module UART_Serializer (Rule 68 of total 131) .... done (Time = 0.00s, Memory = 0.0K)
Checking Rule SDC2SGDCPARSE for module UART_TX_TOP (Rule 68 of total 131) .... done (Time = 0.00s, Memory = 0.0K)
Checking Rule SDC2SGDCPARSE for module UART_RX_FSM (Rule 68 of total 131) .... done (Time = 0.00s, Memory = 0.0K)
Checking Rule SDC2SGDCPARSE for module Parity_Checker (Rule 68 of total 131) .... done (Time = 0.00s, Memory = 0.0K)
Checking Rule SDC2SGDCPARSE for module Stop_Checker (Rule 68 of total 131) .... done (Time = 0.00s, Memory = 0.0K)
Checking Rule SDC2SGDCPARSE for module Start_Checker (Rule 68 of total 131) .... done (Time = 0.00s, Memory = 0.0K)
Checking Rule SDC2SGDCPARSE for module Deserializer (Rule 68 of total 131) .... done (Time = 0.00s, Memory = 0.0K)
Checking Rule SDC2SGDCPARSE for module Edge_Bit_Counter (Rule 68 of total 131) .... done (Time = 0.00s, Memory = 0.0K)
Checking Rule SDC2SGDCPARSE for module Sampler (Rule 68 of total 131) .... done (Time = 0.00s, Memory = 0.0K)
Checking Rule SDC2SGDCPARSE for module UART_RX (Rule 68 of total 131) .... done (Time = 0.00s, Memory = 0.0K)
Checking Rule SDC2SGDCPARSE for module Sys_Ctrl (Rule 68 of total 131) .... done (Time = 0.00s, Memory = 0.0K)
Checking Rule SDC2SGDCPARSE for module CLK_GATE (Rule 68 of total 131) .... done (Time = 0.00s, Memory = 0.0K)
Checking Rule SDC2SGDCPARSE for module RST_Sync (Rule 68 of total 131) .... done (Time = 0.00s, Memory = 0.0K)
Checking Rule SDC2SGDCPARSE for module Reg_File (Rule 68 of total 131) .... done (Time = 0.00s, Memory = 0.0K)
Checking Rule SDC2SGDCPARSE for module pulse_gen (Rule 68 of total 131) .... done (Time = 0.00s, Memory = 0.0K)
Checking Rule SDC2SGDCPARSE for module I_CLK_DIV (Rule 68 of total 131) .... done (Time = 0.00s, Memory = 0.0K)
Checking Rule SDC2SGDCPARSE for module I_CLK_DIV (Rule 68 of total 131) .... done (Time = 0.00s, Memory = 0.0K)
Checking Rule SDC2SGDCPARSE for module RX_CLK_DIV_MUX (Rule 68 of total 131) .... done (Time = 0.00s, Memory = 0.0K)
Checking Rule SDC2SGDCPARSE for module Data_Bus_Sync (Rule 68 of total 131) .... done (Time = 0.00s, Memory = 0.0K)
Checking Rule SDC2SGDCPARSE for module DF_SYNC (Rule 68 of total 131) .... done (Time = 0.00s, Memory = 0.0K)
Checking Rule SDC2SGDCPARSE for module FIFO_RD (Rule 68 of total 131) .... done (Time = 0.00s, Memory = 0.0K)
Checking Rule SDC2SGDCPARSE for module FIFO_WR (Rule 68 of total 131) .... done (Time = 0.00s, Memory = 0.0K)
Checking Rule SDC2SGDCPARSE for module FIFO_MEM (Rule 68 of total 131) .... done (Time = 0.00s, Memory = 0.0K)
Checking Rule SDC2SGDCPARSE for module FIFO_TOP (Rule 68 of total 131) .... done (Time = 0.00s, Memory = 0.0K)
Checking Rule SDC2SGDCPARSE for module ALU (Rule 68 of total 131) .... done (Time = 0.00s, Memory = 0.0K)
Checking Rule SDC2SGDCPARSE for module System_Top (Rule 68 of total 131) .... done (Time = 0.00s, Memory = 0.0K)
Checking Rule SDC2SGDCPARSE for module MUX_2x1 (Rule 68 of total 131) .... done (Time = 0.00s, Memory = 0.0K)
Performing semantic checks on SGDC contents
..... SGDC semantic checks completed. (Time = 0.00s, Memory = 3.9K)
Checking Rule SGDC_testmode03 (Rule 69 of total 131) .... done (Time = 0.00s, Memory = 0.0K)
Checking Rule SDC2SGDCPARSE for module MUX_4x1 (Rule 68 of total 131) .... done (Time = 0.00s, Memory = 0.0K)
Checking Rule SDC2SGDCPARSE for module UART_TX_FSM (Rule 68 of total 131) .... done (Time = 0.00s, Memory = 0.0K)
Checking Rule SDC2SGDCPARSE for module UART_Parity (Rule 68 of total 131) .... done (Time = 0.00s, Memory = 0.0K)
Checking Rule SDC2SGDCPARSE for module UART_Serializer (Rule 68 of total 131) .... done (Time = 0.00s, Memory = 0.0K)
Checking Rule SDC2SGDCPARSE for module UART_TX_TOP (Rule 68 of total 131) .... done (Time = 0.00s, Memory = 0.0K)
Checking Rule SDC2SGDCPARSE for module UART_RX_FSM (Rule 68 of total 131) .... done (Time = 0.00s, Memory = 0.0K)
Checking Rule SDC2SGDCPARSE for module Parity_Checker (Rule 68 of total 131) .... done (Time = 0.00s, Memory = 0.0K)
Checking Rule SDC2SGDCPARSE for module Stop_Checker (Rule 68 of total 131) .... done (Time = 0.00s, Memory = 0.0K)
Checking Rule SDC2SGDCPARSE for module Start_Checker (Rule 68 of total 131) .... done (Time = 0.00s, Memory = 0.0K)
Checking Rule SDC2SGDCPARSE for module Deserializer (Rule 68 of total 131) .... done (Time = 0.00s, Memory = 0.0K)
Checking Rule SDC2SGDCPARSE for module Edge_Bit_Counter (Rule 68 of total 131) .... done (Time = 0.00s, Memory = 0.0K)
Checking Rule SDC2SGDCPARSE for module Sampler (Rule 68 of total 131) .... done (Time = 0.00s, Memory = 0.0K)
Checking Rule SDC2SGDCPARSE for module UART_RX (Rule 68 of total 131) .... done (Time = 0.00s, Memory = 0.0K)
Checking Rule SDC2SGDCPARSE for module Sys_Ctrl (Rule 68 of total 131) .... done (Time = 0.00s, Memory = 0.0K)
Checking Rule SDC2SGDCPARSE for module CLK_GATE (Rule 68 of total 131) .... done (Time = 0.00s, Memory = 0.0K)
Checking Rule SDC2SGDCPARSE for module RST_Sync (Rule 68 of total 131) .... done (Time = 0.00s, Memory = 0.0K)
Checking Rule SDC2SGDCPARSE for module Reg_File (Rule 68 of total 131) .... done (Time = 0.00s, Memory = 0.0K)
Checking Rule SDC2SGDCPARSE for module pulse_gen (Rule 68 of total 131) .... done (Time = 0.00s, Memory = 0.0K)
Checking Rule SDC2SGDCPARSE for module I_CLK_DIV (Rule 68 of total 131) .... done (Time = 0.00s, Memory = 0.0K)
Checking Rule SDC2SGDCPARSE for module I_CLK_DIV (Rule 68 of total 131) .... done (Time = 0.00s, Memory = 0.0K)
Checking Rule SDC2SGDCPARSE for module RX_CLK_DIV_MUX (Rule 68 of total 131) .... done (Time = 0.00s, Memory = 0.0K)
Checking Rule SDC2SGDCPARSE for module Data_Bus_Sync (Rule 68 of total 131) .... done (Time = 0.00s, Memory = 0.0K)
Checking Rule SDC2SGDCPARSE for module DF_SYNC (Rule 68 of total 131) .... done (Time = 0.00s, Memory = 0.0K)
Checking Rule SDC2SGDCPARSE for module FIFO_RD (Rule 68 of total 131) .... done (Time = 0.00s, Memory = 0.0K)
Checking Rule SDC2SGDCPARSE for module FIFO_WR (Rule 68 of total 131) .... done (Time = 0.00s, Memory = 0.0K)
Checking Rule SDC2SGDCPARSE for module FIFO_MEM (Rule 68 of total 131) .... done (Time = 0.00s, Memory = 0.0K)
Checking Rule SDC2SGDCPARSE for module FIFO_TOP (Rule 68 of total 131) .... done (Time = 0.00s, Memory = 0.0K)
Checking Rule SDC2SGDCPARSE for module ALU (Rule 68 of total 131) .... done (Time = 0.00s, Memory = 0.0K)
Checking Rule SDC2SGDCPARSE for module System_Top (Rule 68 of total 131) .... done (Time = 0.00s, Memory = 0.0K)
Checking Rule SDC2SGDCPARSE for module MUX_2x1 (Rule 68 of total 131) .... done (Time = 0.00s, Memory = 0.0K)
Checking Rule CheckCelldefine (Rule 70 of total 131) .... done (Time = 0.00s, Memory = 0.0K)
Checking Rule checkSGDC_01 (Rule 71 of total 131) .... done (Time = 0.00s, Memory = 0.2K)
Checking Rule checkSGDC_03 (Rule 72 of total 131) .... done (Time = 0.01s, Memory = 0.0K)
Checking Rule checkSGDC_08 (Rule 73 of total 131) .... done (Time = 0.00s, Memory = 0.4K)
Checking Rule SGDC_memorywritepin04 (Rule 74 of total 131) .... done (Time = 0.00s, Memory = 15.0K)
Checking Rule SGDC_reset02 (Rule 75 of total 131) .... done (Time = 0.00s, Memory = 16.2K)
Checking Rule SGDC_reset03 (Rule 76 of total 131) .... done (Time = 0.00s, Memory = 0.0K)
Checking Rule SGDC_waive23 (Rule 77 of total 131) .... done (Time = 0.00s, Memory = 0.0K)
Checking Rule SGDC_waive26 (Rule 78 of total 131) .... done (Time = 0.00s, Memory = 0.5K)
Checking Rule SGDC_waive27 (Rule 79 of total 131) .... done (Time = 0.00s, Memory = -32.0K)
Checking Rule SGDC_waive29 (Rule 80 of total 131) .... done (Time = 0.00s, Memory = 15.0K)
Checking Rule SGDC_libgroup03 (Rule 81 of total 131) .... done (Time = 0.00s, Memory = 0.0K)
Checking Rule SGDC_ungroup02 (Rule 82 of total 131) .... done (Time = 0.00s, Memory = 0.0K)
Checking Rule _abstractPortSGDC (Rule 83 of total 131) .... done (Time = 0.00s, Memory = 0.2K)
Checking Rule SGDC_abstract_port03 (Rule 84 of total 131) .... done (Time = 0.00s, Memory = -34.0K)
Checking Rule SGDC_abstract_port04 (Rule 85 of total 131) .... done (Time = 0.00s, Memory = 0.0K)
Checking Rule SGDC_abstract_port05 (Rule 86 of total 131) .... done (Time = 0.00s, Memory = 1.9K)
Checking Rule SGDC_abstract_port07 (Rule 87 of total 131) .... done (Time = 0.00s, Memory = 0.0K)
Checking Rule SGDC_abstract_port08 (Rule 88 of total 131) .... done (Time = 0.00s, Memory = 0.0K)
Checking Rule SGDC_abstract_port10 (Rule 89 of total 131) .... done (Time = 0.00s, Memory = 0.0K)
Checking Rule SGDC_abstract_port11 (Rule 90 of total 131) .... done (Time = 0.00s, Memory = 0.0K)
Checking Rule SGDC_abstract_port12 (Rule 91 of total 131) .... done (Time = 0.00s, Memory = 0.0K)
Checking Rule SGDC_abstract_port13 (Rule 92 of total 131) .... done (Time = 0.00s, Memory = 0.0K)
Checking Rule SGDC_sdcschema01 (Rule 93 of total 131) .... done (Time = 0.00s, Memory = 0.0K)
Checking Rule ReportUngroup (Rule 94 of total 131) .... done (Time = 0.00s, Memory = 0.0K)
Checking Rule SGDC_abstract_port21 (Rule 95 of total 131) .... done (Time = 0.00s, Memory = 0.0K)
Checking Rule SDC2SGDC_WRN01 (Rule 96 of total 131) .... done (Time = 0.00s, Memory = 0.0K)
Checking Rule SDC2SGDC_STX01 (Rule 97 of total 131) .... done (Time = 0.00s, Memory = 0.0K)
##SGDEBUG [BENCHMARK_ABSOLUTE]: VS rule checking finished...: 2 sec, 561702 KB, 2427828 KB
##SGDEBUG [BENCHMARK_INCR]: VS rule checking finished...: 0 sec, 3782 KB, 3072 KB
##SGDEBUG [BENCHMARK_ABSOLUTE]: Flattening started: 2 sec, 563154 KB, 2429108 KB
##SGDEBUG [BENCHMARK_INCR]: Flattening started: 0 sec, 1452 KB, 1280 KB
 Flattening System_Top ....
     (Memory Used = 1719.8K(incr), 564874.2K(tot), Cpu Time = 0.01s(incr))
 Flattening completed
##SGDEBUG [BENCHMARK_DATA]: Number of Flat Instances = 1128
##SGDEBUG [BENCHMARK_DATA]: Number of Flat Nets = 1582
##SGDEBUG [BENCHMARK_DATA]: Number of Flat Terms = 6026
##SGDEBUG [BENCHMARK_DATA]: Number of Flat Paths = 31
##SGDEBUG [BENCHMARK_DATA]: Number of Flat Ports = 6
##SGDEBUG [BENCHMARK_DATA]: Number of Black-Box Instances = 0
##SGDEBUG [BENCHMARK_DATA]: Number of Lib Instances = 1
##SGDEBUG [BENCHMARK_DATA]: Number of ILM Instances = 0
##SGDEBUG [BENCHMARK_ABSOLUTE]: Flattening finished: 3 sec, 564896 KB, 2430388 KB
##SGDEBUG [BENCHMARK_INCR]: Flattening finished: 1 sec, 1742 KB, 1280 KB
Checking Rule Domain_Conflict01 (Rule 98 of total 131) .... done (Time = 0.00s, Memory = 0.0K)
Checking Rule Domain_Matrix01 (Rule 99 of total 131) .... done (Time = 0.00s, Memory = 0.0K)
Checking Rule Domain_Missing01 (Rule 100 of total 131) .... done (Time = 0.00s, Memory = 0.0K)
Checking Rule SDC_Mapping01 (Rule 101 of total 131) .... done (Time = 0.00s, Memory = 0.0K)
Checking Rule SDC2SGDCPARSEW (Rule 102 of total 131)
AtrDomain: Inferring Clock Domains...CLOCK_STA mode..Done. (Time Taken=0s)
AtrDomain: Generating Clock Domain Reports...Done. (Time Taken=0s)
 .... done (Time = 0.04s, Memory = 25.9K)
##SGDEBUG [BENCHMARK_ABSOLUTE]: Flattening started: 3 sec, 566435 KB, 2431932 KB
##SGDEBUG [BENCHMARK_INCR]: Flattening started: 0 sec, 1539 KB, 1544 KB
 Flattening MUX_2x1 (.lib instances separately flattened) ....
     (Memory Used = -22.3K(incr), 566445.3K(tot), Cpu Time = 0.01s(incr))
 Flattening completed
##SGDEBUG [BENCHMARK_DATA]: Number of Flat Instances = 1
##SGDEBUG [BENCHMARK_DATA]: Number of Flat Nets = 4
##SGDEBUG [BENCHMARK_DATA]: Number of Flat Terms = 4
##SGDEBUG [BENCHMARK_DATA]: Number of Flat Paths = 1
##SGDEBUG [BENCHMARK_DATA]: Number of Flat Ports = 4
##SGDEBUG [BENCHMARK_DATA]: Number of Black-Box Instances = 0
##SGDEBUG [BENCHMARK_DATA]: Number of Lib Instances = 0
##SGDEBUG [BENCHMARK_DATA]: Number of ILM Instances = 0
##SGDEBUG [BENCHMARK_ABSOLUTE]: Flattening finished: 3 sec, 566469 KB, 2431932 KB
##SGDEBUG [BENCHMARK_INCR]: Flattening finished: 0 sec, 34 KB, 0 KB
Checking Rule AnalyzeBBox (Rule 103 of total 131) .... done (Time = 0.00s, Memory = -5.1K)
Checking Rule ReportCheckDataSummary (Rule 104 of total 131) .... done (Time = 0.00s, Memory = 0.4K)

Applying user specified and internally generated waivers on violation database .... done (Time = 0.04s)

Generating Incremental View  ....

Generating data for Console...
##SGDEBUG [PEAK_MEMORY]: 2437308 KB for entire run at 'just before destroying nvn arrays in flattener' stage
##SGDEBUG [VMPEAK_MEMORY]: 2931736 KB for entire run
##SGDEBUG [BENCHMARK_ABSOLUTE]: Rule checking finished: 3 sec, 564513 KB, 2431384 KB
##SGDEBUG [BENCHMARK_INCR]: Rule checking finished: 0 sec, -1956 KB, -548 KB


=====================================================================================
							Rule Parameter Table
=====================================================================================

	PARAMETER-NAME                                     VALUE
-------------------------------------------------------------------------------------
	-allow_clock_on_output_port                        no
	-assign_domain_conflict_clocks                     yes
	-check_clock_group_violations                      no
	-chip                                              unspecified
	-debug_proc                                        no
	-force_genclk_for_txv                              no
	-library_gen_clock_naming                          yes
	-netlist_clock_polarity                            yes
	-populate_comboelements_for_minmax_in_fromto       no
	-preserve_path                                     no
	-pt                                                yes
	-show_all_sdc_violations                           no
	-show_sdc_progress                                 no
	-suppress_sdc_violation_in_abstract                no
	-tc_disable_caching                                no
	-tc_stop_parsing_ignored_commands                  no
	-truncate_through                                  yes
	-use_hier_sep_slash                                no
	-write_sdc                                         no
=====================================================================================



=====================================================================================
                               Rule Status Table

 RULE-NAME                      POLICY-NAME     ENABLED VIOL-CNT RULE-TYPE   ERROR-MSG         
=====================================================================================
 SDC_Mapping01                  SpyGlass        Yes            1 FLATBLOCKDU    -               
 Domain_Matrix01                SpyGlass        Yes            1 FLATBLOCKDU    -               
 SDC2SGDC_INFO                  SpyGlass        Yes            1 SETUP          -               
 checkSGDC_03                   SpyGlass        Yes            1 VSDULIST       -               
 ElabSummary                    SpyGlass        Yes            1 SETUP          -               
 DetectTopDesignUnits           SpyGlass        Yes            2 SETUP          -               
-------------------------------------------------------------------------------------
Note: VSDU type of rules (as seen in the above table) are not run on
      unsynthesized modules reported by 'ErrorAnalyzeBBox/InfoAnalyzeBBox' messages
      (Please see messages starting with keyword 'UnsynthesizedDU')

##status : SpyGlass Rule Checking Complete.

---------------------------------------------------------------------------------------------
Results Summary:
---------------------------------------------------------------------------------------------
   Goal Run           :      Design_Read
   Command-line read  :      0 error,      0 warning,      0 information message 
   Design Read        :      0 error,      0 warning,      6 information messages
      Found 2 top modules:
         System_Top   (file: /home/ICer/Shared_Folder/System/RTL/System_Top/System_Top.v)
         MUX_2x1      (file: /home/ICer/Shared_Folder/System/RTL/UART_TX/MUX_2x1.v)

   Blackbox Resolution:      0 error,      0 warning,      0 information message 
   SGDC Checks        :      0 error,      1 warning,      0 information message 
   -------------------------------------------------------------------------------------
   Total              :      0 error,      1 warning,      6 information messages

  Total Number of Generated Messages        :         7 (0 error, 1 warning, 6 Infos)
  Number of Reported Messages (New)         :         0 (0 error, 0 warning, 0 Info)
  Number of Reported Messages (PreExisting) :         7 (0 error, 1 warning, 6 Infos)
  Number of Reported Messages (Fixed)       :         2

---------------------------------------------------------------------------------------------



SpyGlass Rule Checking Complete.

Generating moresimple report from './spyglass-1/Design_Read/spyglass.vdb' to './spyglass-1/Design_Read/spyglass_reports/moresimple.rpt' ....

Generating runsummary report from './spyglass-1/Design_Read/spyglass.vdb' ....

Generating no_msg_reporting_rules report from './spyglass-1/Design_Read/spyglass.vdb' to './spyglass-1/Design_Read/spyglass_reports/no_msg_reporting_rules.rpt' ....

Policy specific data (reports) are present in the directory './spyglass-1/Design_Read/spyglass_reports'.

SpyGlass critical reports for the current run are present in directory './spyglass-1/consolidated_reports/Design_Read/'.

SpyGlass Exit Code 0 (Rule-checking completed with warnings)
SpyGlass total run-time is 0:0:5 (5 secs)
SpyGlass run completed at 09:02:04 PM on Sep 27 2026
