#@ # 
#@ # Running fm_shell Version L-2016.03-SP1 for linux64 -- Apr 13, 2016
#@ # Date:   Wed Sep 30 02:24:01 2026
#@ # Run by: ICer@IC_EDA
#@ 

source /home/synopsys/Formality2016/admin/setup/.synopsys_fm.setup
#@ # -- Starting source /home/synopsys/Formality2016/admin/setup/.synopsys_fm.setup

#@ #
#@ # .synopsys_fm.setup: Initialization File for Formality
#@ #
#@ 
#@ 
#@ #
#@ # Enable stack trace output on fatal.  Not available for all architectures.
#@ #
#@ if { $sh_arch == "sparc" || $sh_arch == "sparcOS5" ||      $sh_arch == "hp700" || $sh_arch == "hpux10" } {
#@   set_unix_variable SYNOPSYS_TRACE ""
#@ }
#@ 
#@ #
#@ # Variable settings
#@ #
#@ set sh_new_variable_message true
#@ 
#@ #
#@ # Synopsys strongly recommends that you uncomment the following command
#@ # in order to set sh_command_abbrev_mode to the value "Command-Line-Only".
#@ # Command abbreviation is intended as an interactive convenience.  Using
#@ # abbreviations in scripts can cause commands to fail in subsequent releases.
#@ # 
#@ #set sh_command_abbrev_mode "Command-Line-Only"
#@ 
#@ #
#@ # Some useful aliases
#@ #
#@ alias list_commands		help
#@ 
#@ #
#@ # The alias of q to quit is commented out.  Remove the comment 
#@ # character if you want this alias.  Some users find that having 
#@ # this particular alias causes problems when mixed with page-mode
#@ # for reports - an accidental repeated 'q' not only cancels the
#@ # output but exits the tool.
#@ #
#@ #alias q quit
#@ # -- End source /home/synopsys/Formality2016/admin/setup/.synopsys_fm.setup

source -echo -verbose syn_fm_script.tcl
#@ # -- Starting source syn_fm_script.tcl

#@ 
#@ ########################### Define Top Module ############################
#@ 
#@ set top_module System_Top
#@ 
#@ ######################### Formality Setup File ###########################
#@ 
#@ set synopsys_auto_setup true
#@ 
#@ set_svf "../../../Synthesis/$top_module.svf"
#@ 
#@ 
#@ set SSLIB "/home/ICer/tsmc_fb_cl013g_sc/aci/sc-m/synopsys/scmetro_tsmc_cl013g_rvt_ss_1p08v_125c.db"
#@ set TTLIB "/home/ICer/tsmc_fb_cl013g_sc/aci/sc-m/synopsys/scmetro_tsmc_cl013g_rvt_tt_1p2v_25c.db"
#@ set FFLIB "/home/ICer/tsmc_fb_cl013g_sc/aci/sc-m/synopsys/scmetro_tsmc_cl013g_rvt_ff_1p32v_m40c.db"
#@ 
#@ ###################################################################
#@ ###################### Reference Container ########################
#@ ###################################################################
#@ 
#@ # Read Reference Design Verilog Files
#@ read_sverilog -container Ref -f system.lst
#@ 
#@ 
#@ # Read Reference technology libraries
#@ read_db -container Ref [list $SSLIB $TTLIB $FFLIB]
#@ 
#@ 
#@ # set the top Reference Design 
#@ set_reference_design $top_module
#@ set_top $top_module
#@ 
#@ 
#@ ######################## Implementation Container #########################
#@ 
#@ # Read Implementation Design Files
#@ read_verilog -container Imp /home/ICer/Shared_Folder/System/dft/System_Netlist.v
#@ 
#@ # Read Implementation technology libraries
#@ read_db -container Imp [list $SSLIB $TTLIB $FFLIB]
#@ 
#@ 
#@ # set the top Implementation Design
#@ set_implementation_design $top_module
#@ set_top $top_module
#@ 
#@ ## matching Compare points
#@ match
#@ 
#@ ## verify
#@ set successful [verify]
#@ if {!$successful} {
#@ diagnose
#@ analyze_points -failing
#@ }
#@ 
#@ report_passing_points > "reports/passing_points.rpt"
#@ report_failing_points > "reports/failing_points.rpt"
#@ report_aborted_points > "reports/aborted_points.rpt"
#@ report_unverified_points > "reports/unverified_points.rpt"
#@ 
#@ 
#@ start_gui
#@ # -- End source syn_fm_script.tcl

