Info:  Net Ref:/WORK/System_Top/SO[3] is undriven.
Info:  Net Ref:/WORK/System_Top/SO[2] is undriven.
Info:  Net Ref:/WORK/System_Top/SO[1] is undriven.
Info:  Net Ref:/WORK/System_Top/SO[0] is undriven.
Info:  Net Imp:/WORK/ALU_WIDTH8_DW_div_uns_0/remainder[7] is undriven.
Info:  Net Imp:/WORK/ALU_WIDTH8_DW_div_uns_0/remainder[6] is undriven.
Info:  Net Imp:/WORK/ALU_WIDTH8_DW_div_uns_0/remainder[5] is undriven.
Info:  Net Imp:/WORK/ALU_WIDTH8_DW_div_uns_0/remainder[4] is undriven.
Info:  Net Imp:/WORK/ALU_WIDTH8_DW_div_uns_0/remainder[3] is undriven.
Info:  Net Imp:/WORK/ALU_WIDTH8_DW_div_uns_0/remainder[2] is undriven.
Info:  Net Imp:/WORK/ALU_WIDTH8_DW_div_uns_0/remainder[1] is undriven.
Info:  Net Imp:/WORK/ALU_WIDTH8_DW_div_uns_0/remainder[0] is undriven.
Info:  Net Imp:/WORK/ALU_WIDTH8_DW_div_uns_0/divide_by_0 is undriven.
Info:  Net Imp:/WORK/ALU_WIDTH8_DW01_sub_0/CO is undriven.
Info:  Net Imp:/WORK/ALU_WIDTH8_DW01_add_0/CO is undriven.
Info:  Net Imp:/WORK/ALU_WIDTH8_DW01_add_1/CO is undriven.
Info:  guide_uniquify 101 (Line: 718)  Cannot find object "u_uart_rst_mux/U1" in design 'System_Top'.
Info:  SVF Operation 101 (Line: 718) - uniquify.  Status: rejected
Info:  guide_uniquify 101 (Line: 718)  Cannot find object "u_ref_rst_mux/U1" in design 'System_Top'.
Info:  guide_uniquify 101 (Line: 718)  Cannot find object "u_rst_mux/U1" in design 'System_Top'.
Info:  guide_uniquify 101 (Line: 718)  Cannot find object "u_rx_clk_mux/U1" in design 'System_Top'.
Info:  guide_uniquify 101 (Line: 718)  Cannot find object "u_tx_clk_mux/U1" in design 'System_Top'.
Info:  guide_uniquify 101 (Line: 718)  Cannot find object "u_uart_clk_mux/U1" in design 'System_Top'.
Info:  guide_uniquify 101 (Line: 718)  Cannot find object "u_alu_clk_mux/U1" in design 'System_Top'.
Info:  guide_uniquify 101 (Line: 718)  Cannot find object "u_ref_clk_mux/U1" in design 'System_Top'.
Info:  guide_uniquify 109 (Line: 771)  Cannot find object "u_ALU/dp_cluster_0/mult_27" in design 'System_Top'.
Info:  Pre-verification of Ref:/WORK/ALU_WIDTH8/div_37 SUCCEEDED.
Info:  Pre-verification of Ref:/WORK/ALU_WIDTH8/mult_27 SUCCEEDED.
