
                           Design Compiler Graphical 
                                 DC Ultra (TM)
                                  DFTMAX (TM)
                              Power Compiler (TM)
                                 DesignWare (R)
                                 DC Expert (TM)
                               Design Vision (TM)
                               HDL Compiler (TM)
                               VHDL Compiler (TM)
                                  DFT Compiler
                               Design Compiler(R)

               Version O-2018.06-SP1 for linux64 - Jul 19, 2018 

                    Copyright (c) 1988 - 2018 Synopsys, Inc.
   This software and the associated documentation are proprietary to Synopsys,
 Inc. This software may only be used in accordance with the terms and conditions
 of a written license agreement with Synopsys, Inc. All other use, reproduction,
            or distribution of this software is strictly prohibited.
Initializing...
Initializing gui preferences from file  /home/ICer/.synopsys_dv_prefs.tcl
########################### Define Top Module ############################
set top_module System_Top
System_Top
##################### Define Working Library Directory ######################
define_design_lib work -path ./work
1
############################# Formality Setup File ##########################
set_svf $top_module.svf
1
################## Design Compiler Library Files #setup ######################
puts "###########################################"
###########################################
puts "#      #setting Design Libraries          #"
#      #setting Design Libraries          #
puts "###########################################"
###########################################
#Add the path of the libraries to the search_path variable
lappend search_path /home/ICer/tsmc_fb_cl013g_sc/aci/sc-m/synopsys
. /home/synopsys/syn/O-2018.06-SP1/libraries/syn /home/synopsys/syn/O-2018.06-SP1/minpower/syn /home/synopsys/syn/O-2018.06-SP1/dw/syn_ver /home/synopsys/syn/O-2018.06-SP1/dw/sim_ver /home/ICer/tsmc_fb_cl013g_sc/aci/sc-m/synopsys
set SSLIB "scmetro_tsmc_cl013g_rvt_ss_1p08v_125c.db"
scmetro_tsmc_cl013g_rvt_ss_1p08v_125c.db
set TTLIB "scmetro_tsmc_cl013g_rvt_tt_1p2v_25c.db"
scmetro_tsmc_cl013g_rvt_tt_1p2v_25c.db
set FFLIB "scmetro_tsmc_cl013g_rvt_ff_1p32v_m40c.db"
scmetro_tsmc_cl013g_rvt_ff_1p32v_m40c.db
## Standard Cell libraries 
set target_library [list $SSLIB $TTLIB $FFLIB]
scmetro_tsmc_cl013g_rvt_ss_1p08v_125c.db scmetro_tsmc_cl013g_rvt_tt_1p2v_25c.db scmetro_tsmc_cl013g_rvt_ff_1p32v_m40c.db
## Standard Cell & Hard Macros libraries 
set link_library [list * $SSLIB $TTLIB $FFLIB]  
* scmetro_tsmc_cl013g_rvt_ss_1p08v_125c.db scmetro_tsmc_cl013g_rvt_tt_1p2v_25c.db scmetro_tsmc_cl013g_rvt_ff_1p32v_m40c.db
######################## Reading RTL Files #################################
puts "###########################################"
###########################################
puts "#             Reading RTL Files           #"
#             Reading RTL Files           #
puts "###########################################"
###########################################
set file_format sverilog
sverilog
set fh [open system.lst r+]
file11
set rtl [read $fh]
../RTL/ALU/ALU.v
../RTL/ASYNC_FIFO/DF_SYNC.v
../RTL/ASYNC_FIFO/FIFO_MEM.v
../RTL/ASYNC_FIFO/FIFO_RD.v
../RTL/ASYNC_FIFO/FIFO_TOP.v
../RTL/ASYNC_FIFO/FIFO_WR.v
../RTL/CLK_GATE/CLK_GATE.v
../RTL/Data_Bus_Sync/Data_Bus_Sync.v
../RTL/I_CLK_DIV/I_CLK_DIV.v
../RTL/Pulse_Gen/pulse_gen.v
../RTL/REG_FILE/Reg_File.v
../RTL/RST_Synchronizer/RST_Sync.v
../RTL/RX_CLK_DIV_MUX/RX_CLK_DIV_MUX.v
../RTL/Sys_Ctrl/Sys_Ctrl.v
../RTL/System_Top/System_Top.v
../RTL/UART/UART_RX/Deserializer.v
../RTL/UART/UART_RX/Edge_Bit_Counter.v
../RTL/UART/UART_RX/Parity_Checker.v
../RTL/UART/UART_RX/Sampler.v
../RTL/UART/UART_RX/Start_Checker.v
../RTL/UART/UART_RX/Stop_Checker.v
../RTL/UART/UART_RX/UART_RX.v
../RTL/UART/UART_RX/UART_RX_FSM.sv
../RTL/Scan_Mux/MUX_2x1.v
../RTL/UART/UART_TX/MUX_4x1.v
../RTL/UART/UART_TX/UART_Parity.v
../RTL/UART/UART_TX/UART_Serializer.v
../RTL/UART/UART_TX/UART_TX_FSM.sv
../RTL/UART/UART_TX/UART_TX_TOP.v
../RTL/UART/UART_TOP/UART.v

set designs ""
regsub -all "\n" $rtl " " designs
30
analyze -format $file_format $designs
Running PRESTO HDLC
Compiling source file ../RTL/ALU/ALU.v
Compiling source file ../RTL/ASYNC_FIFO/DF_SYNC.v
Compiling source file ../RTL/ASYNC_FIFO/FIFO_MEM.v
Compiling source file ../RTL/ASYNC_FIFO/FIFO_RD.v
Compiling source file ../RTL/ASYNC_FIFO/FIFO_TOP.v
Compiling source file ../RTL/ASYNC_FIFO/FIFO_WR.v
Compiling source file ../RTL/CLK_GATE/CLK_GATE.v
Compiling source file ../RTL/Data_Bus_Sync/Data_Bus_Sync.v
Compiling source file ../RTL/I_CLK_DIV/I_CLK_DIV.v
Compiling source file ../RTL/Pulse_Gen/pulse_gen.v
Compiling source file ../RTL/REG_FILE/Reg_File.v
Compiling source file ../RTL/RST_Synchronizer/RST_Sync.v
Compiling source file ../RTL/RX_CLK_DIV_MUX/RX_CLK_DIV_MUX.v
Compiling source file ../RTL/Sys_Ctrl/Sys_Ctrl.v
Compiling source file ../RTL/System_Top/System_Top.v
Compiling source file ../RTL/UART/UART_RX/Deserializer.v
Compiling source file ../RTL/UART/UART_RX/Edge_Bit_Counter.v
Compiling source file ../RTL/UART/UART_RX/Parity_Checker.v
Compiling source file ../RTL/UART/UART_RX/Sampler.v
Compiling source file ../RTL/UART/UART_RX/Start_Checker.v
Compiling source file ../RTL/UART/UART_RX/Stop_Checker.v
Compiling source file ../RTL/UART/UART_RX/UART_RX.v
Compiling source file ../RTL/UART/UART_RX/UART_RX_FSM.sv
Compiling source file ../RTL/Scan_Mux/MUX_2x1.v
Compiling source file ../RTL/UART/UART_TX/MUX_4x1.v
Compiling source file ../RTL/UART/UART_TX/UART_Parity.v
Compiling source file ../RTL/UART/UART_TX/UART_Serializer.v
Compiling source file ../RTL/UART/UART_TX/UART_TX_FSM.sv
Compiling source file ../RTL/UART/UART_TX/UART_TX_TOP.v
Compiling source file ../RTL/UART/UART_TOP/UART.v
Presto compilation completed successfully.
Loading db file '/home/ICer/tsmc_fb_cl013g_sc/aci/sc-m/synopsys/scmetro_tsmc_cl013g_rvt_ss_1p08v_125c.db'
Loading db file '/home/ICer/tsmc_fb_cl013g_sc/aci/sc-m/synopsys/scmetro_tsmc_cl013g_rvt_tt_1p2v_25c.db'
Loading db file '/home/ICer/tsmc_fb_cl013g_sc/aci/sc-m/synopsys/scmetro_tsmc_cl013g_rvt_ff_1p32v_m40c.db'
1
elaborate -lib work $top_module
Loading db file '/home/synopsys/syn/O-2018.06-SP1/libraries/syn/gtech.db'
Loading db file '/home/synopsys/syn/O-2018.06-SP1/libraries/syn/standard.sldb'
  Loading link library 'scmetro_tsmc_cl013g_rvt_ss_1p08v_125c'
  Loading link library 'scmetro_tsmc_cl013g_rvt_tt_1p2v_25c'
  Loading link library 'scmetro_tsmc_cl013g_rvt_ff_1p32v_m40c'
  Loading link library 'gtech'
Running PRESTO HDLC
Presto compilation completed successfully.
Elaborated 1 design.
Current design is now 'System_Top'.
Information: Building the design 'MUX_2x1'. (HDL-193)
Presto compilation completed successfully.
Information: Building the design 'ALU' instantiated from design 'System_Top' with
	the parameters "WIDTH=8". (HDL-193)

Statistics for case statements in always block at line 11 in file
	'../RTL/ALU/ALU.v'
===============================================
|           Line           |  full/ parallel  |
===============================================
|            16            |    auto/auto     |
===============================================

Inferred memory devices in process
	in routine ALU_WIDTH8 line 98 in file
		'../RTL/ALU/ALU.v'.
===============================================================================
|    Register Name    |   Type    | Width | Bus | MB | AR | AS | SR | SS | ST |
===============================================================================
|    OUT_VALID_reg    | Flip-flop |   1   |  N  | N  | Y  | N  | N  | N  | N  |
|     ALU_OUT_reg     | Flip-flop |  16   |  Y  | N  | Y  | N  | N  | N  | N  |
===============================================================================
Presto compilation completed successfully.
Information: Building the design 'FIFO_TOP' instantiated from design 'System_Top' with
	the parameters "DATA_WIDTH=8,DEPTH=8". (HDL-193)
Presto compilation completed successfully.
Information: Building the design 'Data_Bus_Sync' instantiated from design 'System_Top' with
	the parameters "DATA_WIDTH=8,Sync_Legnth=2". (HDL-193)

Inferred memory devices in process
	in routine Data_Bus_Sync_DATA_WIDTH8_Sync_Legnth2 line 17 in file
		'../RTL/Data_Bus_Sync/Data_Bus_Sync.v'.
===============================================================================
|    Register Name    |   Type    | Width | Bus | MB | AR | AS | SR | SS | ST |
===============================================================================
| Bit_Syncronizer_reg | Flip-flop |   2   |  Y  | N  | Y  | N  | N  | N  | N  |
===============================================================================

Inferred memory devices in process
	in routine Data_Bus_Sync_DATA_WIDTH8_Sync_Legnth2 line 30 in file
		'../RTL/Data_Bus_Sync/Data_Bus_Sync.v'.
===============================================================================
|    Register Name    |   Type    | Width | Bus | MB | AR | AS | SR | SS | ST |
===============================================================================
|  enable_pulse_reg   | Flip-flop |   1   |  N  | N  | Y  | N  | N  | N  | N  |
|   enable_Reg_reg    | Flip-flop |   1   |  N  | N  | Y  | N  | N  | N  | N  |
===============================================================================

Inferred memory devices in process
	in routine Data_Bus_Sync_DATA_WIDTH8_Sync_Legnth2 line 43 in file
		'../RTL/Data_Bus_Sync/Data_Bus_Sync.v'.
===============================================================================
|    Register Name    |   Type    | Width | Bus | MB | AR | AS | SR | SS | ST |
===============================================================================
|    Sync_bus_reg     | Flip-flop |   8   |  Y  | N  | Y  | N  | N  | N  | N  |
===============================================================================
Presto compilation completed successfully.
Information: Building the design 'RX_CLK_DIV_MUX'. (HDL-193)

Statistics for case statements in always block at line 6 in file
	'../RTL/RX_CLK_DIV_MUX/RX_CLK_DIV_MUX.v'
===============================================
|           Line           |  full/ parallel  |
===============================================
|            8             |    auto/auto     |
===============================================
Presto compilation completed successfully.
Information: Building the design 'I_CLK_DIV' instantiated from design 'System_Top' with
	the parameters "DIV_RATIO_WIDTH=8". (HDL-193)

Inferred memory devices in process
	in routine I_CLK_DIV_DIV_RATIO_WIDTH8 line 14 in file
		'../RTL/I_CLK_DIV/I_CLK_DIV.v'.
===============================================================================
|    Register Name    |   Type    | Width | Bus | MB | AR | AS | SR | SS | ST |
===============================================================================
|   DIVIDED_CLK_reg   | Flip-flop |   1   |  N  | N  | Y  | N  | N  | N  | N  |
|     COUNTER_reg     | Flip-flop |   8   |  Y  | N  | Y  | N  | N  | N  | N  |
===============================================================================
Presto compilation completed successfully.
Information: Building the design 'I_CLK_DIV' instantiated from design 'System_Top' with
	the parameters "DIV_RATIO_WIDTH=3". (HDL-193)

Inferred memory devices in process
	in routine I_CLK_DIV_DIV_RATIO_WIDTH3 line 14 in file
		'../RTL/I_CLK_DIV/I_CLK_DIV.v'.
===============================================================================
|    Register Name    |   Type    | Width | Bus | MB | AR | AS | SR | SS | ST |
===============================================================================
|   DIVIDED_CLK_reg   | Flip-flop |   1   |  N  | N  | Y  | N  | N  | N  | N  |
|     COUNTER_reg     | Flip-flop |   3   |  Y  | N  | Y  | N  | N  | N  | N  |
===============================================================================
Presto compilation completed successfully.
Information: Building the design 'pulse_gen'. (HDL-193)

Inferred memory devices in process
	in routine pulse_gen line 10 in file
		'../RTL/Pulse_Gen/pulse_gen.v'.
===============================================================================
|    Register Name    |   Type    | Width | Bus | MB | AR | AS | SR | SS | ST |
===============================================================================
|  enable_pulse_reg   | Flip-flop |   1   |  N  | N  | Y  | N  | N  | N  | N  |
|   Signal_reg_reg    | Flip-flop |   1   |  N  | N  | Y  | N  | N  | N  | N  |
===============================================================================
Presto compilation completed successfully.
Information: Building the design 'Reg_File' instantiated from design 'System_Top' with
	the parameters "WIDTH=8,ADD_WIDTH=4,DEPTH=16". (HDL-193)

Inferred memory devices in process
	in routine Reg_File_WIDTH8_ADD_WIDTH4_DEPTH16 line 17 in file
		'../RTL/REG_FILE/Reg_File.v'.
===============================================================================
|    Register Name    |   Type    | Width | Bus | MB | AR | AS | SR | SS | ST |
===============================================================================
|   Rd_D_Valid_reg    | Flip-flop |   1   |  N  | N  | Y  | N  | N  | N  | N  |
|     RdData_reg      | Flip-flop |   8   |  Y  | N  | Y  | N  | N  | N  | N  |
|     RegFile_reg     | Flip-flop |  125  |  Y  | N  | Y  | N  | N  | N  | N  |
|     RegFile_reg     | Flip-flop |   3   |  Y  | N  | N  | Y  | N  | N  | N  |
===============================================================================
Statistics for MUX_OPs
===========================================================================
|           block name/line             | Inputs | Outputs | # sel inputs |
===========================================================================
| Reg_File_WIDTH8_ADD_WIDTH4_DEPTH16/42 |   16   |    8    |      4       |
===========================================================================
Presto compilation completed successfully.
Information: Building the design 'RST_Sync' instantiated from design 'System_Top' with
	the parameters "NUM_STAGES=2". (HDL-193)

Inferred memory devices in process
	in routine RST_Sync_NUM_STAGES2 line 8 in file
		'../RTL/RST_Synchronizer/RST_Sync.v'.
===============================================================================
|    Register Name    |   Type    | Width | Bus | MB | AR | AS | SR | SS | ST |
===============================================================================
|    sync_reg_reg     | Flip-flop |   2   |  Y  | N  | Y  | N  | N  | N  | N  |
===============================================================================
Presto compilation completed successfully.
Information: Building the design 'CLK_GATE'. (HDL-193)

Inferred memory devices in process
	in routine CLK_GATE line 11 in file
		'../RTL/CLK_GATE/CLK_GATE.v'.
===========================================================================
|    Register Name    | Type  | Width | Bus | MB | AR | AS | SR | SS | ST |
===========================================================================
|    Latch_Out_reg    | Latch |   1   |  N  | N  | N  | N  | -  | -  | -  |
===========================================================================
Presto compilation completed successfully.
Information: Building the design 'Sys_Ctrl' instantiated from design 'System_Top' with
	the parameters "DATA_WIDTH=8". (HDL-193)

Statistics for case statements in always block at line 51 in file
	'../RTL/Sys_Ctrl/Sys_Ctrl.v'
===============================================
|           Line           |  full/ parallel  |
===============================================
|            52            |    auto/auto     |
|            55            |    auto/auto     |
===============================================

Statistics for case statements in always block at line 135 in file
	'../RTL/Sys_Ctrl/Sys_Ctrl.v'
===============================================
|           Line           |  full/ parallel  |
===============================================
|           156            |    auto/auto     |
===============================================

Inferred memory devices in process
	in routine Sys_Ctrl_DATA_WIDTH8 line 43 in file
		'../RTL/Sys_Ctrl/Sys_Ctrl.v'.
===============================================================================
|    Register Name    |   Type    | Width | Bus | MB | AR | AS | SR | SS | ST |
===============================================================================
|      Cur_S_reg      | Flip-flop |   4   |  Y  | N  | Y  | N  | N  | N  | N  |
===============================================================================

Inferred memory devices in process
	in routine Sys_Ctrl_DATA_WIDTH8 line 135 in file
		'../RTL/Sys_Ctrl/Sys_Ctrl.v'.
===============================================================================
|    Register Name    |   Type    | Width | Bus | MB | AR | AS | SR | SS | ST |
===============================================================================
|   CLK_DIV_EN_reg    | Flip-flop |   1   |  N  | N  | N  | Y  | N  | N  | N  |
|     ALU_FUN_reg     | Flip-flop |   4   |  Y  | N  | Y  | N  | N  | N  | N  |
|     ALU_EN_reg      | Flip-flop |   1   |  N  | N  | Y  | N  | N  | N  | N  |
|     CLK_EN_reg      | Flip-flop |   1   |  N  | N  | Y  | N  | N  | N  | N  |
|    RF_WrData_reg    | Flip-flop |   8   |  Y  | N  | Y  | N  | N  | N  | N  |
|     RF_ADDR_reg     | Flip-flop |   4   |  Y  | N  | Y  | N  | N  | N  | N  |
|      WrEn_reg       | Flip-flop |   1   |  N  | N  | Y  | N  | N  | N  | N  |
|      RdEn_reg       | Flip-flop |   1   |  N  | N  | Y  | N  | N  | N  | N  |
|   FIFO_W_INC_reg    | Flip-flop |   1   |  N  | N  | Y  | N  | N  | N  | N  |
|  FIFO_WR_DATA_reg   | Flip-flop |   8   |  Y  | N  | Y  | N  | N  | N  | N  |
===============================================================================
Presto compilation completed successfully.
Information: Building the design 'UART'. (HDL-193)
Presto compilation completed successfully.
Information: Building the design 'FIFO_MEM' instantiated from design 'FIFO_TOP_DATA_WIDTH8_DEPTH8' with
	the parameters "DATA_WIDTH=8,DEPTH=8". (HDL-193)

Inferred memory devices in process
	in routine FIFO_MEM_DATA_WIDTH8_DEPTH8 line 18 in file
		'../RTL/ASYNC_FIFO/FIFO_MEM.v'.
===============================================================================
|    Register Name    |   Type    | Width | Bus | MB | AR | AS | SR | SS | ST |
===============================================================================
|   mem_Buffer_reg    | Flip-flop |  64   |  Y  | N  | Y  | N  | N  | N  | N  |
===============================================================================
Statistics for MUX_OPs
====================================================================
|        block name/line         | Inputs | Outputs | # sel inputs |
====================================================================
| FIFO_MEM_DATA_WIDTH8_DEPTH8/32 |   8    |    8    |      3       |
====================================================================
Presto compilation completed successfully.
Information: Building the design 'FIFO_WR' instantiated from design 'FIFO_TOP_DATA_WIDTH8_DEPTH8' with
	the parameters "DEPTH=8". (HDL-193)

Inferred memory devices in process
	in routine FIFO_WR_DEPTH8 line 14 in file
		'../RTL/ASYNC_FIFO/FIFO_WR.v'.
===============================================================================
|    Register Name    |   Type    | Width | Bus | MB | AR | AS | SR | SS | ST |
===============================================================================
|   grey_w_ptr_reg    | Flip-flop |   4   |  Y  | N  | Y  | N  | N  | N  | N  |
|      w_ptr_reg      | Flip-flop |   4   |  Y  | N  | Y  | N  | N  | N  | N  |
===============================================================================
Presto compilation completed successfully.
Information: Building the design 'FIFO_RD' instantiated from design 'FIFO_TOP_DATA_WIDTH8_DEPTH8' with
	the parameters "DEPTH=8". (HDL-193)

Inferred memory devices in process
	in routine FIFO_RD_DEPTH8 line 14 in file
		'../RTL/ASYNC_FIFO/FIFO_RD.v'.
===============================================================================
|    Register Name    |   Type    | Width | Bus | MB | AR | AS | SR | SS | ST |
===============================================================================
|   grey_r_ptr_reg    | Flip-flop |   4   |  Y  | N  | Y  | N  | N  | N  | N  |
|      r_ptr_reg      | Flip-flop |   4   |  Y  | N  | Y  | N  | N  | N  | N  |
===============================================================================
Presto compilation completed successfully.
Information: Building the design 'DF_SYNC' instantiated from design 'FIFO_TOP_DATA_WIDTH8_DEPTH8' with
	the parameters "DEPTH=8". (HDL-193)

Inferred memory devices in process
	in routine DF_SYNC_DEPTH8 line 10 in file
		'../RTL/ASYNC_FIFO/DF_SYNC.v'.
===============================================================================
|    Register Name    |   Type    | Width | Bus | MB | AR | AS | SR | SS | ST |
===============================================================================
|    sync_reg_reg     | Flip-flop |   8   |  Y  | N  | Y  | N  | N  | N  | N  |
===============================================================================
Presto compilation completed successfully.
Information: Building the design 'UART_TX_TOP'. (HDL-193)
Presto compilation completed successfully.
Information: Building the design 'UART_RX'. (HDL-193)
Presto compilation completed successfully.
Information: Building the design 'UART_Serializer'. (HDL-193)

Inferred memory devices in process
	in routine UART_Serializer line 21 in file
		'../RTL/UART/UART_TX/UART_Serializer.v'.
===============================================================================
|    Register Name    |   Type    | Width | Bus | MB | AR | AS | SR | SS | ST |
===============================================================================
|     Counter_reg     | Flip-flop |   3   |  Y  | N  | N  | N  | N  | N  | N  |
===============================================================================
Statistics for MUX_OPs
========================================================
|  block name/line   | Inputs | Outputs | # sel inputs |
========================================================
| UART_Serializer/16 |   8    |    1    |      3       |
========================================================
Presto compilation completed successfully.
Information: Building the design 'UART_Parity'. (HDL-193)
Presto compilation completed successfully.
Information: Building the design 'UART_TX_FSM'. (HDL-193)

Statistics for case statements in always block at line 35 in file
	'../RTL/UART/UART_TX/UART_TX_FSM.sv'
===============================================
|           Line           |  full/ parallel  |
===============================================
|            37            |    auto/auto     |
===============================================

Statistics for case statements in always block at line 74 in file
	'../RTL/UART/UART_TX/UART_TX_FSM.sv'
===============================================
|           Line           |  full/ parallel  |
===============================================
|            76            |    auto/auto     |
===============================================

Inferred memory devices in process
	in routine UART_TX_FSM line 23 in file
		'../RTL/UART/UART_TX/UART_TX_FSM.sv'.
===============================================================================
|    Register Name    |   Type    | Width | Bus | MB | AR | AS | SR | SS | ST |
===============================================================================
|      Cur_S_reg      | Flip-flop |   3   |  Y  | N  | Y  | N  | N  | N  | N  |
===============================================================================

Inferred memory devices in process
	in routine UART_TX_FSM line 116 in file
		'../RTL/UART/UART_TX/UART_TX_FSM.sv'.
==================================================================================
|     Register Name      |   Type    | Width | Bus | MB | AR | AS | SR | SS | ST |
==================================================================================
| PAR_TYP_Registered_reg | Flip-flop |   1   |  N  | N  | Y  | N  | N  | N  | N  |
| P_DATA_Registered_reg  | Flip-flop |   8   |  Y  | N  | Y  | N  | N  | N  | N  |
| PAR_EN_Registered_reg  | Flip-flop |   1   |  N  | N  | Y  | N  | N  | N  | N  |
==================================================================================
Presto compilation completed successfully.
Information: Building the design 'MUX_4x1'. (HDL-193)
Warning:  ../RTL/UART/UART_TX/MUX_4x1.v:9: DEFAULT branch of CASE statement cannot be reached. (ELAB-311)

Statistics for case statements in always block at line 7 in file
	'../RTL/UART/UART_TX/MUX_4x1.v'
===============================================
|           Line           |  full/ parallel  |
===============================================
|            9             |    auto/auto     |
===============================================
Presto compilation completed successfully.
Information: Building the design 'Sampler'. (HDL-193)

Statistics for case statements in always block at line 18 in file
	'../RTL/UART/UART_RX/Sampler.v'
===============================================
|           Line           |  full/ parallel  |
===============================================
|            28            |      no/no       |
===============================================

Inferred memory devices in process
	in routine Sampler line 18 in file
		'../RTL/UART/UART_RX/Sampler.v'.
===============================================================================
|    Register Name    |   Type    | Width | Bus | MB | AR | AS | SR | SS | ST |
===============================================================================
|  third_sample_reg   | Flip-flop |   1   |  N  | N  | N  | Y  | N  | N  | N  |
|  first_sample_reg   | Flip-flop |   1   |  N  | N  | N  | Y  | N  | N  | N  |
|  second_sample_reg  | Flip-flop |   1   |  N  | N  | N  | Y  | N  | N  | N  |
===============================================================================
Presto compilation completed successfully.
Information: Building the design 'Edge_Bit_Counter'. (HDL-193)

Inferred memory devices in process
	in routine Edge_Bit_Counter line 9 in file
		'../RTL/UART/UART_RX/Edge_Bit_Counter.v'.
===============================================================================
|    Register Name    |   Type    | Width | Bus | MB | AR | AS | SR | SS | ST |
===============================================================================
|    Bit_Count_reg    | Flip-flop |   4   |  Y  | N  | Y  | N  | N  | N  | N  |
|   Edge_Count_reg    | Flip-flop |   5   |  Y  | N  | Y  | N  | N  | N  | N  |
===============================================================================
Presto compilation completed successfully.
Information: Building the design 'Deserializer'. (HDL-193)

Inferred memory devices in process
	in routine Deserializer line 13 in file
		'../RTL/UART/UART_RX/Deserializer.v'.
===============================================================================
|    Register Name    |   Type    | Width | Bus | MB | AR | AS | SR | SS | ST |
===============================================================================
|     P_DATA_reg      | Flip-flop |   8   |  Y  | N  | Y  | N  | N  | N  | N  |
===============================================================================
Presto compilation completed successfully.
Information: Building the design 'Start_Checker'. (HDL-193)

Inferred memory devices in process
	in routine Start_Checker line 8 in file
		'../RTL/UART/UART_RX/Start_Checker.v'.
===============================================================================
|    Register Name    |   Type    | Width | Bus | MB | AR | AS | SR | SS | ST |
===============================================================================
|  start_glitch_reg   | Flip-flop |   1   |  N  | N  | Y  | N  | N  | N  | N  |
===============================================================================
Presto compilation completed successfully.
Information: Building the design 'Stop_Checker'. (HDL-193)

Inferred memory devices in process
	in routine Stop_Checker line 8 in file
		'../RTL/UART/UART_RX/Stop_Checker.v'.
===============================================================================
|    Register Name    |   Type    | Width | Bus | MB | AR | AS | SR | SS | ST |
===============================================================================
|     stp_err_reg     | Flip-flop |   1   |  N  | N  | Y  | N  | N  | N  | N  |
===============================================================================
Presto compilation completed successfully.
Information: Building the design 'Parity_Checker'. (HDL-193)

Inferred memory devices in process
	in routine Parity_Checker line 12 in file
		'../RTL/UART/UART_RX/Parity_Checker.v'.
===============================================================================
|    Register Name    |   Type    | Width | Bus | MB | AR | AS | SR | SS | ST |
===============================================================================
|     par_err_reg     | Flip-flop |   1   |  N  | N  | Y  | N  | N  | N  | N  |
|     par_bit_reg     | Flip-flop |   1   |  N  | N  | Y  | N  | N  | N  | N  |
===============================================================================
Presto compilation completed successfully.
Information: Building the design 'UART_RX_FSM'. (HDL-193)

Statistics for case statements in always block at line 44 in file
	'../RTL/UART/UART_RX/UART_RX_FSM.sv'
===============================================
|           Line           |  full/ parallel  |
===============================================
|            46            |    auto/auto     |
===============================================

Statistics for case statements in always block at line 93 in file
	'../RTL/UART/UART_RX/UART_RX_FSM.sv'
===============================================
|           Line           |  full/ parallel  |
===============================================
|           101            |    auto/auto     |
===============================================

Inferred memory devices in process
	in routine UART_RX_FSM line 28 in file
		'../RTL/UART/UART_RX/UART_RX_FSM.sv'.
===============================================================================
|    Register Name    |   Type    | Width | Bus | MB | AR | AS | SR | SS | ST |
===============================================================================
|   DATA_VALID_reg    | Flip-flop |   1   |  N  | N  | Y  | N  | N  | N  | N  |
|      Cur_S_reg      | Flip-flop |   3   |  Y  | N  | Y  | N  | N  | N  | N  |
===============================================================================
Presto compilation completed successfully.
1
###################### Defining toplevel ###################################
current_design $top_module
Current design is 'System_Top'.
{System_Top}
#################### Liniking All The Design Parts #########################
puts "###############################################"
###############################################
puts "######## Liniking All The Design Parts ########"
######## Liniking All The Design Parts ########
puts "###############################################"
###############################################
link 

  Linking design 'System_Top'
  Using the following designs and libraries:
  --------------------------------------------------------------------------
  * (31 designs)              /mnt/hgfs/Shared_Folder/System/DFT/System_Top.db, etc
  scmetro_tsmc_cl013g_rvt_ss_1p08v_125c (library) /home/ICer/tsmc_fb_cl013g_sc/aci/sc-m/synopsys/scmetro_tsmc_cl013g_rvt_ss_1p08v_125c.db
  scmetro_tsmc_cl013g_rvt_tt_1p2v_25c (library) /home/ICer/tsmc_fb_cl013g_sc/aci/sc-m/synopsys/scmetro_tsmc_cl013g_rvt_tt_1p2v_25c.db
  scmetro_tsmc_cl013g_rvt_ff_1p32v_m40c (library) /home/ICer/tsmc_fb_cl013g_sc/aci/sc-m/synopsys/scmetro_tsmc_cl013g_rvt_ff_1p32v_m40c.db

1
#################### Liniking All The Design Parts #########################
puts "###############################################"
###############################################
puts "######## checking design consistency ##########"
######## checking design consistency ##########
puts "###############################################"
###############################################
check_design
 
****************************************
check_design summary:
Version:     O-2018.06-SP1
Date:        Wed Sep 30 10:07:20 2026
****************************************

                   Name                                            Total
--------------------------------------------------------------------------------
Inputs/Outputs                                                     11
    Unconnected ports (LINT-28)                                    11

Cells                                                              20
    Cells do not drive (LINT-1)                                    18
    Connected to power or ground (LINT-32)                          2
--------------------------------------------------------------------------------

Warning: In design 'ALU_WIDTH8', cell 'C332' does not drive any nets. (LINT-1)
Warning: In design 'ALU_WIDTH8', cell 'C333' does not drive any nets. (LINT-1)
Warning: In design 'ALU_WIDTH8', cell 'C334' does not drive any nets. (LINT-1)
Warning: In design 'ALU_WIDTH8', cell 'C338' does not drive any nets. (LINT-1)
Warning: In design 'ALU_WIDTH8', cell 'C411' does not drive any nets. (LINT-1)
Warning: In design 'ALU_WIDTH8', cell 'C412' does not drive any nets. (LINT-1)
Warning: In design 'ALU_WIDTH8', cell 'C414' does not drive any nets. (LINT-1)
Warning: In design 'I_CLK_DIV_DIV_RATIO_WIDTH8', cell 'C100' does not drive any nets. (LINT-1)
Warning: In design 'I_CLK_DIV_DIV_RATIO_WIDTH8', cell 'C101' does not drive any nets. (LINT-1)
Warning: In design 'I_CLK_DIV_DIV_RATIO_WIDTH3', cell 'C75' does not drive any nets. (LINT-1)
Warning: In design 'I_CLK_DIV_DIV_RATIO_WIDTH3', cell 'C76' does not drive any nets. (LINT-1)
Warning: In design 'FIFO_WR_DEPTH8', cell 'C54' does not drive any nets. (LINT-1)
Warning: In design 'FIFO_RD_DEPTH8', cell 'C51' does not drive any nets. (LINT-1)
Warning: In design 'UART_Serializer', cell 'C52' does not drive any nets. (LINT-1)
Warning: In design 'Sampler', cell 'C72' does not drive any nets. (LINT-1)
Warning: In design 'Edge_Bit_Counter', cell 'C90' does not drive any nets. (LINT-1)
Warning: In design 'Edge_Bit_Counter', cell 'C94' does not drive any nets. (LINT-1)
Warning: In design 'UART_RX_FSM', cell 'B_15' does not drive any nets. (LINT-1)
Warning: In design 'System_Top', port 'SI[3]' is not connected to any nets. (LINT-28)
Warning: In design 'System_Top', port 'SI[2]' is not connected to any nets. (LINT-28)
Warning: In design 'System_Top', port 'SI[1]' is not connected to any nets. (LINT-28)
Warning: In design 'System_Top', port 'SI[0]' is not connected to any nets. (LINT-28)
Warning: In design 'System_Top', port 'SE' is not connected to any nets. (LINT-28)
Warning: In design 'System_Top', port 'SO[3]' is not connected to any nets. (LINT-28)
Warning: In design 'System_Top', port 'SO[2]' is not connected to any nets. (LINT-28)
Warning: In design 'System_Top', port 'SO[1]' is not connected to any nets. (LINT-28)
Warning: In design 'System_Top', port 'SO[0]' is not connected to any nets. (LINT-28)
Warning: In design 'Sampler', port 'Prescale[0]' is not connected to any nets. (LINT-28)
Warning: In design 'Deserializer', port 'Bit_Count[3]' is not connected to any nets. (LINT-28)
Warning: In design 'UART_TX_TOP', a pin on submodule 'U3_MUX_4x1' is connected to logic 1 or logic 0. (LINT-32)
   Pin 'IN0' is connected to logic 0. 
Warning: In design 'UART_TX_TOP', a pin on submodule 'U3_MUX_4x1' is connected to logic 1 or logic 0. (LINT-32)
   Pin 'IN1' is connected to logic 1. 
1
#################### Define Design Constraints #########################
puts "###############################################"
###############################################
puts "############ Design Constraints #### ##########"
############ Design Constraints #### ##########
puts "###############################################"
###############################################
source ./cons.tcl
Warning: Design rule attributes from the driving cell will be
	set on the port. (UID-401)
Warning: Design rule attributes from the driving cell will be
	set on the port. (UID-401)
Warning: Design rule attributes from the driving cell will be
	set on the port. (UID-401)
Warning: Design rule attributes from the driving cell will be
	set on the port. (UID-401)
Warning: Design rule attributes from the driving cell will be
	set on the port. (UID-401)
Warning: Design rule attributes from the driving cell will be
	set on the port. (UID-401)
Warning: Design rule attributes from the driving cell will be
	set on the port. (UID-401)
Using operating conditions 'scmetro_tsmc_cl013g_rvt_ss_1p08v_125c' found in library 'scmetro_tsmc_cl013g_rvt_ss_1p08v_125c'.
Using operating conditions 'scmetro_tsmc_cl013g_rvt_ff_1p32v_m40c' found in library 'scmetro_tsmc_cl013g_rvt_ff_1p32v_m40c'.
#################### Archirecture Scan Chains #########################
puts "###############################################"
###############################################
puts "############ Configure scan chains ############"
############ Configure scan chains ############
puts "###############################################"
###############################################
set_scan_configuration -clock_mixing no_mix -style multiplexed_flip_flop -replace true -chain_count 4 -max_length 100
Accepted scan configuration for modes: all_dft
1
###################### Mapping and optimization ########################
puts "###############################################"
###############################################
puts "########## Mapping & Optimization #############"
########## Mapping & Optimization #############
puts "###############################################"
###############################################
#test_ready compile
compile -map_effort high -scan
Information: Choosing a test methodology will restrict the optimization of sequential cells. (UIO-12)
Information: Evaluating DesignWare library utilization. (UISN-27)

============================================================================
| DesignWare Building Block Library  |         Version         | Available |
============================================================================
| Basic DW Building Blocks           | O-2018.06-DWBB_201806.1 |     *     |
| Licensed DW Building Blocks        |                         |           |
============================================================================


Information: There are 31 potential problems in your design. Please run 'check_design' for more information. (LINT-99)


Warning: Operating condition scmetro_tsmc_cl013g_rvt_ss_1p08v_125c set on design System_Top has different process,
voltage and temperatures parameters than the parameters at which target library 
scmetro_tsmc_cl013g_rvt_tt_1p2v_25c is characterized. Delays may be inaccurate as a result. (OPT-998)

  Beginning Pass 1 Mapping
  ------------------------
  Processing 'UART_RX_FSM'
  Processing 'Parity_Checker'
  Processing 'Stop_Checker'
  Processing 'Start_Checker'
  Processing 'Deserializer'
  Processing 'Edge_Bit_Counter'
  Processing 'Sampler'
  Processing 'UART_RX'
  Processing 'MUX_4x1'
  Processing 'UART_TX_FSM'
  Processing 'UART_Parity'
  Processing 'UART_Serializer'
  Processing 'UART_TX_TOP'
  Processing 'UART'
  Processing 'Sys_Ctrl_DATA_WIDTH8'
Information: The register 'CLK_DIV_EN_reg' is a constant and will be removed. (OPT-1206)
  Processing 'CLK_GATE'
  Processing 'RST_Sync_NUM_STAGES2_0'
  Processing 'Reg_File_WIDTH8_ADD_WIDTH4_DEPTH16'
  Processing 'pulse_gen'
  Processing 'I_CLK_DIV_DIV_RATIO_WIDTH3'
  Processing 'I_CLK_DIV_DIV_RATIO_WIDTH8'
  Processing 'RX_CLK_DIV_MUX'
  Processing 'Data_Bus_Sync_DATA_WIDTH8_Sync_Legnth2'
  Processing 'DF_SYNC_DEPTH8_0'
  Processing 'FIFO_RD_DEPTH8'
  Processing 'FIFO_WR_DEPTH8'
  Processing 'FIFO_MEM_DATA_WIDTH8_DEPTH8'
  Processing 'FIFO_TOP_DATA_WIDTH8_DEPTH8'
  Processing 'ALU_WIDTH8'
  Processing 'MUX_2x1_0'
  Processing 'System_Top'

  Updating timing information
Information: Updating design information... (UID-85)

  Beginning Implementation Selection
  ----------------------------------
  Processing 'Edge_Bit_Counter_DW01_inc_0'
  Processing 'Edge_Bit_Counter_DW01_cmp2_0'
  Processing 'Edge_Bit_Counter_DW01_dec_0'
  Processing 'Sampler_DW01_cmp6_0'
  Processing 'Sampler_DW01_cmp6_1'
  Processing 'Sampler_DW01_cmp6_2'
  Processing 'Sampler_DW01_cmp6_3'
  Processing 'Sampler_DW01_dec_0'
  Processing 'Sampler_DW01_inc_0'
  Processing 'I_CLK_DIV_DIV_RATIO_WIDTH3_DW01_cmp6_0'
  Processing 'I_CLK_DIV_DIV_RATIO_WIDTH3_DW01_cmp6_1'
  Processing 'I_CLK_DIV_DIV_RATIO_WIDTH8_DW01_inc_0'
  Processing 'I_CLK_DIV_DIV_RATIO_WIDTH8_DW01_cmp6_0'
  Processing 'I_CLK_DIV_DIV_RATIO_WIDTH8_DW01_dec_0'
  Processing 'I_CLK_DIV_DIV_RATIO_WIDTH8_DW01_cmp6_1'
  Processing 'I_CLK_DIV_DIV_RATIO_WIDTH8_DW01_dec_1'
  Processing 'ALU_WIDTH8_DW_div_uns_0'
  Processing 'ALU_WIDTH8_DW01_sub_0'
  Processing 'ALU_WIDTH8_DW01_add_0'
  Processing 'ALU_WIDTH8_DW01_cmp6_0'
  Processing 'ALU_WIDTH8_DW02_mult_0'
  Processing 'ALU_WIDTH8_DW01_add_1'
Warning: No scan equivalent exists for cell u_CLK_GATE/Latch_Out_reg (TLATNX4M). (TEST-120)

  Beginning Mapping Optimizations  (High effort)
  -------------------------------
Loading db file '/home/ICer/tsmc_fb_cl013g_sc/aci/sc-m/synopsys/scmetro_tsmc_cl013g_rvt_tt_1p2v_25c.db'
Loading db file '/home/ICer/tsmc_fb_cl013g_sc/aci/sc-m/synopsys/scmetro_tsmc_cl013g_rvt_ff_1p32v_m40c.db'
  Mapping Optimization (Phase 1)

                                  TOTAL                                      
   ELAPSED            WORST NEG   SETUP    DESIGN                            
    TIME      AREA      SLACK     COST    RULE COST         ENDPOINT         
  --------- --------- --------- --------- --------- -------------------------
    0:00:09   45308.8      0.00       0.0       7.6                          
    0:00:09   45308.8      0.00       0.0       7.6                          
    0:00:09   45308.8      0.00       0.0       7.6                          
    0:00:09   45308.8      0.00       0.0       7.6                          
    0:00:09   45308.8      0.00       0.0       7.6                          
    0:00:10   24974.3      0.00       0.0       4.2                          
    0:00:10   24941.3      0.00       0.0       4.2                          
    0:00:10   24941.3      0.00       0.0       4.2                          
    0:00:10   24941.3      0.00       0.0       4.2                          
    0:00:10   24941.3      0.00       0.0       4.2                          
    0:00:10   24941.3      0.00       0.0       4.2                          
    0:00:10   24930.7      0.00       0.0       2.7                          
    0:00:10   24930.7      0.00       0.0       2.7                          
    0:00:10   24930.7      0.00       0.0       2.7                          
    0:00:10   24930.7      0.00       0.0       2.7                          



  Beginning Delay Optimization Phase
  ----------------------------------

                                  TOTAL                                      
   ELAPSED            WORST NEG   SETUP    DESIGN                            
    TIME      AREA      SLACK     COST    RULE COST         ENDPOINT         
  --------- --------- --------- --------- --------- -------------------------
    0:00:10   24930.7      0.00       0.0       2.7                          
    0:00:10   24930.7      0.00       0.0       2.7                          
    0:00:11   23870.5      0.00       0.0       6.1                          


  Beginning Design Rule Fixing  (max_transition)  (max_capacitance)
  ----------------------------

                                  TOTAL                                      
   ELAPSED            WORST NEG   SETUP    DESIGN                            
    TIME      AREA      SLACK     COST    RULE COST         ENDPOINT         
  --------- --------- --------- --------- --------- -------------------------
    0:00:11   23870.5      0.00       0.0       6.1                          


  Beginning Area-Recovery Phase  (cleanup)
  -----------------------------

                                  TOTAL                                      
   ELAPSED            WORST NEG   SETUP    DESIGN                            
    TIME      AREA      SLACK     COST    RULE COST         ENDPOINT         
  --------- --------- --------- --------- --------- -------------------------
    0:00:11   23870.5      0.00       0.0       6.1                          
    0:00:11   23870.5      0.00       0.0       6.1                          
    0:00:12   23782.3      0.00       0.0       6.1                          
    0:00:12   23759.9      0.00       0.0       6.1                          
    0:00:12   23730.5      0.00       0.0       6.1                          
    0:00:12   23717.6      0.00       0.0       6.1                          
    0:00:12   23714.0      0.00       0.0       6.1                          
    0:00:12   23714.0      0.00       0.0       6.1                          
    0:00:12   23714.0      0.00       0.0       6.1                          
    0:00:12   23704.6      0.00       0.0       6.1                          
    0:00:12   23704.6      0.00       0.0       6.1                          
    0:00:12   23704.6      0.00       0.0       6.1                          
    0:00:12   23704.6      0.00       0.0       6.1                          
    0:00:12   23704.6      0.00       0.0       6.1                          
    0:00:12   23704.6      0.00       0.0       6.1                          
    0:00:12   23708.2      0.00       0.0       6.1                          
Loading db file '/home/ICer/tsmc_fb_cl013g_sc/aci/sc-m/synopsys/scmetro_tsmc_cl013g_rvt_ss_1p08v_125c.db'


Note: Symbol # after min delay cost means estimated hold TNS across all active scenarios 


  Optimization Complete
  ---------------------
1
################################################################### 
# Setting Test Timing Variables
################################################################### 
# Preclock Measure Protocol (default protocol)
set test_default_period 100
100
set test_default_delay 0
0
set test_default_bidir_delay 0
0
set test_default_strobe 20
20
set test_default_strobe_width 0
0
# ######################### Define DFT Signals ##########################
set_dft_signal -port [get_ports scan_clk] -type ScanClock -view existing_dft -timing {30 60}
Accepted dft signal specification for modes: all_dft
1
set_dft_signal -port [get_ports scan_rst] -type Reset -view existing_dft -active_state 0
Accepted dft signal specification for modes: all_dft
1
set_dft_signal -port [get_ports test_mode] -type Constant    -view existing_dft  -active_state 1 
Accepted dft signal specification for modes: all_dft
1
set_dft_signal -port [get_ports test_mode] -type TestMode -view spec -active_state 1
Accepted dft signal specification for modes: all_dft
1
set_dft_signal -port [get_ports SE] -type ScanEnable -view spec -active_state 1 -usage scan
Accepted dft signal specification for modes: all_dft
1
set_dft_signal -port [get_ports SI] -type ScanDataIn -view spec
Accepted dft signal specification for modes: all_dft
1
set_dft_signal -port [get_ports SO] -type ScanDataOut -view spec
Accepted dft signal specification for modes: all_dft
1
############################# Create Test Protocol ##########################
create_test_protocol
In mode: all_dft...

Information: Starting test protocol creation. (TEST-219)
  ...reading user specified clock signals...
Information: Identified system/test clock port scan_clk (30.0,60.0). (TEST-265)
  ...reading user specified asynchronous signals...
Information: Identified active low asynchronous control port scan_rst. (TEST-266)
1
###################### Pre-DFT Design Rule Checking #########################
dft_drc -verbose
In mode: all_dft...
  Pre-DFT DRC enabled

Information: Starting test design rule checking. (TEST-222)
  Loading test protocol
  ...basic checks...
  ...basic sequential cell checks...
  	...checking for scan equivalents...
  ...checking vector rules...
  ...checking pre-dft rules...

-----------------------------------------------------------------
Begin Modeling violations...

Warning: Cell u_CLK_GATE/Latch_Out_reg (TLATNX2M) is not scannable. (TEST-126)

Modeling violations completed...
-----------------------------------------------------------------

-----------------------------------------------------------------
Begin Other violations...

Warning: Cell u_CLK_GATE/Latch_Out_reg has constant 1 value. (TEST-505)

Other violations completed...
-----------------------------------------------------------------

-----------------------------------------------------------------
  DRC Report

  Total violations: 2

-----------------------------------------------------------------

1 MODELING VIOLATION
     1 Cell is not scannable violation (TEST-126)

1 OTHER VIOLATION
     1 Cell is constant 1 violation (TEST-505)


Warning: Violations occurred during test design rule checking. (TEST-124)

-----------------------------------------------------------------
  Sequential Cell Report

  1 out of 359 sequential cells have violations

-----------------------------------------------------------------

SEQUENTIAL CELLS WITH VIOLATIONS
      *   1 cell has constant 1 value
         u_CLK_GATE/Latch_Out_reg
SEQUENTIAL CELLS WITHOUT VIOLATIONS
      * 358 cells are valid scan cells
         u_ALU/OUT_VALID_reg
         u_ALU/ALU_OUT_reg[5]
         u_ALU/ALU_OUT_reg[6]
         u_ALU/ALU_OUT_reg[9]
         u_ALU/ALU_OUT_reg[8]
         u_ALU/ALU_OUT_reg[7]
         u_ALU/ALU_OUT_reg[10]
         u_ALU/ALU_OUT_reg[11]
         u_ALU/ALU_OUT_reg[12]
         u_ALU/ALU_OUT_reg[4]
         u_ALU/ALU_OUT_reg[13]
         u_ALU/ALU_OUT_reg[14]
         u_ALU/ALU_OUT_reg[15]
         u_ALU/ALU_OUT_reg[3]
         u_ALU/ALU_OUT_reg[2]
         u_ALU/ALU_OUT_reg[1]
         u_ALU/ALU_OUT_reg[0]
         u_BUS_SYNC/Bit_Syncronizer_reg[1]
         u_BUS_SYNC/Bit_Syncronizer_reg[0]
         u_BUS_SYNC/enable_Reg_reg
         u_BUS_SYNC/enable_pulse_reg
         u_BUS_SYNC/Sync_bus_reg[5]
         u_BUS_SYNC/Sync_bus_reg[7]
         u_BUS_SYNC/Sync_bus_reg[6]
         u_BUS_SYNC/Sync_bus_reg[4]
         u_BUS_SYNC/Sync_bus_reg[3]
         u_BUS_SYNC/Sync_bus_reg[2]
         u_BUS_SYNC/Sync_bus_reg[1]
         u_BUS_SYNC/Sync_bus_reg[0]
         u_TX_CLK_DIV/DIVIDED_CLK_reg
         u_TX_CLK_DIV/COUNTER_reg[5]
         u_TX_CLK_DIV/COUNTER_reg[6]
         u_TX_CLK_DIV/COUNTER_reg[4]
         u_TX_CLK_DIV/COUNTER_reg[3]
         u_TX_CLK_DIV/COUNTER_reg[2]
         u_TX_CLK_DIV/COUNTER_reg[1]
         u_TX_CLK_DIV/COUNTER_reg[0]
         u_TX_CLK_DIV/COUNTER_reg[7]
         u_RX_CLK_DIV/DIVIDED_CLK_reg
         u_RX_CLK_DIV/COUNTER_reg[2]
         u_RX_CLK_DIV/COUNTER_reg[1]
         u_RX_CLK_DIV/COUNTER_reg[0]
         u_pulse_gen/Signal_reg_reg
         u_pulse_gen/enable_pulse_reg
         u_RegFile/RegFile_reg[2][0]
         u_RegFile/RegFile_reg[3][5]
         u_RegFile/RegFile_reg[2][7]
         u_RegFile/Rd_D_Valid_reg
         u_RegFile/RegFile_reg[13][7]
         u_RegFile/RegFile_reg[13][6]
         u_RegFile/RegFile_reg[13][5]
         u_RegFile/RegFile_reg[13][4]
         u_RegFile/RegFile_reg[13][3]
         u_RegFile/RegFile_reg[13][2]
         u_RegFile/RegFile_reg[13][1]
         u_RegFile/RegFile_reg[13][0]
         u_RegFile/RegFile_reg[11][7]
         u_RegFile/RegFile_reg[11][6]
         u_RegFile/RegFile_reg[11][5]
         u_RegFile/RegFile_reg[11][4]
         u_RegFile/RegFile_reg[11][3]
         u_RegFile/RegFile_reg[11][2]
         u_RegFile/RegFile_reg[11][1]
         u_RegFile/RegFile_reg[11][0]
         u_RegFile/RegFile_reg[9][7]
         u_RegFile/RegFile_reg[9][6]
         u_RegFile/RegFile_reg[9][5]
         u_RegFile/RegFile_reg[9][4]
         u_RegFile/RegFile_reg[9][3]
         u_RegFile/RegFile_reg[9][2]
         u_RegFile/RegFile_reg[9][1]
         u_RegFile/RegFile_reg[9][0]
         u_RegFile/RegFile_reg[14][7]
         u_RegFile/RegFile_reg[14][6]
         u_RegFile/RegFile_reg[14][5]
         u_RegFile/RegFile_reg[14][4]
         u_RegFile/RegFile_reg[14][3]
         u_RegFile/RegFile_reg[14][2]
         u_RegFile/RegFile_reg[14][1]
         u_RegFile/RegFile_reg[14][0]
         u_RegFile/RegFile_reg[12][7]
         u_RegFile/RegFile_reg[12][6]
         u_RegFile/RegFile_reg[12][5]
         u_RegFile/RegFile_reg[12][4]
         u_RegFile/RegFile_reg[12][3]
         u_RegFile/RegFile_reg[12][2]
         u_RegFile/RegFile_reg[12][1]
         u_RegFile/RegFile_reg[12][0]
         u_RegFile/RegFile_reg[10][7]
         u_RegFile/RegFile_reg[10][6]
         u_RegFile/RegFile_reg[10][5]
         u_RegFile/RegFile_reg[10][4]
         u_RegFile/RegFile_reg[10][3]
         u_RegFile/RegFile_reg[10][2]
         u_RegFile/RegFile_reg[10][1]
         u_RegFile/RegFile_reg[10][0]
         u_RegFile/RegFile_reg[8][7]
         u_RegFile/RegFile_reg[8][6]
         u_RegFile/RegFile_reg[8][5]
         u_RegFile/RegFile_reg[8][4]
         u_RegFile/RegFile_reg[8][3]
         u_RegFile/RegFile_reg[8][2]
         u_RegFile/RegFile_reg[8][1]
         u_RegFile/RegFile_reg[8][0]
         u_RegFile/RegFile_reg[15][7]
         u_RegFile/RegFile_reg[15][6]
         u_RegFile/RegFile_reg[15][5]
         u_RegFile/RegFile_reg[15][4]
         u_RegFile/RegFile_reg[15][3]
         u_RegFile/RegFile_reg[15][2]
         u_RegFile/RegFile_reg[15][1]
         u_RegFile/RegFile_reg[15][0]
         u_RegFile/RegFile_reg[6][7]
         u_RegFile/RegFile_reg[6][6]
         u_RegFile/RegFile_reg[6][5]
         u_RegFile/RegFile_reg[6][4]
         u_RegFile/RegFile_reg[6][3]
         u_RegFile/RegFile_reg[6][2]
         u_RegFile/RegFile_reg[6][1]
         u_RegFile/RegFile_reg[6][0]
         u_RegFile/RegFile_reg[4][7]
         u_RegFile/RegFile_reg[4][6]
         u_RegFile/RegFile_reg[4][5]
         u_RegFile/RegFile_reg[4][4]
         u_RegFile/RegFile_reg[4][3]
         u_RegFile/RegFile_reg[4][2]
         u_RegFile/RegFile_reg[4][1]
         u_RegFile/RegFile_reg[4][0]
         u_RegFile/RegFile_reg[2][6]
         u_RegFile/RegFile_reg[2][5]
         u_RegFile/RegFile_reg[2][4]
         u_RegFile/RegFile_reg[2][3]
         u_RegFile/RegFile_reg[2][2]
         u_RegFile/RegFile_reg[2][1]
         u_RegFile/RegFile_reg[0][7]
         u_RegFile/RegFile_reg[0][6]
         u_RegFile/RegFile_reg[0][5]
         u_RegFile/RegFile_reg[0][4]
         u_RegFile/RegFile_reg[0][3]
         u_RegFile/RegFile_reg[0][2]
         u_RegFile/RegFile_reg[0][1]
         u_RegFile/RegFile_reg[0][0]
         u_RegFile/RegFile_reg[7][7]
         u_RegFile/RegFile_reg[7][6]
         u_RegFile/RegFile_reg[7][5]
         u_RegFile/RegFile_reg[7][4]
         u_RegFile/RegFile_reg[7][3]
         u_RegFile/RegFile_reg[7][2]
         u_RegFile/RegFile_reg[7][1]
         u_RegFile/RegFile_reg[7][0]
         u_RegFile/RegFile_reg[5][7]
         u_RegFile/RegFile_reg[5][6]
         u_RegFile/RegFile_reg[5][5]
         u_RegFile/RegFile_reg[5][4]
         u_RegFile/RegFile_reg[5][3]
         u_RegFile/RegFile_reg[5][2]
         u_RegFile/RegFile_reg[5][1]
         u_RegFile/RegFile_reg[5][0]
         u_RegFile/RegFile_reg[3][7]
         u_RegFile/RegFile_reg[3][6]
         u_RegFile/RegFile_reg[3][4]
         u_RegFile/RegFile_reg[3][3]
         u_RegFile/RegFile_reg[3][2]
         u_RegFile/RegFile_reg[3][1]
         u_RegFile/RegFile_reg[3][0]
         u_RegFile/RegFile_reg[1][7]
         u_RegFile/RegFile_reg[1][6]
         u_RegFile/RegFile_reg[1][5]
         u_RegFile/RegFile_reg[1][4]
         u_RegFile/RegFile_reg[1][3]
         u_RegFile/RegFile_reg[1][2]
         u_RegFile/RegFile_reg[1][1]
         u_RegFile/RegFile_reg[1][0]
         u_RegFile/RdData_reg[7]
         u_RegFile/RdData_reg[6]
         u_RegFile/RdData_reg[2]
         u_RegFile/RdData_reg[1]
         u_RegFile/RdData_reg[0]
         u_RegFile/RdData_reg[5]
         u_RegFile/RdData_reg[4]
         u_RegFile/RdData_reg[3]
         u_REF_RST_Sync/sync_reg_reg[0]
         u_REF_RST_Sync/sync_reg_reg[1]
         u_SysCtrl/RdEn_reg
         u_SysCtrl/ALU_EN_reg
         u_SysCtrl/CLK_EN_reg
         u_SysCtrl/Cur_S_reg[3]
         u_SysCtrl/FIFO_W_INC_reg
         u_SysCtrl/RF_WrData_reg[4]
         u_SysCtrl/RF_WrData_reg[3]
         u_SysCtrl/RF_WrData_reg[2]
         u_SysCtrl/RF_WrData_reg[1]
         u_SysCtrl/RF_WrData_reg[0]
         u_SysCtrl/WrEn_reg
         u_SysCtrl/ALU_FUN_reg[3]
         u_SysCtrl/ALU_FUN_reg[2]
         u_SysCtrl/ALU_FUN_reg[1]
         u_SysCtrl/ALU_FUN_reg[0]
         u_SysCtrl/RF_WrData_reg[7]
         u_SysCtrl/RF_WrData_reg[6]
         u_SysCtrl/RF_WrData_reg[5]
         u_SysCtrl/Cur_S_reg[2]
         u_SysCtrl/FIFO_WR_DATA_reg[7]
         u_SysCtrl/FIFO_WR_DATA_reg[6]
         u_SysCtrl/FIFO_WR_DATA_reg[5]
         u_SysCtrl/FIFO_WR_DATA_reg[4]
         u_SysCtrl/FIFO_WR_DATA_reg[3]
         u_SysCtrl/FIFO_WR_DATA_reg[2]
         u_SysCtrl/FIFO_WR_DATA_reg[1]
         u_SysCtrl/FIFO_WR_DATA_reg[0]
         u_SysCtrl/RF_ADDR_reg[3]
         u_SysCtrl/RF_ADDR_reg[2]
         u_SysCtrl/RF_ADDR_reg[1]
         u_SysCtrl/RF_ADDR_reg[0]
         u_SysCtrl/Cur_S_reg[1]
         u_SysCtrl/Cur_S_reg[0]
         u_FIFO/u_fifo_mem/mem_Buffer_reg[6][7]
         u_FIFO/u_fifo_mem/mem_Buffer_reg[6][6]
         u_FIFO/u_fifo_mem/mem_Buffer_reg[6][5]
         u_FIFO/u_fifo_mem/mem_Buffer_reg[6][4]
         u_FIFO/u_fifo_mem/mem_Buffer_reg[6][3]
         u_FIFO/u_fifo_mem/mem_Buffer_reg[6][2]
         u_FIFO/u_fifo_mem/mem_Buffer_reg[6][1]
         u_FIFO/u_fifo_mem/mem_Buffer_reg[6][0]
         u_FIFO/u_fifo_mem/mem_Buffer_reg[5][7]
         u_FIFO/u_fifo_mem/mem_Buffer_reg[5][6]
         u_FIFO/u_fifo_mem/mem_Buffer_reg[5][5]
         u_FIFO/u_fifo_mem/mem_Buffer_reg[5][4]
         u_FIFO/u_fifo_mem/mem_Buffer_reg[5][3]
         u_FIFO/u_fifo_mem/mem_Buffer_reg[5][2]
         u_FIFO/u_fifo_mem/mem_Buffer_reg[5][1]
         u_FIFO/u_fifo_mem/mem_Buffer_reg[5][0]
         u_FIFO/u_fifo_mem/mem_Buffer_reg[4][7]
         u_FIFO/u_fifo_mem/mem_Buffer_reg[4][6]
         u_FIFO/u_fifo_mem/mem_Buffer_reg[4][5]
         u_FIFO/u_fifo_mem/mem_Buffer_reg[4][4]
         u_FIFO/u_fifo_mem/mem_Buffer_reg[4][3]
         u_FIFO/u_fifo_mem/mem_Buffer_reg[4][2]
         u_FIFO/u_fifo_mem/mem_Buffer_reg[4][1]
         u_FIFO/u_fifo_mem/mem_Buffer_reg[4][0]
         u_FIFO/u_fifo_mem/mem_Buffer_reg[7][7]
         u_FIFO/u_fifo_mem/mem_Buffer_reg[7][6]
         u_FIFO/u_fifo_mem/mem_Buffer_reg[7][5]
         u_FIFO/u_fifo_mem/mem_Buffer_reg[7][4]
         u_FIFO/u_fifo_mem/mem_Buffer_reg[7][3]
         u_FIFO/u_fifo_mem/mem_Buffer_reg[7][2]
         u_FIFO/u_fifo_mem/mem_Buffer_reg[7][1]
         u_FIFO/u_fifo_mem/mem_Buffer_reg[7][0]
         u_FIFO/u_fifo_mem/mem_Buffer_reg[2][7]
         u_FIFO/u_fifo_mem/mem_Buffer_reg[2][6]
         u_FIFO/u_fifo_mem/mem_Buffer_reg[2][5]
         u_FIFO/u_fifo_mem/mem_Buffer_reg[2][4]
         u_FIFO/u_fifo_mem/mem_Buffer_reg[2][3]
         u_FIFO/u_fifo_mem/mem_Buffer_reg[2][2]
         u_FIFO/u_fifo_mem/mem_Buffer_reg[2][1]
         u_FIFO/u_fifo_mem/mem_Buffer_reg[2][0]
         u_FIFO/u_fifo_mem/mem_Buffer_reg[3][7]
         u_FIFO/u_fifo_mem/mem_Buffer_reg[3][6]
         u_FIFO/u_fifo_mem/mem_Buffer_reg[3][5]
         u_FIFO/u_fifo_mem/mem_Buffer_reg[3][4]
         u_FIFO/u_fifo_mem/mem_Buffer_reg[3][3]
         u_FIFO/u_fifo_mem/mem_Buffer_reg[3][2]
         u_FIFO/u_fifo_mem/mem_Buffer_reg[3][1]
         u_FIFO/u_fifo_mem/mem_Buffer_reg[3][0]
         u_FIFO/u_fifo_mem/mem_Buffer_reg[1][7]
         u_FIFO/u_fifo_mem/mem_Buffer_reg[1][6]
         u_FIFO/u_fifo_mem/mem_Buffer_reg[1][5]
         u_FIFO/u_fifo_mem/mem_Buffer_reg[1][4]
         u_FIFO/u_fifo_mem/mem_Buffer_reg[1][3]
         u_FIFO/u_fifo_mem/mem_Buffer_reg[1][2]
         u_FIFO/u_fifo_mem/mem_Buffer_reg[1][1]
         u_FIFO/u_fifo_mem/mem_Buffer_reg[1][0]
         u_FIFO/u_fifo_mem/mem_Buffer_reg[0][7]
         u_FIFO/u_fifo_mem/mem_Buffer_reg[0][6]
         u_FIFO/u_fifo_mem/mem_Buffer_reg[0][5]
         u_FIFO/u_fifo_mem/mem_Buffer_reg[0][4]
         u_FIFO/u_fifo_mem/mem_Buffer_reg[0][3]
         u_FIFO/u_fifo_mem/mem_Buffer_reg[0][2]
         u_FIFO/u_fifo_mem/mem_Buffer_reg[0][1]
         u_FIFO/u_fifo_mem/mem_Buffer_reg[0][0]
         u_FIFO/u_fifo_wr/grey_w_ptr_reg[3]
         u_FIFO/u_fifo_wr/grey_w_ptr_reg[1]
         u_FIFO/u_fifo_wr/grey_w_ptr_reg[2]
         u_FIFO/u_fifo_wr/grey_w_ptr_reg[0]
         u_FIFO/u_fifo_wr/w_ptr_reg[0]
         u_FIFO/u_fifo_wr/w_ptr_reg[2]
         u_FIFO/u_fifo_wr/w_ptr_reg[1]
         u_FIFO/u_fifo_wr/w_ptr_reg[3]
         u_FIFO/u_fifo_rd/grey_r_ptr_reg[0]
         u_FIFO/u_fifo_rd/grey_r_ptr_reg[3]
         u_FIFO/u_fifo_rd/grey_r_ptr_reg[2]
         u_FIFO/u_fifo_rd/grey_r_ptr_reg[1]
         u_FIFO/u_fifo_rd/r_ptr_reg[3]
         u_FIFO/u_fifo_rd/r_ptr_reg[0]
         u_FIFO/u_fifo_rd/r_ptr_reg[1]
         u_FIFO/u_fifo_rd/r_ptr_reg[2]
         u_FIFO/u_sync_w2r/sync_reg_reg[1][3]
         u_FIFO/u_sync_w2r/sync_reg_reg[1][2]
         u_FIFO/u_sync_w2r/sync_reg_reg[1][1]
         u_FIFO/u_sync_w2r/sync_reg_reg[1][0]
         u_FIFO/u_sync_w2r/sync_reg_reg[0][2]
         u_FIFO/u_sync_w2r/sync_reg_reg[0][1]
         u_FIFO/u_sync_w2r/sync_reg_reg[0][0]
         u_FIFO/u_sync_w2r/sync_reg_reg[0][3]
         u_UART/u_UART_TX_TOP/U0_serializer/Counter_reg[2]
         u_UART/u_UART_TX_TOP/U0_serializer/Counter_reg[1]
         u_UART/u_UART_TX_TOP/U0_serializer/Counter_reg[0]
         u_UART/u_UART_TX_TOP/U2_FSM/PAR_TYP_Registered_reg
         u_UART/u_UART_TX_TOP/U2_FSM/P_DATA_Registered_reg[1]
         u_UART/u_UART_TX_TOP/U2_FSM/P_DATA_Registered_reg[5]
         u_UART/u_UART_TX_TOP/U2_FSM/P_DATA_Registered_reg[4]
         u_UART/u_UART_TX_TOP/U2_FSM/P_DATA_Registered_reg[0]
         u_UART/u_UART_TX_TOP/U2_FSM/P_DATA_Registered_reg[3]
         u_UART/u_UART_TX_TOP/U2_FSM/P_DATA_Registered_reg[7]
         u_UART/u_UART_TX_TOP/U2_FSM/P_DATA_Registered_reg[2]
         u_UART/u_UART_TX_TOP/U2_FSM/P_DATA_Registered_reg[6]
         u_UART/u_UART_TX_TOP/U2_FSM/PAR_EN_Registered_reg
         u_UART/u_UART_TX_TOP/U2_FSM/Cur_S_reg[1]
         u_UART/u_UART_TX_TOP/U2_FSM/Cur_S_reg[2]
         u_UART/u_UART_TX_TOP/U2_FSM/Cur_S_reg[0]
         u_UART/u_UART_RX/u_Sampler/first_sample_reg
         u_UART/u_UART_RX/u_Sampler/second_sample_reg
         u_UART/u_UART_RX/u_Sampler/third_sample_reg
         u_UART/u_UART_RX/u_Edge_Bit_Counter/Bit_Count_reg[3]
         u_UART/u_UART_RX/u_Edge_Bit_Counter/Bit_Count_reg[1]
         u_UART/u_UART_RX/u_Edge_Bit_Counter/Edge_Count_reg[4]
         u_UART/u_UART_RX/u_Edge_Bit_Counter/Edge_Count_reg[0]
         u_UART/u_UART_RX/u_Edge_Bit_Counter/Bit_Count_reg[2]
         u_UART/u_UART_RX/u_Edge_Bit_Counter/Bit_Count_reg[0]
         u_UART/u_UART_RX/u_Edge_Bit_Counter/Edge_Count_reg[1]
         u_UART/u_UART_RX/u_Edge_Bit_Counter/Edge_Count_reg[3]
         u_UART/u_UART_RX/u_Edge_Bit_Counter/Edge_Count_reg[2]
         u_UART/u_UART_RX/u_Deserializer/P_DATA_reg[7]
         u_UART/u_UART_RX/u_Deserializer/P_DATA_reg[6]
         u_UART/u_UART_RX/u_Deserializer/P_DATA_reg[5]
         u_UART/u_UART_RX/u_Deserializer/P_DATA_reg[4]
         u_UART/u_UART_RX/u_Deserializer/P_DATA_reg[3]
         u_UART/u_UART_RX/u_Deserializer/P_DATA_reg[2]
         u_UART/u_UART_RX/u_Deserializer/P_DATA_reg[1]
         u_UART/u_UART_RX/u_Deserializer/P_DATA_reg[0]
         u_UART/u_UART_RX/u_Start_Checker/start_glitch_reg
         u_UART/u_UART_RX/u_Stop_Checker/stp_err_reg
         u_UART/u_UART_RX/u_Parity_Checker/par_bit_reg
         u_UART/u_UART_RX/u_Parity_Checker/par_err_reg
         u_UART/u_UART_RX/u_UART_RX_FSM/DATA_VALID_reg
         u_UART/u_UART_RX/u_UART_RX_FSM/Cur_S_reg[1]
         u_UART/u_UART_RX/u_UART_RX_FSM/Cur_S_reg[0]
         u_UART/u_UART_RX/u_UART_RX_FSM/Cur_S_reg[2]
         u_UART_RST_Sync/sync_reg_reg[0]
         u_UART_RST_Sync/sync_reg_reg[1]
         u_FIFO/u_sync_r2w/sync_reg_reg[1][3]
         u_FIFO/u_sync_r2w/sync_reg_reg[1][2]
         u_FIFO/u_sync_r2w/sync_reg_reg[1][1]
         u_FIFO/u_sync_r2w/sync_reg_reg[1][0]
         u_FIFO/u_sync_r2w/sync_reg_reg[0][3]
         u_FIFO/u_sync_r2w/sync_reg_reg[0][2]
         u_FIFO/u_sync_r2w/sync_reg_reg[0][1]
         u_FIFO/u_sync_r2w/sync_reg_reg[0][0]

Information: Test design rule checking completed. (TEST-123)
1
############################# Preview DFT ###################################
preview_dft -show scan_summary
  Information: Using test design rule information from previous dft_drc run.
  Architecting Scan Chains

****************************************
Preview_dft report
For    : 'Insert_dft' command
Design : System_Top
Version: O-2018.06-SP1
Date   : Wed Sep 30 10:07:36 2026
****************************************

Number of chains: 4
Scan methodology: full_scan
Scan style: multiplexed_flip_flop
Clock domain: no_mix

Chain      Scan Ports (si --> so)        # of Cells   Inst/Chain               Clock (port, time, edge)
-----      ----------------------        ----------   ----------               ------------------------
S 1        SI[3] -->  SO[3]                      90   u_ALU/ALU_OUT_reg[0]     (scan_clk, 30.0, rising) 
S 2        SI[2] -->  SO[2]                      90   u_FIFO/u_fifo_mem/mem_Buffer_reg[7][5]
                            (scan_clk, 30.0, rising) 
S 3        SI[1] -->  SO[1]                      89   u_RegFile/RegFile_reg[5][0]
                            (scan_clk, 30.0, rising) 
S 4        SI[0] -->  SO[0]                      89   u_SysCtrl/ALU_FUN_reg[0] (scan_clk, 30.0, rising) 
1
############################# Insert DFT ####################################
insert_dft
  Information: Using test design rule information from previous dft_drc run.
  Architecting Scan Chains
  Routing Scan Chains
  Routing Global Signals
  Mapping New Logic
Resetting current test mode
  Beginning Mapping Optimizations
  -------------------------------

                                  TOTAL                                      
   ELAPSED            WORST NEG   SETUP    DESIGN                            
    TIME      AREA      SLACK     COST    RULE COST         ENDPOINT         
  --------- --------- --------- --------- --------- -------------------------


  Beginning Phase 1 Design Rule Fixing  (max_transition)  (max_capacitance)
  ------------------------------------

                                  TOTAL                                      
   ELAPSED            WORST NEG   SETUP    DESIGN                            
    TIME      AREA      SLACK     COST    RULE COST         ENDPOINT         
  --------- --------- --------- --------- --------- -------------------------
    0:00:15   23727.0      0.00       0.0      14.2 u_RegFile/RegFile[4][7]  
    0:00:15   23727.0      0.00       0.0      14.2 u_RegFile/RegFile[4][7]  
    0:00:15   23727.0      0.00       0.0      14.2 u_RegFile/RegFile[4][7]  
    0:00:15   23727.0      0.00       0.0      14.2 u_RegFile/RegFile[4][7]  
    0:00:15   23745.8      0.00       0.0      14.4 u_FIFO/u_fifo_mem/mem_Buffer[7][4]
    0:00:15   23745.8      0.00       0.0      14.4 u_FIFO/u_fifo_mem/mem_Buffer[7][4]
    0:00:15   23745.8      0.00       0.0      14.4 u_FIFO/u_fifo_mem/mem_Buffer[7][4]
    0:00:15   23745.8      0.00       0.0      14.4 u_FIFO/u_fifo_mem/mem_Buffer[7][4]
    0:00:15   23763.5      0.00       0.0      22.2 SE                       
    0:00:15   23763.5      0.00       0.0      22.2 SE                       
    0:00:15   23763.5      0.00       0.0      22.2 SE                       
    0:00:15   23763.5      0.00       0.0      22.2 SE                       
    0:00:15   23770.5      0.00       0.0      22.2 net12772                 
    0:00:15   23759.9      0.00       0.0      17.3 net12782                 
    0:00:15   23777.6      0.00       0.0      16.0 net12773                 
    0:00:15   23777.6      0.00       0.0      16.0 net12773                 
    0:00:15   23777.6      0.00       0.0      16.0 net12773                 
    0:00:15   23784.6      0.00       0.0      16.0 net12786                 
    0:00:15   23794.1      0.00       0.0      14.4 net12796                 
    0:00:15   23803.5      0.00       0.0      12.9 net12775                 
    0:00:15   23803.5      0.00       0.0      12.9 net12775                 
    0:00:15   23803.5      0.00       0.0      12.9 net12775                 
    0:00:15   23812.9      0.00       0.0      11.8 net12774                 
    0:00:15   23812.9      0.00       0.0      11.8 net12774                 
    0:00:15   23812.9      0.00       0.0      11.8 net12774                 
    0:00:15   23803.5      0.00       0.0      11.6 u_FIFO/u_fifo_mem/net12767
    0:00:15   23794.1      0.00       0.0      11.3 u_RegFile/net12763       
    0:00:16   23774.0      0.00       0.0      11.2 net12799                 
    0:00:16   23811.7      0.00       0.0       7.6 u_RegFile/test_se        
    0:00:16   23811.7      0.00       0.0       7.6 u_RegFile/test_se        
    0:00:16   23811.7      0.00       0.0       7.6 u_RegFile/test_se        
    0:00:16   23829.4      0.00       0.0       6.6 u_FIFO/u_fifo_mem/test_se
    0:00:16   23829.4      0.00       0.0       6.6 u_FIFO/u_fifo_mem/test_se
    0:00:16   23829.4      0.00       0.0       6.6 u_FIFO/u_fifo_mem/test_se
    0:00:16   23836.4      0.00       0.0       6.2 u_UART/u_UART_TX_TOP/U2_FSM/test_se
    0:00:16   23843.5      0.00       0.0       6.2 u_ALU/Enable             
    0:00:16   23844.6      0.00       0.0       6.1 u_RegFile/net12808       
    0:00:16   23844.6      0.00       0.0       6.1 u_RegFile/net12808       
    0:00:16   23844.6      0.00       0.0       6.1 u_RegFile/net12808       


  Beginning Phase 2 Design Rule Fixing  (max_transition)  (max_capacitance)
  ------------------------------------

                                  TOTAL                                      
   ELAPSED            WORST NEG   SETUP    DESIGN                            
    TIME      AREA      SLACK     COST    RULE COST         ENDPOINT         
  --------- --------- --------- --------- --------- -------------------------
    0:00:16   23863.5      0.00       0.0       6.4 u_FIFO/u_fifo_mem/mem_Buffer[7][4]
    0:00:16   23863.5      0.00       0.0       6.4 u_FIFO/u_fifo_mem/mem_Buffer[7][4]
    0:00:16   23863.5      0.00       0.0       6.4 u_FIFO/u_fifo_mem/mem_Buffer[7][4]
    0:00:16   23882.3      0.00       0.0       6.6 u_RegFile/RegFile[4][7]  
    0:00:16   23882.3      0.00       0.0       6.6 u_RegFile/RegFile[4][7]  
    0:00:16   23882.3      0.00       0.0       6.6 u_RegFile/RegFile[4][7]  
    0:00:16   23901.1      0.00       0.0       6.8 ALU_EN                   
    0:00:16   23901.1      0.00       0.0       6.8 ALU_EN                   
    0:00:16   23901.1      0.00       0.0       6.8 ALU_EN                   
    0:00:16   23929.4      0.00       0.0       7.0 RX_D_VALID               
    0:00:16   23929.4      0.00       0.0       7.0 RX_D_VALID               
    0:00:16   23929.4      0.00       0.0       7.0 RX_D_VALID               
    0:00:16   23920.0      0.00       0.0       6.8 u_FIFO/u_fifo_mem/net12860
    0:00:16   23910.5      0.00       0.0       6.6 u_RegFile/net12864       

1
######################## Optimize Logic post DFT ############################
compile -scan -incremental
Information: Choosing a test methodology will restrict the optimization of sequential cells. (UIO-12)

Information: There are 55 potential problems in your design. Please run 'check_design' for more information. (LINT-99)


Warning: Operating condition scmetro_tsmc_cl013g_rvt_ss_1p08v_125c set on design System_Top has different process,
voltage and temperatures parameters than the parameters at which target library 
scmetro_tsmc_cl013g_rvt_tt_1p2v_25c is characterized. Delays may be inaccurate as a result. (OPT-998)

  Beginning Pass 1 Mapping  (Incremental)
  ------------------------

  Updating timing information
Information: Updating design information... (UID-85)

  Beginning Mapping Optimizations  (Medium effort)  (Incremental)
  -------------------------------

  Beginning Incremental Implementation Selection
  ----------------------------------------------
  Selecting implementations
  Selecting implementations

  Beginning Delay Optimization Phase
  ----------------------------------

                                  TOTAL                                      
   ELAPSED            WORST NEG   SETUP    DESIGN                            
    TIME      AREA      SLACK     COST    RULE COST         ENDPOINT         
  --------- --------- --------- --------- --------- -------------------------
    0:00:02   23907.0      0.00       0.0       6.6                          
    0:00:02   23907.0      0.00       0.0       6.6                          
    0:00:02   23907.0      0.00       0.0       6.6                          


  Beginning Design Rule Fixing  (max_transition)  (max_capacitance)
  ----------------------------

                                  TOTAL                                      
   ELAPSED            WORST NEG   SETUP    DESIGN                            
    TIME      AREA      SLACK     COST    RULE COST         ENDPOINT         
  --------- --------- --------- --------- --------- -------------------------
    0:00:02   23907.0      0.00       0.0       6.6                          
    0:00:02   23929.4      0.00       0.0       6.1                          
Loading db file '/home/ICer/tsmc_fb_cl013g_sc/aci/sc-m/synopsys/scmetro_tsmc_cl013g_rvt_tt_1p2v_25c.db'
Loading db file '/home/ICer/tsmc_fb_cl013g_sc/aci/sc-m/synopsys/scmetro_tsmc_cl013g_rvt_ff_1p32v_m40c.db'
Loading db file '/home/ICer/tsmc_fb_cl013g_sc/aci/sc-m/synopsys/scmetro_tsmc_cl013g_rvt_ss_1p08v_125c.db'


Note: Symbol # after min delay cost means estimated hold TNS across all active scenarios 


  Optimization Complete
  ---------------------
1
###################### Design Rule Checking post DFT ########################
dft_drc -verbose -coverage_estimate
In mode: Internal_scan...
  Design has scan chains in this mode
  Design is scan routed
  Post-DFT DRC enabled

Information: Starting test design rule checking. (TEST-222)
  Loading test protocol
  ...basic checks...
  ...basic sequential cell checks...
  ...checking vector rules...
  ...checking clock rules...
  ...checking scan chain rules...
  ...checking scan compression rules...
  ...checking X-state rules...
  ...checking tristate rules...
  ...extracting scan details...

-----------------------------------------------------------------
Begin Other violations...

Warning: Cell u_CLK_GATE/Latch_Out_reg has constant 1 value. (TEST-505)

Other violations completed...
-----------------------------------------------------------------

-----------------------------------------------------------------
  DRC Report

  Total violations: 1

-----------------------------------------------------------------

1 OTHER VIOLATION
     1 Cell is constant 1 violation (TEST-505)


Warning: Violations occurred during test design rule checking. (TEST-124)

-----------------------------------------------------------------
  Sequential Cell Report

  1 out of 359 sequential cells have violations

-----------------------------------------------------------------

SEQUENTIAL CELLS WITH VIOLATIONS
      *   1 cell has constant 1 value
         u_CLK_GATE/Latch_Out_reg
SEQUENTIAL CELLS WITHOUT VIOLATIONS
      * 358 cells are valid scan cells
         u_ALU/OUT_VALID_reg
         u_ALU/ALU_OUT_reg[5]
         u_ALU/ALU_OUT_reg[6]
         u_ALU/ALU_OUT_reg[9]
         u_ALU/ALU_OUT_reg[8]
         u_ALU/ALU_OUT_reg[7]
         u_ALU/ALU_OUT_reg[10]
         u_ALU/ALU_OUT_reg[11]
         u_ALU/ALU_OUT_reg[12]
         u_ALU/ALU_OUT_reg[4]
         u_ALU/ALU_OUT_reg[13]
         u_ALU/ALU_OUT_reg[14]
         u_ALU/ALU_OUT_reg[15]
         u_ALU/ALU_OUT_reg[3]
         u_ALU/ALU_OUT_reg[2]
         u_ALU/ALU_OUT_reg[1]
         u_ALU/ALU_OUT_reg[0]
         u_BUS_SYNC/Bit_Syncronizer_reg[1]
         u_BUS_SYNC/Bit_Syncronizer_reg[0]
         u_BUS_SYNC/enable_Reg_reg
         u_BUS_SYNC/enable_pulse_reg
         u_BUS_SYNC/Sync_bus_reg[5]
         u_BUS_SYNC/Sync_bus_reg[7]
         u_BUS_SYNC/Sync_bus_reg[6]
         u_BUS_SYNC/Sync_bus_reg[4]
         u_BUS_SYNC/Sync_bus_reg[3]
         u_BUS_SYNC/Sync_bus_reg[2]
         u_BUS_SYNC/Sync_bus_reg[1]
         u_BUS_SYNC/Sync_bus_reg[0]
         u_TX_CLK_DIV/DIVIDED_CLK_reg
         u_TX_CLK_DIV/COUNTER_reg[5]
         u_TX_CLK_DIV/COUNTER_reg[6]
         u_TX_CLK_DIV/COUNTER_reg[4]
         u_TX_CLK_DIV/COUNTER_reg[3]
         u_TX_CLK_DIV/COUNTER_reg[2]
         u_TX_CLK_DIV/COUNTER_reg[1]
         u_TX_CLK_DIV/COUNTER_reg[0]
         u_TX_CLK_DIV/COUNTER_reg[7]
         u_RX_CLK_DIV/DIVIDED_CLK_reg
         u_RX_CLK_DIV/COUNTER_reg[2]
         u_RX_CLK_DIV/COUNTER_reg[1]
         u_RX_CLK_DIV/COUNTER_reg[0]
         u_pulse_gen/Signal_reg_reg
         u_pulse_gen/enable_pulse_reg
         u_RegFile/RegFile_reg[2][0]
         u_RegFile/RegFile_reg[3][5]
         u_RegFile/RegFile_reg[2][7]
         u_RegFile/Rd_D_Valid_reg
         u_RegFile/RegFile_reg[13][7]
         u_RegFile/RegFile_reg[13][6]
         u_RegFile/RegFile_reg[13][5]
         u_RegFile/RegFile_reg[13][4]
         u_RegFile/RegFile_reg[13][3]
         u_RegFile/RegFile_reg[13][2]
         u_RegFile/RegFile_reg[13][1]
         u_RegFile/RegFile_reg[13][0]
         u_RegFile/RegFile_reg[11][7]
         u_RegFile/RegFile_reg[11][6]
         u_RegFile/RegFile_reg[11][5]
         u_RegFile/RegFile_reg[11][4]
         u_RegFile/RegFile_reg[11][3]
         u_RegFile/RegFile_reg[11][2]
         u_RegFile/RegFile_reg[11][1]
         u_RegFile/RegFile_reg[11][0]
         u_RegFile/RegFile_reg[9][7]
         u_RegFile/RegFile_reg[9][6]
         u_RegFile/RegFile_reg[9][5]
         u_RegFile/RegFile_reg[9][4]
         u_RegFile/RegFile_reg[9][3]
         u_RegFile/RegFile_reg[9][2]
         u_RegFile/RegFile_reg[9][1]
         u_RegFile/RegFile_reg[9][0]
         u_RegFile/RegFile_reg[14][7]
         u_RegFile/RegFile_reg[14][6]
         u_RegFile/RegFile_reg[14][5]
         u_RegFile/RegFile_reg[14][4]
         u_RegFile/RegFile_reg[14][3]
         u_RegFile/RegFile_reg[14][2]
         u_RegFile/RegFile_reg[14][1]
         u_RegFile/RegFile_reg[14][0]
         u_RegFile/RegFile_reg[12][7]
         u_RegFile/RegFile_reg[12][6]
         u_RegFile/RegFile_reg[12][5]
         u_RegFile/RegFile_reg[12][4]
         u_RegFile/RegFile_reg[12][3]
         u_RegFile/RegFile_reg[12][2]
         u_RegFile/RegFile_reg[12][1]
         u_RegFile/RegFile_reg[12][0]
         u_RegFile/RegFile_reg[10][7]
         u_RegFile/RegFile_reg[10][6]
         u_RegFile/RegFile_reg[10][5]
         u_RegFile/RegFile_reg[10][4]
         u_RegFile/RegFile_reg[10][3]
         u_RegFile/RegFile_reg[10][2]
         u_RegFile/RegFile_reg[10][1]
         u_RegFile/RegFile_reg[10][0]
         u_RegFile/RegFile_reg[8][7]
         u_RegFile/RegFile_reg[8][6]
         u_RegFile/RegFile_reg[8][5]
         u_RegFile/RegFile_reg[8][4]
         u_RegFile/RegFile_reg[8][3]
         u_RegFile/RegFile_reg[8][2]
         u_RegFile/RegFile_reg[8][1]
         u_RegFile/RegFile_reg[8][0]
         u_RegFile/RegFile_reg[15][7]
         u_RegFile/RegFile_reg[15][6]
         u_RegFile/RegFile_reg[15][5]
         u_RegFile/RegFile_reg[15][4]
         u_RegFile/RegFile_reg[15][3]
         u_RegFile/RegFile_reg[15][2]
         u_RegFile/RegFile_reg[15][1]
         u_RegFile/RegFile_reg[15][0]
         u_RegFile/RegFile_reg[6][7]
         u_RegFile/RegFile_reg[6][6]
         u_RegFile/RegFile_reg[6][5]
         u_RegFile/RegFile_reg[6][4]
         u_RegFile/RegFile_reg[6][3]
         u_RegFile/RegFile_reg[6][2]
         u_RegFile/RegFile_reg[6][1]
         u_RegFile/RegFile_reg[6][0]
         u_RegFile/RegFile_reg[4][6]
         u_RegFile/RegFile_reg[4][5]
         u_RegFile/RegFile_reg[4][4]
         u_RegFile/RegFile_reg[4][3]
         u_RegFile/RegFile_reg[4][2]
         u_RegFile/RegFile_reg[4][1]
         u_RegFile/RegFile_reg[4][0]
         u_RegFile/RegFile_reg[2][6]
         u_RegFile/RegFile_reg[2][5]
         u_RegFile/RegFile_reg[2][4]
         u_RegFile/RegFile_reg[2][3]
         u_RegFile/RegFile_reg[2][2]
         u_RegFile/RegFile_reg[2][1]
         u_RegFile/RegFile_reg[0][7]
         u_RegFile/RegFile_reg[0][6]
         u_RegFile/RegFile_reg[0][5]
         u_RegFile/RegFile_reg[0][4]
         u_RegFile/RegFile_reg[0][3]
         u_RegFile/RegFile_reg[0][2]
         u_RegFile/RegFile_reg[0][1]
         u_RegFile/RegFile_reg[0][0]
         u_RegFile/RegFile_reg[7][7]
         u_RegFile/RegFile_reg[7][6]
         u_RegFile/RegFile_reg[7][5]
         u_RegFile/RegFile_reg[7][4]
         u_RegFile/RegFile_reg[7][3]
         u_RegFile/RegFile_reg[7][2]
         u_RegFile/RegFile_reg[7][1]
         u_RegFile/RegFile_reg[7][0]
         u_RegFile/RegFile_reg[5][7]
         u_RegFile/RegFile_reg[5][6]
         u_RegFile/RegFile_reg[5][5]
         u_RegFile/RegFile_reg[5][4]
         u_RegFile/RegFile_reg[5][3]
         u_RegFile/RegFile_reg[5][2]
         u_RegFile/RegFile_reg[5][1]
         u_RegFile/RegFile_reg[5][0]
         u_RegFile/RegFile_reg[3][7]
         u_RegFile/RegFile_reg[3][6]
         u_RegFile/RegFile_reg[3][4]
         u_RegFile/RegFile_reg[3][3]
         u_RegFile/RegFile_reg[3][2]
         u_RegFile/RegFile_reg[3][1]
         u_RegFile/RegFile_reg[3][0]
         u_RegFile/RegFile_reg[1][7]
         u_RegFile/RegFile_reg[1][6]
         u_RegFile/RegFile_reg[1][5]
         u_RegFile/RegFile_reg[1][4]
         u_RegFile/RegFile_reg[1][3]
         u_RegFile/RegFile_reg[1][2]
         u_RegFile/RegFile_reg[1][1]
         u_RegFile/RegFile_reg[1][0]
         u_RegFile/RdData_reg[7]
         u_RegFile/RdData_reg[6]
         u_RegFile/RdData_reg[2]
         u_RegFile/RdData_reg[1]
         u_RegFile/RdData_reg[0]
         u_RegFile/RdData_reg[5]
         u_RegFile/RdData_reg[4]
         u_RegFile/RdData_reg[3]
         u_RegFile/RegFile_reg[4][7]
         u_REF_RST_Sync/sync_reg_reg[0]
         u_REF_RST_Sync/sync_reg_reg[1]
         u_UART_RST_Sync/sync_reg_reg[0]
         u_UART_RST_Sync/sync_reg_reg[1]
         u_SysCtrl/RdEn_reg
         u_SysCtrl/CLK_EN_reg
         u_SysCtrl/Cur_S_reg[3]
         u_SysCtrl/FIFO_W_INC_reg
         u_SysCtrl/RF_WrData_reg[4]
         u_SysCtrl/RF_WrData_reg[3]
         u_SysCtrl/RF_WrData_reg[2]
         u_SysCtrl/RF_WrData_reg[1]
         u_SysCtrl/RF_WrData_reg[0]
         u_SysCtrl/WrEn_reg
         u_SysCtrl/ALU_FUN_reg[3]
         u_SysCtrl/ALU_FUN_reg[2]
         u_SysCtrl/ALU_FUN_reg[1]
         u_SysCtrl/ALU_FUN_reg[0]
         u_SysCtrl/RF_WrData_reg[7]
         u_SysCtrl/RF_WrData_reg[6]
         u_SysCtrl/RF_WrData_reg[5]
         u_SysCtrl/Cur_S_reg[2]
         u_SysCtrl/FIFO_WR_DATA_reg[7]
         u_SysCtrl/FIFO_WR_DATA_reg[6]
         u_SysCtrl/FIFO_WR_DATA_reg[5]
         u_SysCtrl/FIFO_WR_DATA_reg[4]
         u_SysCtrl/FIFO_WR_DATA_reg[3]
         u_SysCtrl/FIFO_WR_DATA_reg[2]
         u_SysCtrl/FIFO_WR_DATA_reg[1]
         u_SysCtrl/FIFO_WR_DATA_reg[0]
         u_SysCtrl/RF_ADDR_reg[3]
         u_SysCtrl/RF_ADDR_reg[2]
         u_SysCtrl/RF_ADDR_reg[1]
         u_SysCtrl/RF_ADDR_reg[0]
         u_SysCtrl/Cur_S_reg[1]
         u_SysCtrl/Cur_S_reg[0]
         u_SysCtrl/ALU_EN_reg
         u_FIFO/u_fifo_mem/mem_Buffer_reg[6][7]
         u_FIFO/u_fifo_mem/mem_Buffer_reg[6][6]
         u_FIFO/u_fifo_mem/mem_Buffer_reg[6][5]
         u_FIFO/u_fifo_mem/mem_Buffer_reg[6][4]
         u_FIFO/u_fifo_mem/mem_Buffer_reg[6][3]
         u_FIFO/u_fifo_mem/mem_Buffer_reg[6][2]
         u_FIFO/u_fifo_mem/mem_Buffer_reg[6][1]
         u_FIFO/u_fifo_mem/mem_Buffer_reg[6][0]
         u_FIFO/u_fifo_mem/mem_Buffer_reg[5][7]
         u_FIFO/u_fifo_mem/mem_Buffer_reg[5][6]
         u_FIFO/u_fifo_mem/mem_Buffer_reg[5][5]
         u_FIFO/u_fifo_mem/mem_Buffer_reg[5][4]
         u_FIFO/u_fifo_mem/mem_Buffer_reg[5][3]
         u_FIFO/u_fifo_mem/mem_Buffer_reg[5][2]
         u_FIFO/u_fifo_mem/mem_Buffer_reg[5][1]
         u_FIFO/u_fifo_mem/mem_Buffer_reg[5][0]
         u_FIFO/u_fifo_mem/mem_Buffer_reg[4][7]
         u_FIFO/u_fifo_mem/mem_Buffer_reg[4][6]
         u_FIFO/u_fifo_mem/mem_Buffer_reg[4][5]
         u_FIFO/u_fifo_mem/mem_Buffer_reg[4][4]
         u_FIFO/u_fifo_mem/mem_Buffer_reg[4][3]
         u_FIFO/u_fifo_mem/mem_Buffer_reg[4][2]
         u_FIFO/u_fifo_mem/mem_Buffer_reg[4][1]
         u_FIFO/u_fifo_mem/mem_Buffer_reg[4][0]
         u_FIFO/u_fifo_mem/mem_Buffer_reg[7][7]
         u_FIFO/u_fifo_mem/mem_Buffer_reg[7][6]
         u_FIFO/u_fifo_mem/mem_Buffer_reg[7][5]
         u_FIFO/u_fifo_mem/mem_Buffer_reg[7][3]
         u_FIFO/u_fifo_mem/mem_Buffer_reg[7][2]
         u_FIFO/u_fifo_mem/mem_Buffer_reg[7][1]
         u_FIFO/u_fifo_mem/mem_Buffer_reg[7][0]
         u_FIFO/u_fifo_mem/mem_Buffer_reg[2][7]
         u_FIFO/u_fifo_mem/mem_Buffer_reg[2][6]
         u_FIFO/u_fifo_mem/mem_Buffer_reg[2][5]
         u_FIFO/u_fifo_mem/mem_Buffer_reg[2][4]
         u_FIFO/u_fifo_mem/mem_Buffer_reg[2][3]
         u_FIFO/u_fifo_mem/mem_Buffer_reg[2][2]
         u_FIFO/u_fifo_mem/mem_Buffer_reg[2][1]
         u_FIFO/u_fifo_mem/mem_Buffer_reg[2][0]
         u_FIFO/u_fifo_mem/mem_Buffer_reg[3][7]
         u_FIFO/u_fifo_mem/mem_Buffer_reg[3][6]
         u_FIFO/u_fifo_mem/mem_Buffer_reg[3][5]
         u_FIFO/u_fifo_mem/mem_Buffer_reg[3][4]
         u_FIFO/u_fifo_mem/mem_Buffer_reg[3][3]
         u_FIFO/u_fifo_mem/mem_Buffer_reg[3][2]
         u_FIFO/u_fifo_mem/mem_Buffer_reg[3][1]
         u_FIFO/u_fifo_mem/mem_Buffer_reg[3][0]
         u_FIFO/u_fifo_mem/mem_Buffer_reg[1][7]
         u_FIFO/u_fifo_mem/mem_Buffer_reg[1][6]
         u_FIFO/u_fifo_mem/mem_Buffer_reg[1][5]
         u_FIFO/u_fifo_mem/mem_Buffer_reg[1][4]
         u_FIFO/u_fifo_mem/mem_Buffer_reg[1][3]
         u_FIFO/u_fifo_mem/mem_Buffer_reg[1][2]
         u_FIFO/u_fifo_mem/mem_Buffer_reg[1][1]
         u_FIFO/u_fifo_mem/mem_Buffer_reg[1][0]
         u_FIFO/u_fifo_mem/mem_Buffer_reg[0][7]
         u_FIFO/u_fifo_mem/mem_Buffer_reg[0][6]
         u_FIFO/u_fifo_mem/mem_Buffer_reg[0][5]
         u_FIFO/u_fifo_mem/mem_Buffer_reg[0][4]
         u_FIFO/u_fifo_mem/mem_Buffer_reg[0][3]
         u_FIFO/u_fifo_mem/mem_Buffer_reg[0][2]
         u_FIFO/u_fifo_mem/mem_Buffer_reg[0][1]
         u_FIFO/u_fifo_mem/mem_Buffer_reg[0][0]
         u_FIFO/u_fifo_mem/mem_Buffer_reg[7][4]
         u_FIFO/u_fifo_wr/grey_w_ptr_reg[3]
         u_FIFO/u_fifo_wr/grey_w_ptr_reg[1]
         u_FIFO/u_fifo_wr/grey_w_ptr_reg[2]
         u_FIFO/u_fifo_wr/grey_w_ptr_reg[0]
         u_FIFO/u_fifo_wr/w_ptr_reg[0]
         u_FIFO/u_fifo_wr/w_ptr_reg[2]
         u_FIFO/u_fifo_wr/w_ptr_reg[1]
         u_FIFO/u_fifo_wr/w_ptr_reg[3]
         u_FIFO/u_fifo_rd/grey_r_ptr_reg[0]
         u_FIFO/u_fifo_rd/grey_r_ptr_reg[3]
         u_FIFO/u_fifo_rd/grey_r_ptr_reg[2]
         u_FIFO/u_fifo_rd/grey_r_ptr_reg[1]
         u_FIFO/u_fifo_rd/r_ptr_reg[3]
         u_FIFO/u_fifo_rd/r_ptr_reg[0]
         u_FIFO/u_fifo_rd/r_ptr_reg[1]
         u_FIFO/u_fifo_rd/r_ptr_reg[2]
         u_FIFO/u_sync_w2r/sync_reg_reg[1][3]
         u_FIFO/u_sync_w2r/sync_reg_reg[1][2]
         u_FIFO/u_sync_w2r/sync_reg_reg[1][1]
         u_FIFO/u_sync_w2r/sync_reg_reg[1][0]
         u_FIFO/u_sync_w2r/sync_reg_reg[0][2]
         u_FIFO/u_sync_w2r/sync_reg_reg[0][1]
         u_FIFO/u_sync_w2r/sync_reg_reg[0][0]
         u_FIFO/u_sync_w2r/sync_reg_reg[0][3]
         u_FIFO/u_sync_r2w/sync_reg_reg[1][3]
         u_FIFO/u_sync_r2w/sync_reg_reg[1][2]
         u_FIFO/u_sync_r2w/sync_reg_reg[1][1]
         u_FIFO/u_sync_r2w/sync_reg_reg[1][0]
         u_FIFO/u_sync_r2w/sync_reg_reg[0][3]
         u_FIFO/u_sync_r2w/sync_reg_reg[0][2]
         u_FIFO/u_sync_r2w/sync_reg_reg[0][1]
         u_FIFO/u_sync_r2w/sync_reg_reg[0][0]
         u_UART/u_UART_TX_TOP/U0_serializer/Counter_reg[2]
         u_UART/u_UART_TX_TOP/U0_serializer/Counter_reg[1]
         u_UART/u_UART_TX_TOP/U0_serializer/Counter_reg[0]
         u_UART/u_UART_TX_TOP/U2_FSM/PAR_TYP_Registered_reg
         u_UART/u_UART_TX_TOP/U2_FSM/P_DATA_Registered_reg[1]
         u_UART/u_UART_TX_TOP/U2_FSM/P_DATA_Registered_reg[5]
         u_UART/u_UART_TX_TOP/U2_FSM/P_DATA_Registered_reg[4]
         u_UART/u_UART_TX_TOP/U2_FSM/P_DATA_Registered_reg[0]
         u_UART/u_UART_TX_TOP/U2_FSM/P_DATA_Registered_reg[3]
         u_UART/u_UART_TX_TOP/U2_FSM/P_DATA_Registered_reg[7]
         u_UART/u_UART_TX_TOP/U2_FSM/P_DATA_Registered_reg[2]
         u_UART/u_UART_TX_TOP/U2_FSM/P_DATA_Registered_reg[6]
         u_UART/u_UART_TX_TOP/U2_FSM/PAR_EN_Registered_reg
         u_UART/u_UART_TX_TOP/U2_FSM/Cur_S_reg[1]
         u_UART/u_UART_TX_TOP/U2_FSM/Cur_S_reg[2]
         u_UART/u_UART_TX_TOP/U2_FSM/Cur_S_reg[0]
         u_UART/u_UART_RX/u_Sampler/first_sample_reg
         u_UART/u_UART_RX/u_Sampler/second_sample_reg
         u_UART/u_UART_RX/u_Sampler/third_sample_reg
         u_UART/u_UART_RX/u_Edge_Bit_Counter/Bit_Count_reg[3]
         u_UART/u_UART_RX/u_Edge_Bit_Counter/Bit_Count_reg[1]
         u_UART/u_UART_RX/u_Edge_Bit_Counter/Edge_Count_reg[4]
         u_UART/u_UART_RX/u_Edge_Bit_Counter/Edge_Count_reg[0]
         u_UART/u_UART_RX/u_Edge_Bit_Counter/Bit_Count_reg[2]
         u_UART/u_UART_RX/u_Edge_Bit_Counter/Bit_Count_reg[0]
         u_UART/u_UART_RX/u_Edge_Bit_Counter/Edge_Count_reg[1]
         u_UART/u_UART_RX/u_Edge_Bit_Counter/Edge_Count_reg[3]
         u_UART/u_UART_RX/u_Edge_Bit_Counter/Edge_Count_reg[2]
         u_UART/u_UART_RX/u_Deserializer/P_DATA_reg[7]
         u_UART/u_UART_RX/u_Deserializer/P_DATA_reg[6]
         u_UART/u_UART_RX/u_Deserializer/P_DATA_reg[5]
         u_UART/u_UART_RX/u_Deserializer/P_DATA_reg[4]
         u_UART/u_UART_RX/u_Deserializer/P_DATA_reg[3]
         u_UART/u_UART_RX/u_Deserializer/P_DATA_reg[2]
         u_UART/u_UART_RX/u_Deserializer/P_DATA_reg[1]
         u_UART/u_UART_RX/u_Deserializer/P_DATA_reg[0]
         u_UART/u_UART_RX/u_Start_Checker/start_glitch_reg
         u_UART/u_UART_RX/u_Stop_Checker/stp_err_reg
         u_UART/u_UART_RX/u_Parity_Checker/par_bit_reg
         u_UART/u_UART_RX/u_Parity_Checker/par_err_reg
         u_UART/u_UART_RX/u_UART_RX_FSM/Cur_S_reg[1]
         u_UART/u_UART_RX/u_UART_RX_FSM/Cur_S_reg[0]
         u_UART/u_UART_RX/u_UART_RX_FSM/Cur_S_reg[2]
         u_UART/u_UART_RX/u_UART_RX_FSM/DATA_VALID_reg

....Inferring feed-through connections....
Information: Test design rule checking completed. (TEST-123)
  Running test coverage estimation...
 15512 faults were added to fault list.
 0            8080   4361         0/0/1    71.35%      0.01
 0            1818   2543         0/0/1    83.08%      0.01
 0             750   1790         3/0/1    87.94%      0.02
 0             539   1248         6/0/1    91.43%      0.02
 0             312    934         8/0/3    93.46%      0.02
 0             225    706         9/0/3    94.93%      0.02
 0             157    543        12/0/3    95.98%      0.03
 0             128    413        14/0/3    96.82%      0.03
 0             140    267        19/0/3    97.76%      0.03
 0              81    176        25/0/5    98.35%      0.03
 0              64    107        29/0/7    98.80%      0.03
 0              51     42        36/0/8    99.22%      0.04
 0              27     14        37/0/8    99.40%      0.04
 
            Pattern Summary Report
 -----------------------------------------------
 #internal patterns                           0
 -----------------------------------------------
 

     Uncollapsed Stuck Fault Summary Report
 -----------------------------------------------
 fault class                     code   #faults
 ------------------------------  ----  ---------
 Detected                         DT      15350
 Possibly detected                PT          0
 Undetectable                     UD         69
 ATPG untestable                  AU         79
 Not detected                     ND         14
 -----------------------------------------------
 total faults                             15512
 test coverage                            99.40%
 -----------------------------------------------
  Information: The test coverage above may be inferior
               than the real test coverage with customized
               protocol and test simulation library.
1
############################## close svf file ###############################
set_svf -off
1
#############################################################################
# Write out files
#############################################################################
write_file -format verilog -hierarchy -output netlists/$top_module.ddc
Writing verilog file '/mnt/hgfs/Shared_Folder/System/DFT/netlists/System_Top.ddc'.
Warning: Verilog 'assign' or 'tran' statements are written out. (VO-4)
1
write_file -format verilog -hierarchy -output netlists/$top_module.v
Writing verilog file '/mnt/hgfs/Shared_Folder/System/DFT/netlists/System_Top.v'.
Warning: Verilog 'assign' or 'tran' statements are written out. (VO-4)
1
write_sdf  sdf/$top_module.sdf
Information: Annotated 'cell' delays are assumed to include load delay. (UID-282)
Information: Writing timing information to file '/mnt/hgfs/Shared_Folder/System/DFT/sdf/System_Top.sdf'. (WT-3)
Information: Updating design information... (UID-85)
1
write_sdc  -nosplit sdc/$top_module.sdc
1
####################### reporting ##########################################
report_area -hierarchy > reports/area.rpt
report_power -hierarchy > reports/power.rpt
report_timing -delay_type min > reports/hold.rpt
report_timing -delay_type max > reports/setup.rpt
report_clock -attributes > reports/clocks.rpt
################# starting graphical user interface #######################
#gui_start
exit

Memory usage for main task 309 Mbytes.
Memory usage for this session 309 Mbytes.
CPU usage for this session 22 seconds ( 0.01 hours ).

Thank you...
