
################################################################################
#
# This file has been generated by SpyGlass:
#     Report Name      : moresimple
#     Report Created by: ICer
#     Report Created on:  Mon Sep 28 01:58:41 2026
#     Working Directory: /mnt/hgfs/Shared_Folder/System/System_Lint
#     SpyGlass Version : SpyGlass_vL-2016.06
#     Policy Name      : SpyGlass(SpyGlass_vL-2016.06)
#                        clock-reset(SpyGlass_vL-2016.06)
#
#     Total Number of Generated Messages        :         17
#     Number of Waived Messages                 :          2
#     Number of Reported Messages (New)         :          0
#     Number of Reported Messages (PreExisting) :         15
#     Number of Reported Messages (Fixed)       :          0
#     Number of Overlimit Messages              :          0
#
#
################################################################################

+++++++++++++++++++++++++++++++++++++++++++++++++++++++++++++++++++++++
MORESIMPLE REPORT:


############### PreExisting Messages -> BuiltIn -> RuleGroup=Design Read ###############
+++++++++++++++++++++++++++++++++++++++++++++++++++++++++++++++++++++++++++++++++++++++
ID       Rule                    Alias                   Severity    File                                                                                          Line    Wt    Message
======================================================================================
[1]      DetectTopDesignUnits    DetectTopDesignUnits    Info        /home/ICer/Shared_Folder/System/RTL/System_Top/System_Top.v                                   1       2     Module System_Top is a top level design unit
[19]     Domain_Matrix01                                 Info        system.sgdc                                                                                   4       10    Domain Matrix for design "System_Top",  based on the individual constraints defined in the SDC as inferred in the Sta mode
[0]      ElabSummary             ElabSummary             Info        ./spyglass-1/System_Top/rdc/rdc_verify_struct/spyglass_reports/SpyGlass/elab_summary.rpt      0       2     Please refer file './spyglass-1/System_Top/rdc/rdc_verify_struct/spyglass_reports/SpyGlass/elab_summary.rpt' for elab summary report
[26]     Info_Case_Analysis      showSimVal              Info        /home/ICer/Shared_Folder/System/RTL/System_Top/System_Top.v                                   1       10    Information for set_case_analysis value propagation for design 'System_Top' is displayed
[21]     SDC2SGDC_INFO                                   Info        ./spyglass-1/System_Top/rdc/rdc_verify_struct/spyglass_reports/sdc2sgdc/sdc2sgdc.sgdc.9181    1       10    Sgdc file "./spyglass-1/System_Top/rdc/rdc_verify_struct/spyglass_reports/sdc2sgdc/sdc2sgdc.sgdc.9181" generated after successful SDC2SGDC translation
[22]     SDC_Mapping01                                   Info        N.A                                                                                           0       10    Mapping of SDC Commands Generated
+++++++++++++++++++++++++++++++++++++++++++++++++++++++++++++++++++++++++++++++++++++++


############### PreExisting Messages -> BuiltIn -> RuleGroup=SGDC Checks ###############
+++++++++++++++++++++++++++++++++++++++++++++++++++++++++++++++++++++++++++++++++++++++
ID       Rule                Alias    Severity    File           Line    Wt    Message
======================================================================================
[25]     SGDC_sync_cell10             Info        system.sgdc    44      2     Constraint 'sync_cell': Overlapping constraint specification found. All the specifications will be used for rule-checking
+++++++++++++++++++++++++++++++++++++++++++++++++++++++++++++++++++++++++++++++++++++++


############### PreExisting Messages -> Non-BuiltIn -> Goal=rdc/rdc_verify_struct ###############
+++++++++++++++++++++++++++++++++++++++++++++++++++++++++++++++++++++++++++++++++++++++
ID       Rule                      Alias    Severity    File                                                           Line    Wt    Message
======================================================================================
[29]     Ar_resetcross_matrix01             Info        /home/ICer/Shared_Folder/System/RTL/System_Top/System_Top.v    1       10    '0' Reset Domain Crossings identified for '1' resets for design 'System_Top'
[2A]     Clock_info02                       Info        N.A.                                                           0       2     Clock Tree generated
[27]     Clock_info03b                      Info        /home/ICer/Shared_Folder/System/RTL/Sys_Ctrl/Sys_Ctrl.v        154     2     Data pin of flop System_Top.u_SysCtrl.CLK_DIV_EN, clocked by System_Top.REF_CLK , is tied to constant value 1
[35]     Clock_info15                       Info        N.A.                                                           0       2     Port-Clock information generated for PortClockMatrix report
[23]     Propagate_Clocks                   Info        /home/ICer/Shared_Folder/System/RTL/System_Top/System_Top.v    3       2     For System_Top, clock(s) 'System_Top.REF_CLK' of domain 'd0' propagated
[24]     Propagate_Clocks                   Info        /home/ICer/Shared_Folder/System/RTL/System_Top/System_Top.v    3       2     For System_Top, clock(s) 'System_Top.UART_CLK' of domain 'd1' propagated
[28]     Propagate_Resets                   Info        /home/ICer/Shared_Folder/System/RTL/System_Top/System_Top.v    3       2     For System_Top, reset 'System_Top.RST' propagated
[2B]     Reset_info02                       Info        N.A.                                                           0       2     Reset Tree generated
+++++++++++++++++++++++++++++++++++++++++++++++++++++++++++++++++++++++++++++++++++++++
