
################################################################################
#
# This file has been generated by SpyGlass:
#     Report Name      : no_msg_reporting_rules
#     Report Created by: ICer
#     Report Created on:  Mon Sep 28 01:58:41 2026
#     Working Directory: /mnt/hgfs/Shared_Folder/System/System_Lint
#     SpyGlass Version : SpyGlass_vL-2016.06
#     Policy Name      : SpyGlass(SpyGlass_vL-2016.06)
#                        clock-reset(SpyGlass_vL-2016.06)
#
#     Total Number of Generated Messages        :         17
#     Number of Waived Messages                 :          2
#     Number of Reported Messages (New)         :          0
#     Number of Reported Messages (PreExisting) :         15
#     Number of Reported Messages (Fixed)       :          0
#     Number of Overlimit Messages              :          0
#
#
################################################################################

NO VIOLATION RULE REPORT :
++++++++++++++++++++++++++++++++++++++++++++++++++++++++++++++++++++++++++++++++

Following rules did not produce any violation or waived off during spyglass run

++++++++++++++++++++++++++++++++++++++++++++++++++++++++++++++++++++++++++++++++


================================================================================
	INDEX                                   RULE-NAME
================================================================================
	1                                  Ar_resetcross01
	2                                  Clock_info03a
	3                                  Clock_info03c
	4                                  Clock_info05
	5                                  Clock_info05b
	6                                  Reset_info09a
	7                                  Setup_port01
================================================================================
