
################################################################################
#
# This file has been generated by SpyGlass:
#     Report Name      : waiver
#     Report Created by: ICer
#     Report Created on:  Mon Sep 28 01:58:41 2026
#     Working Directory: /mnt/hgfs/Shared_Folder/System/System_Lint
#     SpyGlass Version : SpyGlass_vL-2016.06
#     Policy Name      : SpyGlass(SpyGlass_vL-2016.06)
#                        clock-reset(SpyGlass_vL-2016.06)
#
#     Total Number of Generated Messages        :         17
#     Number of Waived Messages                 :          2
#     Number of Reported Messages (New)         :          0
#     Number of Reported Messages (PreExisting) :         15
#     Number of Reported Messages (Fixed)       :          0
#     Number of Overlimit Messages              :          0
#
#
################################################################################

WAIVER REPORT:
+++++++++++++++++++++++++++++++++++++++++++++++++++++++++++++++++++++++++++++++

Design Issues Waiver Report
+++++++++++++++++++++++++++++++++++++++++++++++++++++++++++++++++++++++++++++++

Waiver comment : Created by ICer on 28-Sep-2026 01:58:15 async RST handled within RST Synchronizers 
waive -rule "Setup_port01" 
#spg_backref : "./spyglass-1/System_Top/rdc/rdc_verify_struct/spyglass-1_waiver_file.awl" 1

2 message(s) waived:
===============================================================================
Index    Rule         Severity File                                                                                                      Line Wt Message
===============================================================================
[34]     Setup_port01 Error    /home/ICer/Shared_Folder/System/RTL/System_Top/System_Top.v                                               1    2  Port coverage for top design unit 'System_Top' is: '1' (25.00 %) port(s) not fully constrained
[36]     Setup_port01 Info     ./spyglass-1/System_Top/rdc/rdc_verify_struct/spyglass_reports/clock-reset/System_Top_input_abstract.sgdc 0    2  Abstracted sgdc file for input ports of block 'System_Top' is generated
===============================================================================

