
################################################################################
#
# This file has been generated by SpyGlass:
#     Report Name      : CKSGDCInfo
#     Report Created by: ICer
#     Report Created on:  Mon Sep 28 01:57:25 2026
#     Working Directory: /mnt/hgfs/Shared_Folder/System/System_Lint
#     SpyGlass Version : SpyGlass_vL-2016.06
#     Policy Name      : clock-reset(SpyGlass_vL-2016.06)
#     Comment          : Reports SGDC Information
#
################################################################################

################################################################################
# 
# Purpose:
#     This report provides information related to 'clock','reset','input',
#     'set_case_analysis','output','define_reset_order','reset_filter_path','allow_combo_logic',
#     'quasi_static','output_not_used','num_flops','network_allowed_cells',
#     'qualifier','assume_path','signal_in_domain','ip_block','fifo' and
#     'cdc_false_path' constraints settings specified in the SGDC file.
# 
# Format: 
#     This report lists the following information :                               
#     A. Names of clocks specified using 'clock' constraint.                       
#     B. Names of resets specified using 'reset' constraint.                       
#     C. Names of ports on which 'set_case_analysis' has been set.                         
#     D. Valid reset ordering specified using 'define_reset_order' constraint             
#     E. Names of modules specified using 'allow_combo_logic' constraint in sgdc file 
#     F. Names of signals specified using 'quasi_static' constraint in sgdc file 
#     G. Output ports specified using 'output_not_used' constraint in sgdc file 
#     H. Conventional multi-flop synchronizer information specified using 'num_flops' constraint in sgdc file 
#     I. Cells specified using 'network_allowed_cells' constraint in sgdc file 
#     J. Signals specified using 'qualifier' constraint in sgdc file 
#     K. Modules specified using 'ip_block' constraint in sgdc file 
#     L. FIFO specified using 'fifo' constraint in sgdc file 
#     M. False path specified using 'cdc_false_path' constraint in sgdc file 
#     N. Names of top-level ports specified using 'abstract_port' constraint in sgdc file          
#     O. Names of top-level input ports specified using 'input' constraint in sgdc file          
#     P. Names of top-level output ports specified using 'output' constraint in sgdc file 
#     Q. Names of top-level ports not specified using any of 'input', 'output', 'clock', 'reset'(asynchronous reset), 'set_case_analysis', 'quasi_static' or 'abstract_port' constraint in sgdc file. 
#     R. Black-box data-ports specified using 'abstract_port' constraint in sgdc file      
#     S. Black-box ports specified using 'assume_path' constraint in sgdc file        
#     T. Black-box ports specified using 'signal_in_domain' constraint in sgdc file      
#     U. Black-box data-ports not specified using any of 'assume_path', 'signal_in_domain', 'clock', 'reset', 'set_case_analysis', 'quasi_static' or 'abstract_port' constraint in sgdc file      
#     V. Synchronizer module/cell information specified using 'sync_cell' constraint  
#     W. Reset synchronizers specified using 'reset_synchronizer' constraint  
#     X. Isolation enables specified using UPF format of 'power_data' constraint  
#     Y. Valid signals specified using 'gray_signals' constraint  
#     Z. Valid stop point for clock using 'clock_sense' constraint 
#     AA. Signals specified using 'cdc_filter_coherency' constraint 
#     BB. Signals specified using 'generated_clock' constraint 
#     CC. Modules specified using 'meta_module' constraint 
#     DD. Hierarchical instances specified using 'meta_inst' constraint 
#     EE. Filter out reset crossing specified using 'reset_filter_path' constraint             
#     FF. Mutually exclusive and unrelated signals specified using 'cdc_attribute' constraint
#     GG. Information of cdc_waive constraints.
#     HH. Values for the options of quasi_static_style constraint 
#     II. Information of check_clock_relation constraints.
################################################################################



  A. Names of clocks specified using 'clock' constraint. 
**************************************************************************************************************************************
**************************************************************************************************************************************
--------------------------------------------------------------------------------------------------------------------------------------
  S. No.         Clock Name                 Clock Tag               Clock Domain              Period             SGDC File:Line
--------------------------------------------------------------------------------------------------------------------------------------
    1.     System_Top.REF_CLK          REF_Clock              d0                          10                ./System.sdc:16
    2.     System_Top.UART_CLK         UART_Clock             d1                          271.266998        ./System.sdc:22
--------------------------------------------------------------------------------------------------------------------------------------



  B. Names of resets specified using 'reset' constraint. 
*************************************************************************************************************************
*************************************************************************************************************************
-------------------------------------------------------------------------------------------------------------------------
  S. No.         Reset Name                   Sync Type               Reset Active Value            SGDC File:Line
-------------------------------------------------------------------------------------------------------------------------
    1.     System_Top.RST              async                       0                           system.sgdc:14
-------------------------------------------------------------------------------------------------------------------------



  C. Names of ports on which 'set_case_analysis' has been set. 
  This section is empty. This is because
  'set_case_analysis' constraint has not been specified.


  D. Valid reset ordering specified using 'define_reset_order' constraint. 
  This section is empty. This is because
  no 'define_reset_order' constraint has been defined 
  or rule Ac_resetcross01 has not been run.


  E. Names of modules specified using 'allow_combo_logic' constraint. 
  This section is empty. This is because
  no module is specified using 'allow_combo_logic' constraint.


  F. Names of signals specified using 'quasi_static' constraint. 
*********************************************************************************************************
*********************************************************************************************************
---------------------------------------------------------------------------------------------------------
  S. No.                   Signal Name                                       SGDC File:Line
---------------------------------------------------------------------------------------------------------
    1.     System_Top.CLK_DIV_EN                           system.sgdc:28
    2.     System_Top.CONFIG[0:7]                          system.sgdc:25
    3.     System_Top.TX_CLK_DIV_RATIO[0:7]                system.sgdc:26
    4.     System_Top.RX_CLK_DIV_RATIO[0:2]                system.sgdc:27
---------------------------------------------------------------------------------------------------------



  G. Names of output Ports specified using 'output_not_used' constraint. 
  This section is empty. This is because
  no information is specified using 'output_not_used' constraint.


  H. Conventional multi-flop synchronizer information specified using 'num_flops' constraint 
  This section is empty. This is because
  no information is specified using 'num_flops' constraint.


  I. Cells specified using 'network_allowed_cells' constraint 
  This section is empty. This is because
  no 'network_allowed_cells' constraint has been defined 
  or rule Clock_Reset_check01 has not been run.


  J. Signals specified using 'qualifier' constraint 
  This section is empty. This is because
  no information is specified using 'qualifier' constraint.


  K. Modules specified using 'ip_block' constraint 
  This section is empty. This is because
  no module is specified using 'ip_block' constraint.


  L. FIFO specified using 'fifo' constraint 
  This section is empty. This is because
  no FIFO is specified using 'fifo' constraint.


  M. False path specified using 'cdc_false_path' constraint 
  This section is empty. This is because
  no data is specified using 'cdc_false_path' constraint.


  N. Names of top-level ports specified using 'abstract_port' constraint 
**********************************************************************************************************************************************
**********************************************************************************************************************************************
----------------------------------------------------------------------------------------------------------------------------------------------
    S.No       Port Name        Clock    Reset    Comb   Path Logic  Comb_Ifn  Sync    From     To     Seq     SGDC File:Line   Ignored
----------------------------------------------------------------------------------------------------------------------------------------------
  1.      System_Top.RX_IN   UART_CLK   -       -       -            -       -       -       -       -       ./System.sdc:36   -


----------------------------------------------------------------------------------------------------------------------------------------------



  O. Names of top-level input ports specified using 'input' constraint 
  This section is empty. This is because
  'input' constraint has not been specified.


  P. Names of output ports specified using 'output' constraint 
**********************************************************************************************************************
**********************************************************************************************************************
----------------------------------------------------------------------------------------------------------------------
  S. No.                  Port Name                          Clock Name Used                  SGDC File:Line
----------------------------------------------------------------------------------------------------------------------
    1.     System_Top.TX_OUT                          UART_CLK                         ./System.sdc:37
----------------------------------------------------------------------------------------------------------------------



  Q. Names of top-level ports not specified using any of 'input', 'output', 'clock', 'reset'(asynchronous reset), 'set_case_analysis', 'quasi_static' or 'abstract_port' constraints.
  This section is empty. This is because
  some constraints have been specified for ports.


  R. Black-box data-ports specified using 'abstract_port' constraint.
  This section is empty. This is because
  no information is specified using 'abstract_port' constraint for Black-boxes data-ports.


  S. Black-box ports specified using 'assume_path' constraint. 
  This section is empty. This is because
  no information is specified using 'assume_path' constraint for Black-boxes.


  T. Black-box ports specified using 'signal_in_domain' constraint.
  This section is empty. This is because
  no information is specified using 'signal_in_domain' constraint for Black-boxes.


  U. Black-box data-ports not specified using any of 'assume_path', 'signal_in_domain','clock', 'reset', 'set_case_analysis', 'quasi_static' or 'abstract_port' constraints.
  This section is empty. This is because
  either some constraint has been specified for all data-ports of black boxes or there are no blackboxes in the design.


  V. Synchronizer module/cell information specified using 'sync_cell' constraint 
*********************************************************************************************************************************
*********************************************************************************************************************************
---------------------------------------------------------------------------------------------------------------------------------
   S.No.           Names              Src Clock/Domain/Period         Dest Clock/Domain/Period         SGDC File:Line
---------------------------------------------------------------------------------------------------------------------------------
  1       Data_Bus_Sync          -                                -                                system.sgdc:43
  2       DF_SYNC                -                                -                                system.sgdc:44
---------------------------------------------------------------------------------------------------------------------------------


  W. Reset synchronizers specified using 'reset_synchronizer' constraint  
  This section is empty. This is because
  no information is specified using 'reset_synchronizer' constraint.


  X. Isolation enables specified using UPF format of 'power_data' constraint  
  This section is empty. This is because
  no information is specified using UPF format of 'power_data' constraint.


  Y. Valid signals specified using 'gray_signals' constraint  
  This section is empty. This is because
  no information is specified using valid 'gray_signals' constraint.


  Z. Valid stop points for clock specified using 'clock_sense' constraint  
  This section is empty. This is because
  no information is specified using valid 'clock_sense' constraint.


  AA. Signals specified using 'cdc_filter_coherency' constraint  
  This section is empty. This is because
  no information is specified using valid 'cdc_filter_coherency' constraint.


  BB. Signals specified using 'generated_clock' constraint  
  This section is empty. This is because
  'generated_clock' constraint has not been specified.


  CC. Modules specified using 'meta_module' constraint 
  This section is empty. This is because
  no information is specified using 'meta_module' constraint
 or Ac_meta01 rule is not run.


  DD. Hierarchical instances specified using 'meta_inst' constraint 
  This section is empty. This is because
  no information is specified using 'meta_inst' constraint
 or Ac_meta01 rule is not run.


  EE. Filter out reset crossing specified using 'reset_filter_path' constraint. 
  This section is empty. This is because
  no 'reset_filter_path' constraint has been defined 
  or rule Ar_resetcross01/Ar_sync_group/Reset_sync02 has not been run.


  FF. Mutually exclusive and unrelated signals specified using 'cdc_attribute' constraint. 
---------------------------------------------------------------------------------------------------------------------------
  S. No.                             Signal Name                                 Type of Signal         SGDC File:Line
                                                                               Exclusive/Unrelated
---------------------------------------------------------------------------------------------------------------------------
    1.     System_Top.u_RegFile.REG2[7:0], System_Top.u_RX_CLK_DIV.o_div_clk   unrelated              system.sgdc:50
    2.     System_Top.u_RegFile.REG3[7:0], System_Top.u_TX_CLK_DIV.o_div_clk   unrelated              system.sgdc:51
---------------------------------------------------------------------------------------------------------------------------


  GG. Information of cdc_waive constraints. 

  This section is empty. This is because
  no information is specified using 'cdc_waive' constraint


  HH. Values for the options of quasi_static_style constraint 
---------------------------------------------------------------------------------------------------------------------------------------------------
  S. No.        root name           min_seq_fanouts      min_domain_fanouts      check_all_signals      report_full_count            names
---------------------------------------------------------------------------------------------------------------------------------------------------
    1.     System_Top             10                     1                      false                  false                  -
---------------------------------------------------------------------------------------------------------------------------------------------------


  II. Information of check_clock_relation constraints. 
  This section is empty. This is because
  no 'check_clock_relation' constraint has been defined.
