
################################################################################
#
# This file has been generated by SpyGlass:
#     Report Name      : moresimple
#     Report Created by: ICer
#     Report Created on:  Mon Sep 28 01:57:25 2026
#     Working Directory: /mnt/hgfs/Shared_Folder/System/System_Lint
#     SpyGlass Version : SpyGlass_vL-2016.06
#     Policy Name      : SpyGlass(SpyGlass_vL-2016.06)
#                        clock-reset(SpyGlass_vL-2016.06)
#
#     Total Number of Generated Messages        :         13
#     Number of Waived Messages                 :          1
#     Number of Reported Messages (New)         :          0
#     Number of Reported Messages (PreExisting) :         12
#     Number of Reported Messages (Fixed)       :          0
#     Number of Overlimit Messages              :          0
#
#
################################################################################

+++++++++++++++++++++++++++++++++++++++++++++++++++++++++++++++++++++++
MORESIMPLE REPORT:


############### PreExisting Messages -> BuiltIn -> RuleGroup=Design Read ###############
+++++++++++++++++++++++++++++++++++++++++++++++++++++++++++++++++++++++++++++++++++++++
ID       Rule                    Alias                   Severity    File                                                                                     Line    Wt    Message
======================================================================================
[1]      DetectTopDesignUnits    DetectTopDesignUnits    Info        /home/ICer/Shared_Folder/System/RTL/System_Top/System_Top.v                              1       2     Module System_Top is a top level design unit
[19]     Domain_Matrix01                                 Info        system.sgdc                                                                              4       10    Domain Matrix for design "System_Top",  based on the individual constraints defined in the SDC as inferred in the Sta mode
[0]      ElabSummary             ElabSummary             Info        ./spyglass-1/System_Top/cdc/cdc_abstract/spyglass_reports/SpyGlass/elab_summary.rpt      0       2     Please refer file './spyglass-1/System_Top/cdc/cdc_abstract/spyglass_reports/SpyGlass/elab_summary.rpt' for elab summary report
[26]     Info_Case_Analysis      showSimVal              Info        /home/ICer/Shared_Folder/System/RTL/System_Top/System_Top.v                              1       10    Information for set_case_analysis value propagation for design 'System_Top' is displayed
[21]     SDC2SGDC_INFO                                   Info        ./spyglass-1/System_Top/cdc/cdc_abstract/spyglass_reports/sdc2sgdc/sdc2sgdc.sgdc.9181    1       10    Sgdc file "./spyglass-1/System_Top/cdc/cdc_abstract/spyglass_reports/sdc2sgdc/sdc2sgdc.sgdc.9181" generated after successful SDC2SGDC translation
[22]     SDC_Mapping01                                   Info        N.A                                                                                      0       10    Mapping of SDC Commands Generated
+++++++++++++++++++++++++++++++++++++++++++++++++++++++++++++++++++++++++++++++++++++++


############### PreExisting Messages -> BuiltIn -> RuleGroup=SGDC Checks ###############
+++++++++++++++++++++++++++++++++++++++++++++++++++++++++++++++++++++++++++++++++++++++
ID       Rule                Alias    Severity    File           Line    Wt    Message
======================================================================================
[25]     SGDC_sync_cell10             Info        system.sgdc    44      2     Constraint 'sync_cell': Overlapping constraint specification found. All the specifications will be used for rule-checking
+++++++++++++++++++++++++++++++++++++++++++++++++++++++++++++++++++++++++++++++++++++++


############### PreExisting Messages -> Non-BuiltIn -> Goal=cdc/cdc_abstract ###############
+++++++++++++++++++++++++++++++++++++++++++++++++++++++++++++++++++++++++++++++++++++++
ID       Rule                Alias    Severity    File                                                                                                                                          Line    Wt    Message
======================================================================================
[28]     Ac_abstract01                Info        ./spyglass-1/System_Top/cdc/cdc_abstract/spyglass_reports/abstract_view/System_Top_DATA_WIDTH_8_FIFO_DEPTH_8_RF_DEPTH_16_cdc_abstract.sgdc    0       2     Abstracted sgdc file for module 'System_Top' is generated
[23]     Propagate_Clocks             Info        /home/ICer/Shared_Folder/System/RTL/System_Top/System_Top.v                                                                                   3       2     For System_Top, clock(s) 'System_Top.REF_CLK' of domain 'd0' propagated
[24]     Propagate_Clocks             Info        /home/ICer/Shared_Folder/System/RTL/System_Top/System_Top.v                                                                                   3       2     For System_Top, clock(s) 'System_Top.UART_CLK' of domain 'd1' propagated
[27]     Propagate_Resets             Info        /home/ICer/Shared_Folder/System/RTL/System_Top/System_Top.v                                                                                   3       2     For System_Top, reset 'System_Top.RST' propagated
[31]     Setup_port01                 Info        ./spyglass-1/System_Top/cdc/cdc_abstract/spyglass_reports/clock-reset/System_Top_input_abstract.sgdc                                          0       2     Abstracted sgdc file for input ports of block 'System_Top' is generated
+++++++++++++++++++++++++++++++++++++++++++++++++++++++++++++++++++++++++++++++++++++++
