
################################################################################
#
# This file has been generated by SpyGlass:
#     Report Name      : no_msg_reporting_rules
#     Report Created by: ICer
#     Report Created on:  Mon Sep 28 01:57:25 2026
#     Working Directory: /mnt/hgfs/Shared_Folder/System/System_Lint
#     SpyGlass Version : SpyGlass_vL-2016.06
#     Policy Name      : SpyGlass(SpyGlass_vL-2016.06)
#                        clock-reset(SpyGlass_vL-2016.06)
#
#     Total Number of Generated Messages        :         13
#     Number of Waived Messages                 :          1
#     Number of Reported Messages (New)         :          0
#     Number of Reported Messages (PreExisting) :         12
#     Number of Reported Messages (Fixed)       :          0
#     Number of Overlimit Messages              :          0
#
#
################################################################################

NO VIOLATION RULE REPORT :
++++++++++++++++++++++++++++++++++++++++++++++++++++++++++++++++++++++++++++++++

Following rules did not produce any violation or waived off during spyglass run

++++++++++++++++++++++++++++++++++++++++++++++++++++++++++++++++++++++++++++++++


================================================================================
	INDEX                                   RULE-NAME
================================================================================
	1                                  FalsePathSetup
================================================================================
