
                                 Formality (R)

               Version L-2016.03-SP1 for linux64 - Apr 13, 2016 

                    Copyright (c) 1988 - 2016 Synopsys, Inc.
   This software and the associated documentation are proprietary to Synopsys,
 Inc. This software may only be used in accordance with the terms and conditions
 of a written license agreement with Synopsys, Inc. All other use, reproduction,
            or distribution of this software is strictly prohibited.

  ** Highlights of Formality (R) Version L-2016.03 **
   - New alternate verification strategies for resolving inconclusive verifications
   - Automation for deploying alternate strategies
   - New command to export the mapping of reference to implementation registers
   - New capability to combine PG and low power information from db libraries with Verilog functional models

   * Please refer to the Formality Release Notes for details and additional enhancements

Build: 4031317
Hostname: IC_EDA (RHEL64)
Current time: Wed Sep 30 02:43:27 2026

Loading db file '/home/synopsys/Formality2016/libraries/syn/gtech.db'
########################### Define Top Module ############################
set top_module System_Top
System_Top
######################### Formality Setup File ###########################
set synopsys_auto_setup true
true
set_svf "../../../Synthesis/$top_module.svf"
SVF set to '../../../Synthesis/System_Top.svf'.
1
set SSLIB "/home/ICer/tsmc_fb_cl013g_sc/aci/sc-m/synopsys/scmetro_tsmc_cl013g_rvt_ss_1p08v_125c.db"
/home/ICer/tsmc_fb_cl013g_sc/aci/sc-m/synopsys/scmetro_tsmc_cl013g_rvt_ss_1p08v_125c.db
set TTLIB "/home/ICer/tsmc_fb_cl013g_sc/aci/sc-m/synopsys/scmetro_tsmc_cl013g_rvt_tt_1p2v_25c.db"
/home/ICer/tsmc_fb_cl013g_sc/aci/sc-m/synopsys/scmetro_tsmc_cl013g_rvt_tt_1p2v_25c.db
set FFLIB "/home/ICer/tsmc_fb_cl013g_sc/aci/sc-m/synopsys/scmetro_tsmc_cl013g_rvt_ff_1p32v_m40c.db"
/home/ICer/tsmc_fb_cl013g_sc/aci/sc-m/synopsys/scmetro_tsmc_cl013g_rvt_ff_1p32v_m40c.db
###################################################################
###################### Reference Container ########################
###################################################################
# Read Reference Design Verilog Files
read_sverilog -container Ref -f system.lst
No target library specified, default is WORK
Initializing DesignWare ...
Initialization Complete
Loading verilog file '/home/ICer/Shared_Folder/System/RTL/ALU/ALU.v'
Loading verilog file '/home/ICer/Shared_Folder/System/RTL/ASYNC_FIFO/DF_SYNC.v'
Loading verilog file '/home/ICer/Shared_Folder/System/RTL/ASYNC_FIFO/FIFO_MEM.v'
Loading verilog file '/home/ICer/Shared_Folder/System/RTL/ASYNC_FIFO/FIFO_RD.v'
Loading verilog file '/home/ICer/Shared_Folder/System/RTL/ASYNC_FIFO/FIFO_TOP.v'
Loading verilog file '/home/ICer/Shared_Folder/System/RTL/ASYNC_FIFO/FIFO_WR.v'
Loading verilog file '/home/ICer/Shared_Folder/System/RTL/CLK_GATE/CLK_GATE.v'
Loading verilog file '/home/ICer/Shared_Folder/System/RTL/Data_Bus_Sync/Data_Bus_Sync.v'
Loading verilog file '/home/ICer/Shared_Folder/System/RTL/I_CLK_DIV/I_CLK_DIV.v'
Loading verilog file '/home/ICer/Shared_Folder/System/RTL/Pulse_Gen/pulse_gen.v'
Loading verilog file '/home/ICer/Shared_Folder/System/RTL/REG_FILE/Reg_File.v'
Loading verilog file '/home/ICer/Shared_Folder/System/RTL/RST_Synchronizer/RST_Sync.v'
Loading verilog file '/home/ICer/Shared_Folder/System/RTL/RX_CLK_DIV_MUX/RX_CLK_DIV_MUX.v'
Loading verilog file '/home/ICer/Shared_Folder/System/RTL/Sys_Ctrl/Sys_Ctrl.v'
Loading verilog file '/home/ICer/Shared_Folder/System/RTL/System_Top/System_Top_pre_dft.v'
Loading verilog file '/home/ICer/Shared_Folder/System/RTL/UART_RX/Deserializer.v'
Loading verilog file '/home/ICer/Shared_Folder/System/RTL/UART_RX/Edge_Bit_Counter.v'
Loading verilog file '/home/ICer/Shared_Folder/System/RTL/UART_RX/Parity_Checker.v'
Loading verilog file '/home/ICer/Shared_Folder/System/RTL/UART_RX/Sampler.v'
Loading verilog file '/home/ICer/Shared_Folder/System/RTL/UART_RX/Start_Checker.v'
Loading verilog file '/home/ICer/Shared_Folder/System/RTL/UART_RX/Stop_Checker.v'
Loading verilog file '/home/ICer/Shared_Folder/System/RTL/UART_RX/UART_RX.v'
Loading verilog file '/home/ICer/Shared_Folder/System/RTL/UART_RX/UART_RX_FSM.sv'
Loading verilog file '/home/ICer/Shared_Folder/System/RTL/UART_TX/MUX_4x1.v'
Loading verilog file '/home/ICer/Shared_Folder/System/RTL/UART_TX/UART_Parity.v'
Loading verilog file '/home/ICer/Shared_Folder/System/RTL/UART_TX/UART_Serializer.v'
Loading verilog file '/home/ICer/Shared_Folder/System/RTL/UART_TX/UART_TX_FSM.sv'
Loading verilog file '/home/ICer/Shared_Folder/System/RTL/UART_TX/UART_TX_TOP.v'
Created container 'Ref'
Current container set to 'Ref'
1
# Read Reference technology libraries
read_db -container Ref [list $SSLIB $TTLIB $FFLIB]
Loading db file '/home/ICer/tsmc_fb_cl013g_sc/aci/sc-m/synopsys/scmetro_tsmc_cl013g_rvt_ss_1p08v_125c.db'
Loading db file '/home/ICer/tsmc_fb_cl013g_sc/aci/sc-m/synopsys/scmetro_tsmc_cl013g_rvt_tt_1p2v_25c.db'
Loading db file '/home/ICer/tsmc_fb_cl013g_sc/aci/sc-m/synopsys/scmetro_tsmc_cl013g_rvt_ff_1p32v_m40c.db'
1
# set the top Reference Design 
set_reference_design $top_module
Reference design set to 'Ref:/WORK/System_Top'
1
set_top $top_module
Setting top design to 'Ref:/WORK/System_Top'
Status:   Elaborating design System_Top   ...  
Status:   Elaborating design ALU  WIDTH=8 ...  
Information: Created design named 'ALU_WIDTH8'. (FE-LINK-13)
Status:   Elaborating design FIFO_TOP  DATA_WIDTH=8, DEPTH=8 ...  
Information: Created design named 'FIFO_TOP_DATA_WIDTH8_DEPTH8'. (FE-LINK-13)
Status:   Elaborating design FIFO_MEM  DATA_WIDTH=8, DEPTH=8 ...  
Information: Created design named 'FIFO_MEM_DATA_WIDTH8_DEPTH8'. (FE-LINK-13)
Status:   Elaborating design FIFO_WR  DEPTH=8 ...  
Information: Created design named 'FIFO_WR_DEPTH8'. (FE-LINK-13)
Status:   Elaborating design FIFO_RD  DEPTH=8 ...  
Information: Created design named 'FIFO_RD_DEPTH8'. (FE-LINK-13)
Status:   Elaborating design DF_SYNC  DEPTH=8 ...  
Information: Created design named 'DF_SYNC_DEPTH8'. (FE-LINK-13)
Status:   Elaborating design Data_Bus_Sync  DATA_WIDTH=8, Sync_Legnth=2 ...  
Information: Created design named 'Data_Bus_Sync_DATA_WIDTH8_Sync_Legnth2'. (FE-LINK-13)
Status:   Elaborating design RX_CLK_DIV_MUX   ...  
Status:   Elaborating design I_CLK_DIV  DIV_RATIO_WIDTH=8 ...  
Information: Created design named 'I_CLK_DIV_DIV_RATIO_WIDTH8'. (FE-LINK-13)
Status:   Elaborating design I_CLK_DIV  DIV_RATIO_WIDTH=3 ...  
Information: Created design named 'I_CLK_DIV_DIV_RATIO_WIDTH3'. (FE-LINK-13)
Status:   Elaborating design pulse_gen   ...  
Status:   Elaborating design Reg_File  WIDTH=8, ADD_WIDTH=4, DEPTH=16 ...  
Information: Created design named 'Reg_File_WIDTH8_ADD_WIDTH4_DEPTH16'. (FE-LINK-13)
Status:   Elaborating design RST_Sync  NUM_STAGES=2 ...  
Information: Created design named 'RST_Sync_NUM_STAGES2'. (FE-LINK-13)
Status:   Elaborating design CLK_GATE   ...  
Status:   Elaborating design Sys_Ctrl  DATA_WIDTH=8 ...  
Information: Created design named 'Sys_Ctrl_DATA_WIDTH8'. (FE-LINK-13)
Status:   Elaborating design UART_RX   ...  
Status:   Elaborating design Sampler   ...  
Status:   Elaborating design Edge_Bit_Counter   ...  
Status:   Elaborating design Deserializer   ...  
Status:   Elaborating design Start_Checker   ...  
Status:   Elaborating design Stop_Checker   ...  
Status:   Elaborating design Parity_Checker   ...  
Status:   Elaborating design UART_RX_FSM   ...  
Status:   Elaborating design UART_TX_TOP   ...  
Status:   Elaborating design UART_Serializer   ...  
Status:   Elaborating design UART_Parity   ...  
Status:   Elaborating design UART_TX_FSM   ...  
Status:   Elaborating design MUX_4x1   ...  
Status:  Implementing inferred operators...

************ Library Checking Summary ************
Warning:  3 unlinked power cell(s) with unread pg pins.
        Use 'report_libraries -defects all' for more details.
**************************************************

Top design successfully set to 'Ref:/WORK/System_Top'
Reference design set to 'Ref:/WORK/System_Top'
1
######################## Implementation Container #########################
# Read Implementation Design Files
read_verilog -container Imp ../../../Synthesis/netlists/$top_module.v
No target library specified, default is WORK
Loading verilog file '/mnt/hgfs/Shared_Folder/System/Synthesis/netlists/System_Top.v'
Created container 'Imp'
Current container set to 'Imp'
1
# Read Implementation technology libraries
read_db -container Imp [list $SSLIB $TTLIB $FFLIB]
Loading db file '/home/ICer/tsmc_fb_cl013g_sc/aci/sc-m/synopsys/scmetro_tsmc_cl013g_rvt_ss_1p08v_125c.db'
Loading db file '/home/ICer/tsmc_fb_cl013g_sc/aci/sc-m/synopsys/scmetro_tsmc_cl013g_rvt_tt_1p2v_25c.db'
Loading db file '/home/ICer/tsmc_fb_cl013g_sc/aci/sc-m/synopsys/scmetro_tsmc_cl013g_rvt_ff_1p32v_m40c.db'
1
# set the top Implementation Design
set_implementation_design $top_module
Implementation design set to 'Imp:/WORK/System_Top'
1
set_top $top_module
Setting top design to 'Imp:/WORK/System_Top'
Status:  Implementing inferred operators...

************ Library Checking Summary ************
Warning:  3 unlinked power cell(s) with unread pg pins.
        Use 'report_libraries -defects all' for more details.
**************************************************

Top design successfully set to 'Imp:/WORK/System_Top'
Implementation design set to 'Imp:/WORK/System_Top'
1
## matching Compare points
match
Reference design is 'Ref:/WORK/System_Top'
Implementation design is 'Imp:/WORK/System_Top'
Status:  Checking designs...
    Warning: 0 (12) undriven nets found in reference (implementation) design; see formality9.log for list (FM-399)
Status:  Building verification models...
Status:  Processing Guide Commands...

***************************** Guidance Summary *****************************
                                         Status
Command                 Accepted   Rejected  Unsupported  Unprocessed  Total
----------------------------------------------------------------------------
environment         :          3          0          0          0          3
instance_map        :         28          0          0          0         28
mark                :         26          0          0          0         26
multiplier          :          2          0          0          0          2
reg_constant        :          1          0          0          0          1
transformation
   map              :         31          0          0          0         31
   share            :          4          0          0          0          4
uniquify            :          3          1          0          0          4

Note: If verification succeeds you can safely ignore unaccepted guidance commands.

SVF files read:
      ../../../Synthesis/System_Top.svf

SVF files produced:
  /mnt/hgfs/Shared_Folder/System/Formality-20260929T172450Z-1-001/Formality/post-syn/formality9_svf/
    svf.txt
****************************************************************************

Status:  Matching...
    
*********************************** Matching Results ***********************************    
 361 Compare points matched by name    
 0 Compare points matched by signature analysis    
 0 Compare points matched by topology    
 4 Matched primary inputs, black-box outputs    
 0(0) Unmatched reference(implementation) compare points    
 0(0) Unmatched reference(implementation) primary inputs, black-box outputs    
 1(0) Unmatched reference(implementation) unread points    
****************************************************************************************

1
## verify
set successful [verify]
Reference design is 'Ref:/WORK/System_Top'
Implementation design is 'Imp:/WORK/System_Top'
    
*********************************** Matching Results ***********************************    
 361 Compare points matched by name    
 0 Compare points matched by signature analysis    
 0 Compare points matched by topology    
 4 Matched primary inputs, black-box outputs    
 0(0) Unmatched reference(implementation) compare points    
 0(0) Unmatched reference(implementation) primary inputs, black-box outputs    
 1(0) Unmatched reference(implementation) unread points    
****************************************************************************************

Status:  Verifying...

***************************** Synopsys Auto Setup Summary ******************************

!!! Synopsys Auto Setup Mode was enabled. !!!
!!! Verification results are valid assuming the following setup constraints: !!!

### RTL Interpretation Setup
   set hdlin_ignore_parallel_case false
   set hdlin_ignore_full_case false
   set hdlin_error_on_mismatch_message false
   set hdlin_ignore_embedded_configuration true

### Undriven Signal Handling Setup
   set verification_set_undriven_signals synthesis

### Test Logic Setup
   set verification_verify_directly_undriven_output false
   For details see report_dont_verify_points and report_constants


For further details on Synopsys Auto Setup Mode: Type man synopsys_auto_setup
****************************************************************************************


********************************* Verification Results *********************************
Verification SUCCEEDED
   ATTENTION: synopsys_auto_setup mode was enabled.
              See Synopsys Auto Setup Summary for details.
----------------------------------------------------------
 Reference design: Ref:/WORK/System_Top
 Implementation design: Imp:/WORK/System_Top
 361 Passing compare points
----------------------------------------------------------------------------------------
Matched Compare Points     BBPin    Loop   BBNet     Cut    Port     DFF     LAT   TOTAL
----------------------------------------------------------------------------------------
Passing (equivalent)           0       0       0       0       2     358       1     361
Failing (not equivalent)       0       0       0       0       0       0       0       0
****************************************************************************************
1
if {!$successful} {
diagnose
analyze_points -failing
}
report_passing_points > "reports/passing_points.rpt"
report_failing_points > "reports/failing_points.rpt"
report_aborted_points > "reports/aborted_points.rpt"
report_unverified_points > "reports/unverified_points.rpt"
start_gui
