
################################################################################
################################################################################
#
# This file has been generated by SpyGlass:
#     Report Created by: ICer
#     Report Created on: Mon Sep 28 01:55:33 2026
#     Working Directory: /mnt/hgfs/Shared_Folder/System/System_Lint
#     Report Location  : ./spyglass-1/System_Top/cdc/cdc_verify/spyglass_reports/clock-reset/adv_cdc.rpt
#     SpyGlass Version : SpyGlass_vL-2016.06
#     Policy Name      : clock-reset(SpyGlass_vL-2016.06)
#     Comment          : Generated by clock-reset
#
################################################################################


################################################################################
#
# Purpose: 
#   This report contains the functional analysis statistics of a design.
#
# Format: 
#   It contains the following sections :
#   Section A: Clock Information
#     Lists the clock information of the design 
#   Section B: Reset Information
#     Lists the reset information of the design 
#   Section C: Set-Case Analysis Settings
#     Lists the set case analysis settings used in the design 
#   Section D: Initial State of the Design
#     Lists the initial-state statistics of the design along with the 
#     reset percentage. The initial state of each register can be seen 
#     in adv_cdc.reg file.
#   Section E: Results Summary (Current) 
#     Lists the statistics of the assertions formed for each rule.
#     Following is a description of the columns of this table:
#       Passed           - Assertions that prove are listed here
#       Failed           - Assertions that fail are listed here
#       Partially Proved - Assertions that remain unconcluded are listed along
#                          with the average depth of formal analysis
#       Not Analyzed     - This column gets populated in audit mode(-fa_audit)
#       Others           - Lists those assertions for which functional analysis
#                          could not be carried out either due to Conflicting
#                          Constraints or due to some Internal-Error
#   Section F: Results Summary (Cumulative) 
#     Lists the summary of cumulative set of assertions formed in the current 
#     run and the information of earlier runs in the property file. This section 
#     is printed when you specify a property file using the -fa_propfile
#     command-line option.
#   Section G: Assertion Details
#     Lists the assertion details. In case of failures and partially proved 
#     assertions, the depth information is also reported. 
#     The format for this is : 
#       <CycleDepth> (<Depth>) where
#           <CycleDepth> - Number of cycles of the fastest clock till that depth
#           <Depth>      - Verification Depth till which the assertion was evaluated
################################################################################

Section A: Clock Information
=============================

(clock): (period); (clock source); (rising/falling); (edgeList); (no. of flops on posedge); (no. of flops on negedge)
-----------------------------------------------------------------------------------------------------
System_Top.UART_CLK: 271.25; SGDC; Rising; (0.0, 135.6); 77; 0
System_Top.REF_CLK: 10.00; SGDC; Rising; (0.0, 5.0); 281; 0

Design Cycle: 448

##########################################################################################################


Section B: Resets Information
==============================

(reset) ; (value)
------------------------
System_Top.RST ; Active Low

##########################################################################################################


Section C: Set-Case Analysis Settings
==============================

 No set_case_analysis found

################################################################################

Section D: Initial State of the Design
======================================

Total no of FFs: 359
No of '1's: 7
No of '0's: 349
No of 'x's: 3
RESET PERCENTAGE for root 'System_Top'(359 flops) is '99.16%'

################################################################################

Section E: Results Summary (Current)
====================================

------------------------------------------------------------------------------------------------------------------------
RuleName            Passed         Failed         Partially Proved         Not Analyzed         Others         Total
                                                   (Average Depth) 
------------------------------------------------------------------------------------------------------------------------
Ac_conv02              1              0                   2(200)                 0                 0             3
Ac_cdc01a              0              0                   1(200)                 0                 0             1
Ac_datahold01a         0              0                   1(200)                 0                 0             1
------------------------------------------------------------------------------------------------------------------------
Total                  1              0                   4                      0                 0             5
------------------------------------------------------------------------------------------------------------------------

################################################################################

Section F: Results Summary (Cumulative)
========================================

NOT APPLICABLE (AS NO PROPERTY FILE PASSED)

################################################################################

Section G:  Assertion Details
===============================


RuleName: Ac_conv02 
-----------------------
1. (Hier:System_Top) System_Top.FIFO_EMPTY, /home/ICer/Shared_Folder/System/RTL/System_Top/System_Top.v, 75, :  PROVED
2. (Hier:System_Top.u_SysCtrl) System_Top.u_SysCtrl.Nx_S[0], /home/ICer/Shared_Folder/System/RTL/Sys_Ctrl/Sys_Ctrl.v, 130, :  Partially-Proved through depth 96(200), [Flop-Count:152, Design-Cycle:448]
3. (Hier:System_Top) System_Top.FIFO_FULL, /home/ICer/Shared_Folder/System/RTL/System_Top/System_Top.v, 76, :  Partially-Proved through depth 96(200), [Flop-Count:152, Design-Cycle:448]

================================================================================

RuleName: Ac_cdc01a 
-----------------------
1. (Hier:System_Top.u_FIFO.u_sync_w2r) SFlop:System_Top.u_FIFO.grey_w_ptr[3] SClk:System_Top.REF_CLK DFlop:System_Top.u_FIFO.u_sync_w2r.sync_reg[0][3] DClk:System_Top.UART_CLK, /home/ICer/Shared_Folder/System/RTL/ASYNC_FIFO/DF_SYNC.v, 15, :  Partially-Proved through depth 96(200), [Flop-Count:147, Design-Cycle:448]

================================================================================

RuleName: Ac_datahold01a 
-----------------------
1. (Hier:System_Top.u_UART_TX.U2_FSM) Des: "System_Top.u_UART_TX.U2_FSM.\P_DATA_Registered_reg[0] .Q", Src: "System_Top.u_FIFO.u_fifo_mem.\mem_Buffer_reg[7][0] .Q", /home/ICer/Shared_Folder/System/RTL/UART_TX/UART_TX_FSM.sv, 126, :  Partially-Proved through depth 96(200), [Flop-Count:191, Design-Cycle:448]

================================================================================

################################################################################

################################################################################
