
################################################################################
#
# This file has been generated by SpyGlass:
#     Report Name      : moresimple
#     Report Created by: ICer
#     Report Created on:  Mon Sep 28 01:55:06 2026
#     Working Directory: /mnt/hgfs/Shared_Folder/System/System_Lint
#     SpyGlass Version : SpyGlass_vL-2016.06
#     Policy Name      : SpyGlass(SpyGlass_vL-2016.06)
#                        clock-reset(SpyGlass_vL-2016.06)
#
#     Total Number of Generated Messages        :         53
#     Number of Waived Messages                 :          7
#     Number of Reported Messages (New)         :          0
#     Number of Reported Messages (PreExisting) :         46
#     Number of Reported Messages (Fixed)       :          0
#     Number of Overlimit Messages              :          0
#
#
################################################################################

+++++++++++++++++++++++++++++++++++++++++++++++++++++++++++++++++++++++
MORESIMPLE REPORT:


############### PreExisting Messages -> BuiltIn -> RuleGroup=Design Read ###############
+++++++++++++++++++++++++++++++++++++++++++++++++++++++++++++++++++++++++++++++++++++++
ID       Rule                    Alias                   Severity    File                                                                                   Line    Wt    Message
======================================================================================
[1]      DetectTopDesignUnits    DetectTopDesignUnits    Info        /home/ICer/Shared_Folder/System/RTL/System_Top/System_Top.v                            1       2     Module System_Top is a top level design unit
[19]     Domain_Matrix01                                 Info        system.sgdc                                                                            4       10    Domain Matrix for design "System_Top",  based on the individual constraints defined in the SDC as inferred in the Sta mode
[0]      ElabSummary             ElabSummary             Info        ./spyglass-1/System_Top/cdc/cdc_verify/spyglass_reports/SpyGlass/elab_summary.rpt      0       2     Please refer file './spyglass-1/System_Top/cdc/cdc_verify/spyglass_reports/SpyGlass/elab_summary.rpt' for elab summary report
[3D]     Info_Case_Analysis      showSimVal              Info        /home/ICer/Shared_Folder/System/RTL/System_Top/System_Top.v                            1       10    Information for set_case_analysis value propagation for design 'System_Top' is displayed
[21]     SDC2SGDC_INFO                                   Info        ./spyglass-1/System_Top/cdc/cdc_verify/spyglass_reports/sdc2sgdc/sdc2sgdc.sgdc.9181    1       10    Sgdc file "./spyglass-1/System_Top/cdc/cdc_verify/spyglass_reports/sdc2sgdc/sdc2sgdc.sgdc.9181" generated after successful SDC2SGDC translation
[22]     SDC_Mapping01                                   Info        N.A                                                                                    0       10    Mapping of SDC Commands Generated
+++++++++++++++++++++++++++++++++++++++++++++++++++++++++++++++++++++++++++++++++++++++


############### PreExisting Messages -> BuiltIn -> RuleGroup=SGDC Checks ###############
+++++++++++++++++++++++++++++++++++++++++++++++++++++++++++++++++++++++++++++++++++++++
ID       Rule                Alias    Severity    File           Line    Wt    Message
======================================================================================
[25]     SGDC_sync_cell10             Info        system.sgdc    44      2     Constraint 'sync_cell': Overlapping constraint specification found. All the specifications will be used for rule-checking
+++++++++++++++++++++++++++++++++++++++++++++++++++++++++++++++++++++++++++++++++++++++


############### PreExisting Messages -> Non-BuiltIn -> Goal=cdc/cdc_verify ###############
+++++++++++++++++++++++++++++++++++++++++++++++++++++++++++++++++++++++++++++++++++++++
ID       Rule                    Alias             Severity    File                                                                                          Line    Wt    Message
======================================================================================
[98]     Ac_clockperiod02                          Info        ./System.sdc                                                                                  22      2     For top design unit 'System_Top', Period has been rounded for 1 (50 %) clocks. Refer file: './spyglass-1/System_Top/cdc/cdc_verify/spyglass_reports/clock-reset/Ac_clockperiod02.csv' for details
[8B]     Ac_conv02               Convergence       Info        /home/ICer/Shared_Folder/System/RTL/System_Top/System_Top.v                                   75      2     4 synchronizers (System_Top.u_FIFO.u_sync_w2r.sync_reg[0][3:0]) converge on combinational gate 'System_Top.FIFO_EMPTY'. Gray encoding check: 'PASSED'
[41]     Ac_crossing01                             Info        /home/ICer/Shared_Folder/System/RTL/System_Top/System_Top.v                                   1       10    CrossingMatrix spreadsheet generated for design 'System_Top'
[89]     Ac_initstate01          ResetState        Info        /home/ICer/Shared_Folder/System/RTL/System_Top/System_Top.v                                   1       10    98 percent of sequential outputs are initialized with sets/resets and 0 percent sequential outputs are initialized by data path. Refer file: './spyglass-1/System_Top/cdc/cdc_verify/spyglass_reports/clock-reset/adv_cdc.reg' for details
[99]     Ac_report01             PropStatistics    Info        /home/ICer/Shared_Folder/System/RTL/System_Top/System_Top.v                                   1       10    Implicit: '5' implicit properties analyzed, '0' failed, '1' passed, '4' partially proved, '0' not analyzed, '0' others for top design unit 'System_Top'. Refer file: './spyglass-1/System_Top/cdc/cdc_verify/spyglass_reports/clock-reset/adv_cdc.rpt' for details
[39]     Ac_sync01                                 Info        /home/ICer/Shared_Folder/System/RTL/I_CLK_DIV/I_CLK_DIV.v                                     37      2     Synchronized Crossing: destination flop System_Top.u_TX_CLK_DIV.DIVIDED_CLK, clocked by System_Top.UART_CLK, source flop System_Top.u_RegFile.RegFile[3][7:0], clocked by System_Top.REF_CLK, by method: does not require synchronization (long-delay/quasi-static) [Total Sources: 1 (Number of source domains: 1)]
[3B]     Ac_sync01                                 Info        /home/ICer/Shared_Folder/System/RTL/I_CLK_DIV/I_CLK_DIV.v                                     37      2     Synchronized Crossing: destination flop System_Top.u_RX_CLK_DIV.DIVIDED_CLK, clocked by System_Top.UART_CLK, source flop System_Top.u_RegFile.RegFile[2][7:2], clocked by System_Top.REF_CLK, by method: does not require synchronization (long-delay/quasi-static) [Total Sources: 1 (Number of source domains: 1)]
[2D]     Ac_sync01                                 Info        /home/ICer/Shared_Folder/System/RTL/UART_RX/Parity_Checker.v                                  26      2     Synchronized Crossing: destination flop System_Top.u_UART_RX.u_Parity_Checker.par_err, clocked by System_Top.UART_CLK, source flop System_Top.u_RegFile.RegFile[2][7:3], clocked by System_Top.REF_CLK, by method: does not require synchronization (long-delay/quasi-static) [Total Sources: 1 (Number of source domains: 1)]
[34]     Ac_sync01                                 Info        /home/ICer/Shared_Folder/System/RTL/UART_RX/Parity_Checker.v                                  30      2     Synchronized Crossing: destination flop System_Top.u_UART_RX.u_Parity_Checker.par_bit, clocked by System_Top.UART_CLK, source flop System_Top.u_RegFile.RegFile[2][7:3], clocked by System_Top.REF_CLK, by method: does not require synchronization (long-delay/quasi-static) [Total Sources: 2 (Number of source domains: 1)]
[32]     Ac_sync01                                 Info        /home/ICer/Shared_Folder/System/RTL/UART_RX/Sampler.v                                         29      2     Synchronized Crossing: destination flop System_Top.u_UART_RX.u_Sampler.first_sample, clocked by System_Top.UART_CLK, source flop System_Top.u_RegFile.RegFile[2][7:3], clocked by System_Top.REF_CLK, by method: does not require synchronization (long-delay/quasi-static) [Total Sources: 1 (Number of source domains: 1)]
[31]     Ac_sync01                                 Info        /home/ICer/Shared_Folder/System/RTL/UART_RX/Sampler.v                                         30      2     Synchronized Crossing: destination flop System_Top.u_UART_RX.u_Sampler.second_sample, clocked by System_Top.UART_CLK, source flop System_Top.u_RegFile.RegFile[2][7:3], clocked by System_Top.REF_CLK, by method: does not require synchronization (long-delay/quasi-static) [Total Sources: 1 (Number of source domains: 1)]
[30]     Ac_sync01                                 Info        /home/ICer/Shared_Folder/System/RTL/UART_RX/Sampler.v                                         31      2     Synchronized Crossing: destination flop System_Top.u_UART_RX.u_Sampler.third_sample, clocked by System_Top.UART_CLK, source flop System_Top.u_RegFile.RegFile[2][7:3], clocked by System_Top.REF_CLK, by method: does not require synchronization (long-delay/quasi-static) [Total Sources: 1 (Number of source domains: 1)]
[2B]     Ac_sync01                                 Info        /home/ICer/Shared_Folder/System/RTL/UART_RX/Start_Checker.v                                   13      2     Synchronized Crossing: destination flop System_Top.u_UART_RX.u_Start_Checker.start_glitch, clocked by System_Top.UART_CLK, source flop System_Top.u_RegFile.RegFile[2][7:3], clocked by System_Top.REF_CLK, by method: does not require synchronization (long-delay/quasi-static) [Total Sources: 1 (Number of source domains: 1)]
[2C]     Ac_sync01                                 Info        /home/ICer/Shared_Folder/System/RTL/UART_RX/Stop_Checker.v                                    13      2     Synchronized Crossing: destination flop System_Top.u_UART_RX.u_Stop_Checker.stp_err, clocked by System_Top.UART_CLK, source flop System_Top.u_RegFile.RegFile[2][7:3], clocked by System_Top.REF_CLK, by method: does not require synchronization (long-delay/quasi-static) [Total Sources: 1 (Number of source domains: 1)]
[38]     Ac_sync01                                 Info        /home/ICer/Shared_Folder/System/RTL/UART_TX/UART_TX_FSM.sv                                    127     2     Synchronized Crossing: destination flop System_Top.u_UART_TX.U2_FSM.PAR_EN_Registered, clocked by System_Top.UART_CLK, source flop System_Top.u_RegFile.RegFile[2][0], clocked by System_Top.REF_CLK, by method: does not require synchronization (long-delay/quasi-static) [Total Sources: 1 (Number of source domains: 1)]
[36]     Ac_sync01                                 Info        /home/ICer/Shared_Folder/System/RTL/UART_TX/UART_TX_FSM.sv                                    128     2     Synchronized Crossing: destination flop System_Top.u_UART_TX.U2_FSM.PAR_TYP_Registered, clocked by System_Top.UART_CLK, source flop System_Top.u_RegFile.RegFile[2][1], clocked by System_Top.REF_CLK, by method: does not require synchronization (long-delay/quasi-static) [Total Sources: 1 (Number of source domains: 1)]
[27]     Ac_sync02                                 Info        /home/ICer/Shared_Folder/System/RTL/ASYNC_FIFO/DF_SYNC.v                                      15      2     Synchronized Crossing: destination flop System_Top.u_FIFO.u_sync_r2w.sync_reg[0][3:0], clocked by System_Top.REF_CLK, source flop System_Top.u_FIFO.u_fifo_rd.grey_r_ptr[3:0], clocked by System_Top.UART_CLK, by method: synchronizing cell(cell name : 'DF_SYNC') [Total Sources: 1 (Number of source domains: 1)]
[2A]     Ac_sync02                                 Info        /home/ICer/Shared_Folder/System/RTL/ASYNC_FIFO/DF_SYNC.v                                      15      2     Synchronized Crossing: destination flop System_Top.u_FIFO.u_sync_w2r.sync_reg[0][3:0], clocked by System_Top.UART_CLK, source flop System_Top.u_FIFO.u_fifo_wr.grey_w_ptr[3:0], clocked by System_Top.REF_CLK, by method: synchronizing cell(cell name : 'DF_SYNC') [Total Sources: 1 (Number of source domains: 1)]
[28]     Ac_sync02                                 Info        /home/ICer/Shared_Folder/System/RTL/Data_Bus_Sync/Data_Bus_Sync.v                             25      2     Synchronized Crossing: destination flop System_Top.u_BUS_SYNC.Bit_Syncronizer[1], clocked by System_Top.REF_CLK, source flop System_Top.u_UART_RX.u_UART_RX_FSM.DATA_VALID, clocked by System_Top.UART_CLK, by method: synchronizing cell(cell name : 'Data_Bus_Sync') [Total Sources: 1 (Number of source domains: 1)]
[26]     Ac_sync02                                 Info        /home/ICer/Shared_Folder/System/RTL/Data_Bus_Sync/Data_Bus_Sync.v                             51      2     Synchronized Crossing: destination flop System_Top.u_BUS_SYNC.Sync_bus[7:0], clocked by System_Top.REF_CLK, source flop System_Top.u_UART_RX.u_Deserializer.P_DATA[7:0], clocked by System_Top.UART_CLK, by method: synchronized enable [Total Sources: 1 (Number of source domains: 1)]
[3A]     Ac_sync02                                 Info        /home/ICer/Shared_Folder/System/RTL/I_CLK_DIV/I_CLK_DIV.v                                     38      2     Synchronized Crossing: destination flop System_Top.u_TX_CLK_DIV.COUNTER[7:0], clocked by System_Top.UART_CLK, source flop System_Top.u_RegFile.RegFile[3][7:0], clocked by System_Top.REF_CLK, by method: does not require synchronization (long-delay/quasi-static) [Total Sources: 1 (Number of source domains: 1)]
[3C]     Ac_sync02                                 Info        /home/ICer/Shared_Folder/System/RTL/I_CLK_DIV/I_CLK_DIV.v                                     38      2     Synchronized Crossing: destination flop System_Top.u_RX_CLK_DIV.COUNTER[2:0], clocked by System_Top.UART_CLK, source flop System_Top.u_RegFile.RegFile[2][7:2], clocked by System_Top.REF_CLK, by method: does not require synchronization (long-delay/quasi-static) [Total Sources: 1 (Number of source domains: 1)]
[29]     Ac_sync02                                 Info        /home/ICer/Shared_Folder/System/RTL/UART_RX/Deserializer.v                                    19      2     Synchronized Crossing: destination flop System_Top.u_UART_RX.u_Deserializer.P_DATA[7:0], clocked by System_Top.UART_CLK, source flop System_Top.u_RegFile.RegFile[2][7:3], clocked by System_Top.REF_CLK, by method: does not require synchronization (long-delay/quasi-static) [Total Sources: 1 (Number of source domains: 1)]
[2E]     Ac_sync02                                 Info        /home/ICer/Shared_Folder/System/RTL/UART_RX/Edge_Bit_Counter.v                                33      2     Synchronized Crossing: destination flop System_Top.u_UART_RX.u_Edge_Bit_Counter.Bit_Count[3:0], clocked by System_Top.UART_CLK, source flop System_Top.u_RegFile.RegFile[2][7:2], clocked by System_Top.REF_CLK, by method: does not require synchronization (long-delay/quasi-static) [Total Sources: 1 (Number of source domains: 1)]
[2F]     Ac_sync02                                 Info        /home/ICer/Shared_Folder/System/RTL/UART_RX/Edge_Bit_Counter.v                                34      2     Synchronized Crossing: destination flop System_Top.u_UART_RX.u_Edge_Bit_Counter.Edge_Count[4:0], clocked by System_Top.UART_CLK, source flop System_Top.u_RegFile.RegFile[2][7:2], clocked by System_Top.REF_CLK, by method: does not require synchronization (long-delay/quasi-static) [Total Sources: 1 (Number of source domains: 1)]
[35]     Ac_sync02                                 Info        /home/ICer/Shared_Folder/System/RTL/UART_RX/UART_RX_FSM.sv                                    37      2     Synchronized Crossing: destination flop System_Top.u_UART_RX.u_UART_RX_FSM.Cur_S[2], clocked by System_Top.UART_CLK, source flop System_Top.u_RegFile.RegFile[2][0], clocked by System_Top.REF_CLK, by method: does not require synchronization (long-delay/quasi-static) [Total Sources: 1 (Number of source domains: 1)]
[37]     Ac_sync02                                 Info        /home/ICer/Shared_Folder/System/RTL/UART_TX/UART_TX_FSM.sv                                    126     2     Synchronized Crossing: destination flop System_Top.u_UART_TX.U2_FSM.P_DATA_Registered[7:0], clocked by System_Top.UART_CLK, source flop System_Top.u_FIFO.u_fifo_mem.mem_Buffer[7:0][7:0], clocked by System_Top.REF_CLK, by method: Enable Based Synchronizer [Total Sources: 1 (Number of source domains: 1)]
[46]     Ar_sync01                                 Info        /home/ICer/Shared_Folder/System/RTL/ALU/ALU.v                                                 106     10    Reset signal 'System_Top.RST' for 'clear' pin of flop 'System_Top.u_ALU.ALU_OUT[0]', clocked by 'System_Top.REF_CLK', is synchronized by method: Multi-flop reset synchronizer (Name:System_Top.u_REF_RST_Sync.sync_reg[0])
[45]     Ar_sync01                                 Info        /home/ICer/Shared_Folder/System/RTL/ASYNC_FIFO/FIFO_RD.v                                      24      10    Reset signal 'System_Top.RST' for 'clear' pin of flop 'System_Top.u_FIFO.u_fifo_rd.grey_r_ptr[0]', clocked by 'System_Top.UART_CLK', is synchronized by method: Multi-flop reset synchronizer (Name:System_Top.u_UART_RST_Sync.sync_reg[0])
[47]     Ar_syncdeassert01                         Info        /home/ICer/Shared_Folder/System/RTL/ALU/ALU.v                                                 106     10    Reset signal 'System_Top.RST' for 'clear' pin of flop 'System_Top.u_ALU.ALU_OUT[0]', synchronously de-asserts relative to clock signal 'System_Top.REF_CLK'
[48]     Ar_syncdeassert01                         Info        /home/ICer/Shared_Folder/System/RTL/ASYNC_FIFO/FIFO_RD.v                                      24      10    Reset signal 'System_Top.RST' for 'clear' pin of flop 'System_Top.u_FIFO.u_fifo_rd.grey_r_ptr[0]', synchronously de-asserts relative to clock signal 'System_Top.UART_CLK'
[43]     Clock_info02                              Info        N.A.                                                                                          0       2     Clock Tree generated
[40]     Clock_info03b                             Info        /home/ICer/Shared_Folder/System/RTL/Sys_Ctrl/Sys_Ctrl.v                                       154     2     Data pin of flop System_Top.u_SysCtrl.CLK_DIV_EN, clocked by System_Top.REF_CLK , is tied to constant value 1
[52]     Clock_info15                              Info        N.A.                                                                                          0       2     Port-Clock information generated for PortClockMatrix report
[23]     Propagate_Clocks                          Info        /home/ICer/Shared_Folder/System/RTL/System_Top/System_Top.v                                   3       2     For System_Top, clock(s) 'System_Top.REF_CLK' of domain 'd0' propagated
[24]     Propagate_Clocks                          Info        /home/ICer/Shared_Folder/System/RTL/System_Top/System_Top.v                                   3       2     For System_Top, clock(s) 'System_Top.UART_CLK' of domain 'd1' propagated
[42]     Propagate_Resets                          Info        /home/ICer/Shared_Folder/System/RTL/System_Top/System_Top.v                                   3       2     For System_Top, reset 'System_Top.RST' propagated
[44]     Reset_info02                              Info        N.A.                                                                                          0       2     Reset Tree generated
[3F]     Setup_quasi_static01                      Info        ./spyglass-1/System_Top/cdc/cdc_verify/spyglass_reports/clock-reset/auto_quasi_static.sgdc    25      2     For design 'System_Top', '1' quasi_static constraint(s) inferred
+++++++++++++++++++++++++++++++++++++++++++++++++++++++++++++++++++++++++++++++++++++++
