
################################################################################
#
# This file has been generated by SpyGlass:
#     Report Name      : waiver
#     Report Created by: ICer
#     Report Created on:  Mon Sep 28 01:55:06 2026
#     Working Directory: /mnt/hgfs/Shared_Folder/System/System_Lint
#     SpyGlass Version : SpyGlass_vL-2016.06
#     Policy Name      : SpyGlass(SpyGlass_vL-2016.06)
#                        clock-reset(SpyGlass_vL-2016.06)
#
#     Total Number of Generated Messages        :         53
#     Number of Waived Messages                 :          7
#     Number of Reported Messages (New)         :          0
#     Number of Reported Messages (PreExisting) :         46
#     Number of Reported Messages (Fixed)       :          0
#     Number of Overlimit Messages              :          0
#
#
################################################################################

WAIVER REPORT:
+++++++++++++++++++++++++++++++++++++++++++++++++++++++++++++++++++++++++++++++

Design Issues Waiver Report
+++++++++++++++++++++++++++++++++++++++++++++++++++++++++++++++++++++++++++++++

Waiver comment : Created by ICer on 28-Sep-2026 01:39:27
waive -msg q!Port coverage for top design unit 'System_Top' is: '1' (25.00 %) port(s) not fully constrained! \
      -rule "Setup_port01" 
#spg_backref : "./spyglass-1/System_Top/cdc/cdc_verify/spyglass-1_waiver_file.awl" 1

1 message(s) waived:
===============================================================================
Index    Rule         Severity File                                                        Line Wt Message
===============================================================================
[51]     Setup_port01 Error    /home/ICer/Shared_Folder/System/RTL/System_Top/System_Top.v 1    2  Port coverage for top design unit 'System_Top' is: '1' (25.00 %) port(s) not fully constrained
===============================================================================

Waiver comment : Created by ICer on 28-Sep-2026 01:39:27 Async RST handeled within RST Synchronizers 
waive -msg q%Abstracted sgdc file for input ports of block 'System_Top' is generated% \
      -rule "Setup_port01" 
#spg_backref : "./spyglass-1/System_Top/cdc/cdc_verify/spyglass-1_waiver_file.awl" 2

1 message(s) waived:
===============================================================================
Index    Rule         Severity File                                                                                               Line Wt Message
===============================================================================
[53]     Setup_port01 Info     ./spyglass-1/System_Top/cdc/cdc_verify/spyglass_reports/clock-reset/System_Top_input_abstract.sgdc 0    2  Abstracted sgdc file for input ports of block 'System_Top' is generated
===============================================================================

Waiver comment : Created by ICer on 28-Sep-2026 01:42:34 Synchonization crossing handeled with async_FIFO 
waive -msg q%Synchronized crossing: destination flop 'System_Top.u_UART_TX.U2_FSM.P_DATA_Registered[7:0]', clocked by 'System_Top.UART_CLK', source flop 'System_Top.u_FIFO.u_fifo_mem.mem_Buffer[7:0][7:0]', clocked by 'System_Top.REF_CLK'. Data-enable sequencing check: Partially-Proved% \
      -rule "Ac_datahold01a" 
#spg_backref : "./spyglass-1/System_Top/cdc/cdc_verify/spyglass-1_waiver_file.awl" 4

1 message(s) waived:
===============================================================================
Index    Rule           Severity File                                                       Line Wt Message
===============================================================================
[96]     Ac_datahold01a Warning  /home/ICer/Shared_Folder/System/RTL/UART_TX/UART_TX_FSM.sv 126  2  Synchronized crossing: destination flop 'System_Top.u_UART_TX.U2_FSM.P_DATA_Registered[7:0]', clocked by 'System_Top.UART_CLK', source flop 'System_Top.u_FIFO.u_fifo_mem.mem_Buffer[7:0][7:0]', clocked by 'System_Top.REF_CLK'. Data-enable sequencing check: Partially-Proved
===============================================================================

Waiver comment : Created by ICer on 28-Sep-2026 01:48:41 SysCtrl safely handles data conversion and data is unrelated 
waive -msg q%13 synchronizers (System_Top.u_FIFO.u_sync_r2w.sync_reg[0][3:0],System_Top.u_BUS_SYNC.Bit_Syncronizer[1] ...) converge on flop 'System_Top.RF_RdEn'% \
      -rule "Ac_conv01" 
#spg_backref : "./spyglass-1/System_Top/cdc/cdc_verify/spyglass-1_waiver_file.awl" 6

1 message(s) waived:
===============================================================================
Index    Rule      Severity File                                                        Line Wt Message
===============================================================================
[94]     Ac_conv01 Warning  /home/ICer/Shared_Folder/System/RTL/System_Top/System_Top.v 194  2  13 synchronizers (System_Top.u_FIFO.u_sync_r2w.sync_reg[0][3:0],System_Top.u_BUS_SYNC.Bit_Syncronizer[1] ...) converge on flop 'System_Top.RF_RdEn'
===============================================================================

Waiver comment : Created by ICer on 28-Sep-2026 01:50:36 RX_D_VALID is a qualifier that bypasses data safely
waive -msg q%9 synchronizers (System_Top.u_BUS_SYNC.Bit_Syncronizer[1],System_Top.u_BUS_SYNC.Sync_bus[7:0]) converge on MUX 'System_Top.u_SysCtrl.Nx_S[0]'. Gray encoding check: 'Partially-Proved'% \
      -rule "Ac_conv02" 
#spg_backref : "./spyglass-1/System_Top/cdc/cdc_verify/spyglass-1_waiver_file.awl" 8

1 message(s) waived:
===============================================================================
Index    Rule      Severity File                                                    Line Wt Message
===============================================================================
[8E]     Ac_conv02 Warning  /home/ICer/Shared_Folder/System/RTL/Sys_Ctrl/Sys_Ctrl.v 130  2  9 synchronizers (System_Top.u_BUS_SYNC.Bit_Syncronizer[1],System_Top.u_BUS_SYNC.Sync_bus[7:0]) converge on MUX 'System_Top.u_SysCtrl.Nx_S[0]'. Gray encoding check: 'Partially-Proved'
===============================================================================

Waiver comment : Created by ICer on 28-Sep-2026 01:53:09 Safe data convergence with gray encoding
waive -msg q%4 synchronizers (System_Top.u_FIFO.u_sync_r2w.sync_reg[0][3:0]) converge on combinational gate 'System_Top.FIFO_FULL'. Gray encoding check: 'Partially-Proved'% \
      -rule "Ac_conv02" 
#spg_backref : "./spyglass-1/System_Top/cdc/cdc_verify/spyglass-1_waiver_file.awl" 10

1 message(s) waived:
===============================================================================
Index    Rule      Severity File                                                        Line Wt Message
===============================================================================
[90]     Ac_conv02 Warning  /home/ICer/Shared_Folder/System/RTL/System_Top/System_Top.v 76   2  4 synchronizers (System_Top.u_FIFO.u_sync_r2w.sync_reg[0][3:0]) converge on combinational gate 'System_Top.FIFO_FULL'. Gray encoding check: 'Partially-Proved'
===============================================================================

Waiver comment : Created by ICer on 28-Sep-2026 01:54:12 FIFO safely handles data loss and synchronization from fast to slow clk domains
waive -msg q%Fast('System_Top.REF_CLK') to slow('System_Top.UART_CLK') clock crossing(from 'System_Top.u_FIFO.grey_w_ptr[3]' to 'System_Top.u_FIFO.u_sync_w2r.sync_reg[0][3]') detected. Data hold check:Partially-Proved% \
      -rule "Ac_cdc01a" 
#spg_backref : "./spyglass-1/System_Top/cdc/cdc_verify/spyglass-1_waiver_file.awl" 12

1 message(s) waived:
===============================================================================
Index    Rule      Severity File                                                     Line Wt Message
===============================================================================
[95]     Ac_cdc01a Warning  /home/ICer/Shared_Folder/System/RTL/ASYNC_FIFO/DF_SYNC.v 15   10 Fast('System_Top.REF_CLK') to slow('System_Top.UART_CLK') clock crossing(from 'System_Top.u_FIFO.grey_w_ptr[3]' to 'System_Top.u_FIFO.u_sync_w2r.sync_reg[0][3]') detected. Data hold check:Partially-Proved
===============================================================================

