SpyGlass run started at 08:57:59 PM on Sep 27 2026

SpyGlass Library Compiler(R) - Version SpyGlass_vL-2016.06
Last compiled on May 20 2016

All Rights Reserved. Use, disclosure or duplication
without prior written permission of Synopsys Inc. is prohibited.
Technical support: email spyglass_support@synopsys.com.


Running SpyGlass 64-bit Executable: /home/synopsys/SpyGlass-L2016.06/SPYGLASS_HOME/obj/check.Linux4
Loading Policy: spyglass (Version: SpyGlass_vL-2016.06) from path: /home/synopsys/SpyGlass-L2016.06/SPYGLASS_HOME/policies/spyglass
Loading Shared library libspyglassrules-Linux4.spyso from /home/synopsys/SpyGlass-L2016.06/SPYGLASS_HOME/lib/libspyglassrules-Linux4.spyso 
Loading Shared library librmerules-Linux4.spyso from /home/synopsys/SpyGlass-L2016.06/SPYGLASS_HOME/lib/librmerules-Linux4.spyso 
##build_id : SpyGlass_vL-2016.06
##system   : Linux IC_EDA 3.10.0-1160.6.1.el7.x86_64 #1 SMP Tue Nov 17 13:59:11 UTC 2020 x86_64
##cwd      : /mnt/hgfs/Shared_Folder/System/System_Lint
##lang     : Verilog+VHDL
##args     : -mSpyGlass::Compatibility::v2_7_3 \
             -lib WORK WORK \
             -nl \
             -quiet \
             -wdir './spyglass-1/spyglass_cache/autogenerated_sglib/lc' \
             -outsglib './spyglass-1/spyglass_cache/autogenerated_sglib/aggregate.sglib' \
             -gateslib '../std_cells/scmetro_tsmc_cl013g_rvt_tt_1p2v_25c.lib' \
             -cachedir './spyglass-1/spyglass_cache' \
             --libcomp_mode \
             -enable_pass_exit_codes \
             -enable_gateslib_autocompile \
             -64bit 
##verbosity level   : 2
##exact cmdline arg : -mSpyGlass::Compatibility::v2_7_3 --libcomp_mode -enable_gateslib_autocompile -wdir './spyglass-1/spyglass_cache/autogenerated_sglib/lc' -outsglib './spyglass-1/spyglass_cache/autogenerated_sglib/aggregate.sglib' -cachedir './spyglass-1/spyglass_cache' -quiet -nl -64bit -enable_pass_exit_codes -f './spyglass-1/spyglass_cache/autogenerated_sglib/lib_sources.f'
##spyglass_run.csh begins :
;	cd /mnt/hgfs/Shared_Folder/System/System_Lint
;	setenv ATRENTA_LICENSE_FILE 
;	setenv SPYGLASS_LD_PRELOAD /home/synopsys/SpyGlass-L2016.06/SPYGLASS_HOME/lib/libsgjemalloc-Linux4.so
;	setenv SPYGLASS_DW_PATH /home/synopsys/SpyGlass-L2016.06/SPYGLASS_HOME/dw_support
;	/home/synopsys/SpyGlass-L2016.06/SPYGLASS_HOME/bin/spyglass  -mSpyGlass::Compatibility::v2_7_3 --libcomp_mode -enable_gateslib_autocompile -wdir './spyglass-1/spyglass_cache/autogenerated_sglib/lc' -outsglib './spyglass-1/spyglass_cache/autogenerated_sglib/aggregate.sglib' -cachedir './spyglass-1/spyglass_cache' -quiet -nl -64bit -enable_pass_exit_codes -f './spyglass-1/spyglass_cache/autogenerated_sglib/lib_sources.f'
##spyglass_run.csh ends
##files    :
##SGDEBUG [BENCHMARK_ABSOLUTE]: Analysis started: 28 sec, 223278 KB, 819256 KB
##SGDEBUG [BENCHMARK_INCR]: Analysis started: 28 sec, 223278 KB, 819256 KB
##SGDEBUG [BENCHMARK_ABSOLUTE]: Analysis finished: 28 sec, 293417 KB, 888900 KB
##SGDEBUG [BENCHMARK_INCR]: Analysis finished: 0 sec, 70139 KB, 69644 KB
##SGDEBUG [BENCHMARK_ABSOLUTE]: Elaboration started: 28 sec, 293417 KB, 888900 KB
##SGDEBUG [BENCHMARK_INCR]: Elaboration started: 0 sec, 0 KB, 0 KB
 Elaborating Top Verilog Design Unit 'internally_generated_spyglass_library_compiler_top_0' ..... done
##SGDEBUG [BENCHMARK_ABSOLUTE]: Elaboration finished: 28 sec, 361371 KB, 956740 KB
##SGDEBUG [BENCHMARK_INCR]: Elaboration finished: 0 sec, 67954 KB, 67840 KB
##SGDEBUG [BENCHMARK_ABSOLUTE]: RTL Semantic Checker started: 28 sec, 361371 KB, 956740 KB
##SGDEBUG [BENCHMARK_INCR]: RTL Semantic Checker started: 0 sec, 0 KB, 0 KB
##SGDEBUG [BENCHMARK_ABSOLUTE]: RTL Semantic Checker finished: 28 sec, 361400 KB, 956740 KB
##SGDEBUG [BENCHMARK_INCR]: RTL Semantic Checker finished: 0 sec, 29 KB, 0 KB

##SGDEBUG [BENCHMARK_DATA]: Number of RTL Design Units = 635
##SGDEBUG: RTL statistics for Verilog design units:
##SGDEBUG[BENCHMARK_DATA]: RTL Ports = 2779 2779 0
##SGDEBUG[BENCHMARK_DATA]: RTL Insts = 2109
##SGDEBUG[BENCHMARK_DATA]: RTL Nets = 5750 5750 0
##SGDEBUG[BENCHMARK_DATA]: RTL Terms = 7200 5486 0

##SGDEBUG: NOTE: Following estimated data is applicable for structural designs only.
##SGDEBUG:     In case of RTL designs, this data may differ significantly from the actual figure.
##SGDEBUG[BENCHMARK_DATA]: Estimated Flat Insts = 1236
##SGDEBUG[BENCHMARK_DATA]: Estimated Flat Nets = 5414
##SGDEBUG[BENCHMARK_DATA]: Estimated Flat Terms = 5430
##SGDEBUG[BENCHMARK_DATA]: Estimated Flat Paths = 1
##SGDEBUG [BENCHMARK_ABSOLUTE]: Synthesis started: 29 sec, 363608 KB, 957252 KB
##SGDEBUG [BENCHMARK_INCR]: Synthesis started: 1 sec, 2208 KB, 512 KB
 Synthesizing module: internally_generated_spyglass_library_compiler_top_0 (elaborated name: internally_generated_spyglass_library_compiler_top_0) ... (Module 1 of total 1)  done 
     (Memory Used = 1075.7K(incr), 301695.6K(tot), Cpu Time = 0.84s(incr))
##SGDEBUG [BENCHMARK_ABSOLUTE]: Synthesis completed: 33 sec, 302628 KB, 882840 KB
##SGDEBUG [BENCHMARK_INCR]: Synthesis completed: 4 sec, -60980 KB, -74412 KB
##SGDEBUG [BENCHMARK_DATA]: Number of NOM Modules = 633
##SGDEBUG [BENCHMARK_DATA]: Number of NOM Instances = 3938
##SGDEBUG [BENCHMARK_DATA]: Number of NOM Nets = 10167
##SGDEBUG [BENCHMARK_DATA]: Number of NOM Terminals = 12425
##SGDEBUG [BENCHMARK_DATA]: Number of NOM Instances per Module (max and avg) = 1236, 6
##SGDEBUG [BENCHMARK_ABSOLUTE]: VS rule checking finished...: 33 sec, 302678 KB, 882840 KB
##SGDEBUG [BENCHMARK_INCR]: VS rule checking finished...: 0 sec, 50 KB, 0 KB
##SGDEBUG [BENCHMARK_ABSOLUTE]: Elab View Deletion Finished: 33 sec, 236740 KB, 817048 KB
##SGDEBUG [BENCHMARK_INCR]: Elab View Deletion Finished: 0 sec, -65938 KB, -65792 KB
##SGDEBUG [BENCHMARK_ABSOLUTE]: After deleting RTL view: 33 sec, 163156 KB, 744600 KB
##SGDEBUG [BENCHMARK_INCR]: After deleting RTL view: 0 sec, -73584 KB, -72448 KB
##SGDEBUG [PEAK_MEMORY]: 957252 KB for entire run at 'SGDC_testmode03' stage
##SGDEBUG [VMPEAK_MEMORY]: 1094036 KB for entire run
##SGDEBUG [BENCHMARK_ABSOLUTE]: Rule checking finished: 33 sec, 162136 KB, 744572 KB
##SGDEBUG [BENCHMARK_INCR]: Rule checking finished: 0 sec, -1020 KB, -28 KB


=====================================================================================
							Rule Parameter Table
=====================================================================================

	PARAMETER-NAME                                     VALUE
-------------------------------------------------------------------------------------
=====================================================================================



=====================================================================================
                               Rule Status Table

 RULE-NAME                      POLICY-NAME     ENABLED VIOL-CNT RULE-TYPE   ERROR-MSG         
=====================================================================================
-------------------------------------------------------------------------------------
Note: VSDU type of rules (as seen in the above table) are not run on
      unsynthesized modules reported by 'ErrorAnalyzeBBox/InfoAnalyzeBBox' messages
      (Please see messages starting with keyword 'UnsynthesizedDU')


---------------------------------------------------------------------------------------------
Results Summary:
---------------------------------------------------------------------------------------------
   Command-line read  :      0 error,      0 warning,      0 information message 
   Design Read        :      0 error,      0 warning,      0 information message 
   Blackbox Resolution:      0 error,      0 warning,      0 information message 
   SGDC Checks        :      0 error,      0 warning,      0 information message 
   -------------------------------------------------------------------------------------
   Total              :      0 error,      0 warning,      0 information message 

---------------------------------------------------------------------------------------------


===============================================================================
 CELLNAME             Cell Interface View  Function View
===============================================================================
 ADDFHX1M                  Yes              Yes [LIB: scmetro_tsmc_cl013g_rvt_tt_1p2v_25c.lib 284 lib2rtl]
 ADDFHX2M                  Yes              Yes [LIB: scmetro_tsmc_cl013g_rvt_tt_1p2v_25c.lib 1690 lib2rtl]
 ADDFHX4M                  Yes              Yes [LIB: scmetro_tsmc_cl013g_rvt_tt_1p2v_25c.lib 3096 lib2rtl]
 ADDFHX8M                  Yes              Yes [LIB: scmetro_tsmc_cl013g_rvt_tt_1p2v_25c.lib 4502 lib2rtl]
 ADDFHXLM                  Yes              Yes [LIB: scmetro_tsmc_cl013g_rvt_tt_1p2v_25c.lib 5908 lib2rtl]
 ADDFX1M                   Yes              Yes [LIB: scmetro_tsmc_cl013g_rvt_tt_1p2v_25c.lib 7314 lib2rtl]
 ADDFX2M                   Yes              Yes [LIB: scmetro_tsmc_cl013g_rvt_tt_1p2v_25c.lib 8720 lib2rtl]
 ADDFX4M                   Yes              Yes [LIB: scmetro_tsmc_cl013g_rvt_tt_1p2v_25c.lib 10126 lib2rtl]
 ADDFX8M                   Yes              Yes [LIB: scmetro_tsmc_cl013g_rvt_tt_1p2v_25c.lib 11532 lib2rtl]
 ADDFXLM                   Yes              Yes [LIB: scmetro_tsmc_cl013g_rvt_tt_1p2v_25c.lib 12938 lib2rtl]
 ADDHX1M                   Yes              Yes [LIB: scmetro_tsmc_cl013g_rvt_tt_1p2v_25c.lib 14344 lib2rtl]
 ADDHX2M                   Yes              Yes [LIB: scmetro_tsmc_cl013g_rvt_tt_1p2v_25c.lib 14842 lib2rtl]
 ADDHX4M                   Yes              Yes [LIB: scmetro_tsmc_cl013g_rvt_tt_1p2v_25c.lib 15340 lib2rtl]
 ADDHX8M                   Yes              Yes [LIB: scmetro_tsmc_cl013g_rvt_tt_1p2v_25c.lib 15838 lib2rtl]
 AND2X12M                  Yes              Yes [LIB: scmetro_tsmc_cl013g_rvt_tt_1p2v_25c.lib 16336 lib2rtl]
 AND2X1M                   Yes              Yes [LIB: scmetro_tsmc_cl013g_rvt_tt_1p2v_25c.lib 16548 lib2rtl]
 AND2X2M                   Yes              Yes [LIB: scmetro_tsmc_cl013g_rvt_tt_1p2v_25c.lib 16760 lib2rtl]
 AND2X4M                   Yes              Yes [LIB: scmetro_tsmc_cl013g_rvt_tt_1p2v_25c.lib 16972 lib2rtl]
 AND2X6M                   Yes              Yes [LIB: scmetro_tsmc_cl013g_rvt_tt_1p2v_25c.lib 17184 lib2rtl]
 AND2X8M                   Yes              Yes [LIB: scmetro_tsmc_cl013g_rvt_tt_1p2v_25c.lib 17396 lib2rtl]
 AND3X12M                  Yes              Yes [LIB: scmetro_tsmc_cl013g_rvt_tt_1p2v_25c.lib 17608 lib2rtl]
 AND3X1M                   Yes              Yes [LIB: scmetro_tsmc_cl013g_rvt_tt_1p2v_25c.lib 17919 lib2rtl]
 AND3X2M                   Yes              Yes [LIB: scmetro_tsmc_cl013g_rvt_tt_1p2v_25c.lib 18230 lib2rtl]
 AND3X4M                   Yes              Yes [LIB: scmetro_tsmc_cl013g_rvt_tt_1p2v_25c.lib 18541 lib2rtl]
 AND3X6M                   Yes              Yes [LIB: scmetro_tsmc_cl013g_rvt_tt_1p2v_25c.lib 18852 lib2rtl]
 AND3X8M                   Yes              Yes [LIB: scmetro_tsmc_cl013g_rvt_tt_1p2v_25c.lib 19163 lib2rtl]
 AND3XLM                   Yes              Yes [LIB: scmetro_tsmc_cl013g_rvt_tt_1p2v_25c.lib 19474 lib2rtl]
 AND4X12M                  Yes              Yes [LIB: scmetro_tsmc_cl013g_rvt_tt_1p2v_25c.lib 19785 lib2rtl]
 AND4X1M                   Yes              Yes [LIB: scmetro_tsmc_cl013g_rvt_tt_1p2v_25c.lib 20211 lib2rtl]
 AND4X2M                   Yes              Yes [LIB: scmetro_tsmc_cl013g_rvt_tt_1p2v_25c.lib 20637 lib2rtl]
 AND4X4M                   Yes              Yes [LIB: scmetro_tsmc_cl013g_rvt_tt_1p2v_25c.lib 21063 lib2rtl]
 AND4X6M                   Yes              Yes [LIB: scmetro_tsmc_cl013g_rvt_tt_1p2v_25c.lib 21489 lib2rtl]
 AND4X8M                   Yes              Yes [LIB: scmetro_tsmc_cl013g_rvt_tt_1p2v_25c.lib 21915 lib2rtl]
 AND4XLM                   Yes              Yes [LIB: scmetro_tsmc_cl013g_rvt_tt_1p2v_25c.lib 22341 lib2rtl]
 AO21X1M                   Yes              Yes [LIB: scmetro_tsmc_cl013g_rvt_tt_1p2v_25c.lib 22767 lib2rtl]
 AO21X2M                   Yes              Yes [LIB: scmetro_tsmc_cl013g_rvt_tt_1p2v_25c.lib 23245 lib2rtl]
 AO21X4M                   Yes              Yes [LIB: scmetro_tsmc_cl013g_rvt_tt_1p2v_25c.lib 23723 lib2rtl]
 AO21X8M                   Yes              Yes [LIB: scmetro_tsmc_cl013g_rvt_tt_1p2v_25c.lib 24201 lib2rtl]
 AO21XLM                   Yes              Yes [LIB: scmetro_tsmc_cl013g_rvt_tt_1p2v_25c.lib 24679 lib2rtl]
 AO22X1M                   Yes              Yes [LIB: scmetro_tsmc_cl013g_rvt_tt_1p2v_25c.lib 25157 lib2rtl]
 AO22X2M                   Yes              Yes [LIB: scmetro_tsmc_cl013g_rvt_tt_1p2v_25c.lib 26251 lib2rtl]
 AO22X4M                   Yes              Yes [LIB: scmetro_tsmc_cl013g_rvt_tt_1p2v_25c.lib 27345 lib2rtl]
 AO22X8M                   Yes              Yes [LIB: scmetro_tsmc_cl013g_rvt_tt_1p2v_25c.lib 28439 lib2rtl]
 AO22XLM                   Yes              Yes [LIB: scmetro_tsmc_cl013g_rvt_tt_1p2v_25c.lib 29533 lib2rtl]
 AO2B2BX1M                 Yes              Yes [LIB: scmetro_tsmc_cl013g_rvt_tt_1p2v_25c.lib 30627 lib2rtl]
 AO2B2BX2M                 Yes              Yes [LIB: scmetro_tsmc_cl013g_rvt_tt_1p2v_25c.lib 31721 lib2rtl]
 AO2B2BX4M                 Yes              Yes [LIB: scmetro_tsmc_cl013g_rvt_tt_1p2v_25c.lib 32815 lib2rtl]
 AO2B2BXLM                 Yes              Yes [LIB: scmetro_tsmc_cl013g_rvt_tt_1p2v_25c.lib 33909 lib2rtl]
 AO2B2X1M                  Yes              Yes [LIB: scmetro_tsmc_cl013g_rvt_tt_1p2v_25c.lib 35003 lib2rtl]
 AO2B2X2M                  Yes              Yes [LIB: scmetro_tsmc_cl013g_rvt_tt_1p2v_25c.lib 36097 lib2rtl]
 AO2B2X4M                  Yes              Yes [LIB: scmetro_tsmc_cl013g_rvt_tt_1p2v_25c.lib 37191 lib2rtl]
 AO2B2XLM                  Yes              Yes [LIB: scmetro_tsmc_cl013g_rvt_tt_1p2v_25c.lib 38285 lib2rtl]
 AOI211X1M                 Yes              Yes [LIB: scmetro_tsmc_cl013g_rvt_tt_1p2v_25c.lib 39379 lib2rtl]
 AOI211X2M                 Yes              Yes [LIB: scmetro_tsmc_cl013g_rvt_tt_1p2v_25c.lib 40139 lib2rtl]
 AOI211X4M                 Yes              Yes [LIB: scmetro_tsmc_cl013g_rvt_tt_1p2v_25c.lib 40899 lib2rtl]
 AOI211XLM                 Yes              Yes [LIB: scmetro_tsmc_cl013g_rvt_tt_1p2v_25c.lib 41659 lib2rtl]
 AOI21BX1M                 Yes              Yes [LIB: scmetro_tsmc_cl013g_rvt_tt_1p2v_25c.lib 42419 lib2rtl]
 AOI21BX2M                 Yes              Yes [LIB: scmetro_tsmc_cl013g_rvt_tt_1p2v_25c.lib 42897 lib2rtl]
 AOI21BX4M                 Yes              Yes [LIB: scmetro_tsmc_cl013g_rvt_tt_1p2v_25c.lib 43375 lib2rtl]
 AOI21BX8M                 Yes              Yes [LIB: scmetro_tsmc_cl013g_rvt_tt_1p2v_25c.lib 43853 lib2rtl]
 AOI21BXLM                 Yes              Yes [LIB: scmetro_tsmc_cl013g_rvt_tt_1p2v_25c.lib 44331 lib2rtl]
 AOI21X1M                  Yes              Yes [LIB: scmetro_tsmc_cl013g_rvt_tt_1p2v_25c.lib 44809 lib2rtl]
 AOI21X2M                  Yes              Yes [LIB: scmetro_tsmc_cl013g_rvt_tt_1p2v_25c.lib 45287 lib2rtl]
 AOI21X3M                  Yes              Yes [LIB: scmetro_tsmc_cl013g_rvt_tt_1p2v_25c.lib 45765 lib2rtl]
 AOI21X4M                  Yes              Yes [LIB: scmetro_tsmc_cl013g_rvt_tt_1p2v_25c.lib 46243 lib2rtl]
 AOI21X6M                  Yes              Yes [LIB: scmetro_tsmc_cl013g_rvt_tt_1p2v_25c.lib 46721 lib2rtl]
 AOI21X8M                  Yes              Yes [LIB: scmetro_tsmc_cl013g_rvt_tt_1p2v_25c.lib 47199 lib2rtl]
 AOI21XLM                  Yes              Yes [LIB: scmetro_tsmc_cl013g_rvt_tt_1p2v_25c.lib 47677 lib2rtl]
 AOI221X1M                 Yes              Yes [LIB: scmetro_tsmc_cl013g_rvt_tt_1p2v_25c.lib 48155 lib2rtl]
 AOI221X2M                 Yes              Yes [LIB: scmetro_tsmc_cl013g_rvt_tt_1p2v_25c.lib 50055 lib2rtl]
 AOI221X4M                 Yes              Yes [LIB: scmetro_tsmc_cl013g_rvt_tt_1p2v_25c.lib 51955 lib2rtl]
 AOI221XLM                 Yes              Yes [LIB: scmetro_tsmc_cl013g_rvt_tt_1p2v_25c.lib 53855 lib2rtl]
 AOI222X1M                 Yes              Yes [LIB: scmetro_tsmc_cl013g_rvt_tt_1p2v_25c.lib 55755 lib2rtl]
 AOI222X2M                 Yes              Yes [LIB: scmetro_tsmc_cl013g_rvt_tt_1p2v_25c.lib 60493 lib2rtl]
 AOI222X4M                 Yes              Yes [LIB: scmetro_tsmc_cl013g_rvt_tt_1p2v_25c.lib 65231 lib2rtl]
 AOI222XLM                 Yes              Yes [LIB: scmetro_tsmc_cl013g_rvt_tt_1p2v_25c.lib 69969 lib2rtl]
 AOI22X1M                  Yes              Yes [LIB: scmetro_tsmc_cl013g_rvt_tt_1p2v_25c.lib 74707 lib2rtl]
 AOI22X2M                  Yes              Yes [LIB: scmetro_tsmc_cl013g_rvt_tt_1p2v_25c.lib 75801 lib2rtl]
 AOI22X4M                  Yes              Yes [LIB: scmetro_tsmc_cl013g_rvt_tt_1p2v_25c.lib 76895 lib2rtl]
 AOI22XLM                  Yes              Yes [LIB: scmetro_tsmc_cl013g_rvt_tt_1p2v_25c.lib 77989 lib2rtl]
 AOI2B1X1M                 Yes              Yes [LIB: scmetro_tsmc_cl013g_rvt_tt_1p2v_25c.lib 79083 lib2rtl]
 AOI2B1X2M                 Yes              Yes [LIB: scmetro_tsmc_cl013g_rvt_tt_1p2v_25c.lib 79561 lib2rtl]
 AOI2B1X4M                 Yes              Yes [LIB: scmetro_tsmc_cl013g_rvt_tt_1p2v_25c.lib 80039 lib2rtl]
 AOI2B1X8M                 Yes              Yes [LIB: scmetro_tsmc_cl013g_rvt_tt_1p2v_25c.lib 80517 lib2rtl]
 AOI2B1XLM                 Yes              Yes [LIB: scmetro_tsmc_cl013g_rvt_tt_1p2v_25c.lib 80995 lib2rtl]
 AOI2BB1X1M                Yes              Yes [LIB: scmetro_tsmc_cl013g_rvt_tt_1p2v_25c.lib 81473 lib2rtl]
 AOI2BB1X2M                Yes              Yes [LIB: scmetro_tsmc_cl013g_rvt_tt_1p2v_25c.lib 81951 lib2rtl]
 AOI2BB1X4M                Yes              Yes [LIB: scmetro_tsmc_cl013g_rvt_tt_1p2v_25c.lib 82429 lib2rtl]
 AOI2BB1X8M                Yes              Yes [LIB: scmetro_tsmc_cl013g_rvt_tt_1p2v_25c.lib 82907 lib2rtl]
 AOI2BB1XLM                Yes              Yes [LIB: scmetro_tsmc_cl013g_rvt_tt_1p2v_25c.lib 83385 lib2rtl]
 AOI2BB2X1M                Yes              Yes [LIB: scmetro_tsmc_cl013g_rvt_tt_1p2v_25c.lib 83863 lib2rtl]
 AOI2BB2X2M                Yes              Yes [LIB: scmetro_tsmc_cl013g_rvt_tt_1p2v_25c.lib 84957 lib2rtl]
 AOI2BB2X4M                Yes              Yes [LIB: scmetro_tsmc_cl013g_rvt_tt_1p2v_25c.lib 86051 lib2rtl]
 AOI2BB2X8M                Yes              Yes [LIB: scmetro_tsmc_cl013g_rvt_tt_1p2v_25c.lib 87145 lib2rtl]
 AOI2BB2XLM                Yes              Yes [LIB: scmetro_tsmc_cl013g_rvt_tt_1p2v_25c.lib 88239 lib2rtl]
 AOI31X1M                  Yes              Yes [LIB: scmetro_tsmc_cl013g_rvt_tt_1p2v_25c.lib 89333 lib2rtl]
 AOI31X2M                  Yes              Yes [LIB: scmetro_tsmc_cl013g_rvt_tt_1p2v_25c.lib 90254 lib2rtl]
 AOI31X4M                  Yes              Yes [LIB: scmetro_tsmc_cl013g_rvt_tt_1p2v_25c.lib 91175 lib2rtl]
 AOI31XLM                  Yes              Yes [LIB: scmetro_tsmc_cl013g_rvt_tt_1p2v_25c.lib 92096 lib2rtl]
 AOI32X1M                  Yes              Yes [LIB: scmetro_tsmc_cl013g_rvt_tt_1p2v_25c.lib 93017 lib2rtl]
 AOI32X2M                  Yes              Yes [LIB: scmetro_tsmc_cl013g_rvt_tt_1p2v_25c.lib 95081 lib2rtl]
 AOI32X4M                  Yes              Yes [LIB: scmetro_tsmc_cl013g_rvt_tt_1p2v_25c.lib 97145 lib2rtl]
 AOI32XLM                  Yes              Yes [LIB: scmetro_tsmc_cl013g_rvt_tt_1p2v_25c.lib 99209 lib2rtl]
 AOI33X1M                  Yes              Yes [LIB: scmetro_tsmc_cl013g_rvt_tt_1p2v_25c.lib 101273 lib2rtl]
 AOI33X2M                  Yes              Yes [LIB: scmetro_tsmc_cl013g_rvt_tt_1p2v_25c.lib 105027 lib2rtl]
 AOI33X4M                  Yes              Yes [LIB: scmetro_tsmc_cl013g_rvt_tt_1p2v_25c.lib 108781 lib2rtl]
 AOI33XLM                  Yes              Yes [LIB: scmetro_tsmc_cl013g_rvt_tt_1p2v_25c.lib 112535 lib2rtl]
 BUFX10M                   Yes              Yes [LIB: scmetro_tsmc_cl013g_rvt_tt_1p2v_25c.lib 116289 lib2rtl]
 BUFX12M                   Yes              Yes [LIB: scmetro_tsmc_cl013g_rvt_tt_1p2v_25c.lib 116410 lib2rtl]
 BUFX14M                   Yes              Yes [LIB: scmetro_tsmc_cl013g_rvt_tt_1p2v_25c.lib 116531 lib2rtl]
 BUFX16M                   Yes              Yes [LIB: scmetro_tsmc_cl013g_rvt_tt_1p2v_25c.lib 116652 lib2rtl]
 BUFX18M                   Yes              Yes [LIB: scmetro_tsmc_cl013g_rvt_tt_1p2v_25c.lib 116773 lib2rtl]
 BUFX20M                   Yes              Yes [LIB: scmetro_tsmc_cl013g_rvt_tt_1p2v_25c.lib 116894 lib2rtl]
 BUFX24M                   Yes              Yes [LIB: scmetro_tsmc_cl013g_rvt_tt_1p2v_25c.lib 117015 lib2rtl]
 BUFX2M                    Yes              Yes [LIB: scmetro_tsmc_cl013g_rvt_tt_1p2v_25c.lib 117136 lib2rtl]
 BUFX32M                   Yes              Yes [LIB: scmetro_tsmc_cl013g_rvt_tt_1p2v_25c.lib 117257 lib2rtl]
 BUFX3M                    Yes              Yes [LIB: scmetro_tsmc_cl013g_rvt_tt_1p2v_25c.lib 117378 lib2rtl]
 BUFX4M                    Yes              Yes [LIB: scmetro_tsmc_cl013g_rvt_tt_1p2v_25c.lib 117499 lib2rtl]
 BUFX5M                    Yes              Yes [LIB: scmetro_tsmc_cl013g_rvt_tt_1p2v_25c.lib 117620 lib2rtl]
 BUFX6M                    Yes              Yes [LIB: scmetro_tsmc_cl013g_rvt_tt_1p2v_25c.lib 117741 lib2rtl]
 BUFX8M                    Yes              Yes [LIB: scmetro_tsmc_cl013g_rvt_tt_1p2v_25c.lib 117862 lib2rtl]
 CLKAND2X12M               Yes              Yes [LIB: scmetro_tsmc_cl013g_rvt_tt_1p2v_25c.lib 117983 lib2rtl]
 CLKAND2X16M               Yes              Yes [LIB: scmetro_tsmc_cl013g_rvt_tt_1p2v_25c.lib 118195 lib2rtl]
 CLKAND2X2M                Yes              Yes [LIB: scmetro_tsmc_cl013g_rvt_tt_1p2v_25c.lib 118407 lib2rtl]
 CLKAND2X3M                Yes              Yes [LIB: scmetro_tsmc_cl013g_rvt_tt_1p2v_25c.lib 118619 lib2rtl]
 CLKAND2X4M                Yes              Yes [LIB: scmetro_tsmc_cl013g_rvt_tt_1p2v_25c.lib 118831 lib2rtl]
 CLKAND2X6M                Yes              Yes [LIB: scmetro_tsmc_cl013g_rvt_tt_1p2v_25c.lib 119043 lib2rtl]
 CLKAND2X8M                Yes              Yes [LIB: scmetro_tsmc_cl013g_rvt_tt_1p2v_25c.lib 119255 lib2rtl]
 CLKBUFX12M                Yes              Yes [LIB: scmetro_tsmc_cl013g_rvt_tt_1p2v_25c.lib 119467 lib2rtl]
 CLKBUFX16M                Yes              Yes [LIB: scmetro_tsmc_cl013g_rvt_tt_1p2v_25c.lib 119588 lib2rtl]
 CLKBUFX1M                 Yes              Yes [LIB: scmetro_tsmc_cl013g_rvt_tt_1p2v_25c.lib 119709 lib2rtl]
 CLKBUFX20M                Yes              Yes [LIB: scmetro_tsmc_cl013g_rvt_tt_1p2v_25c.lib 119830 lib2rtl]
 CLKBUFX24M                Yes              Yes [LIB: scmetro_tsmc_cl013g_rvt_tt_1p2v_25c.lib 119951 lib2rtl]
 CLKBUFX2M                 Yes              Yes [LIB: scmetro_tsmc_cl013g_rvt_tt_1p2v_25c.lib 120072 lib2rtl]
 CLKBUFX32M                Yes              Yes [LIB: scmetro_tsmc_cl013g_rvt_tt_1p2v_25c.lib 120193 lib2rtl]
 CLKBUFX3M                 Yes              Yes [LIB: scmetro_tsmc_cl013g_rvt_tt_1p2v_25c.lib 120314 lib2rtl]
 CLKBUFX40M                Yes              Yes [LIB: scmetro_tsmc_cl013g_rvt_tt_1p2v_25c.lib 120435 lib2rtl]
 CLKBUFX4M                 Yes              Yes [LIB: scmetro_tsmc_cl013g_rvt_tt_1p2v_25c.lib 120556 lib2rtl]
 CLKBUFX6M                 Yes              Yes [LIB: scmetro_tsmc_cl013g_rvt_tt_1p2v_25c.lib 120677 lib2rtl]
 CLKBUFX8M                 Yes              Yes [LIB: scmetro_tsmc_cl013g_rvt_tt_1p2v_25c.lib 120798 lib2rtl]
 CLKINVX12M                Yes              Yes [LIB: scmetro_tsmc_cl013g_rvt_tt_1p2v_25c.lib 120919 lib2rtl]
 CLKINVX16M                Yes              Yes [LIB: scmetro_tsmc_cl013g_rvt_tt_1p2v_25c.lib 121040 lib2rtl]
 CLKINVX1M                 Yes              Yes [LIB: scmetro_tsmc_cl013g_rvt_tt_1p2v_25c.lib 121161 lib2rtl]
 CLKINVX20M                Yes              Yes [LIB: scmetro_tsmc_cl013g_rvt_tt_1p2v_25c.lib 121282 lib2rtl]
 CLKINVX24M                Yes              Yes [LIB: scmetro_tsmc_cl013g_rvt_tt_1p2v_25c.lib 121403 lib2rtl]
 CLKINVX2M                 Yes              Yes [LIB: scmetro_tsmc_cl013g_rvt_tt_1p2v_25c.lib 121524 lib2rtl]
 CLKINVX32M                Yes              Yes [LIB: scmetro_tsmc_cl013g_rvt_tt_1p2v_25c.lib 121645 lib2rtl]
 CLKINVX3M                 Yes              Yes [LIB: scmetro_tsmc_cl013g_rvt_tt_1p2v_25c.lib 121766 lib2rtl]
 CLKINVX40M                Yes              Yes [LIB: scmetro_tsmc_cl013g_rvt_tt_1p2v_25c.lib 121887 lib2rtl]
 CLKINVX4M                 Yes              Yes [LIB: scmetro_tsmc_cl013g_rvt_tt_1p2v_25c.lib 122008 lib2rtl]
 CLKINVX6M                 Yes              Yes [LIB: scmetro_tsmc_cl013g_rvt_tt_1p2v_25c.lib 122129 lib2rtl]
 CLKINVX8M                 Yes              Yes [LIB: scmetro_tsmc_cl013g_rvt_tt_1p2v_25c.lib 122250 lib2rtl]
 CLKMX2X12M                Yes              Yes [LIB: scmetro_tsmc_cl013g_rvt_tt_1p2v_25c.lib 122371 lib2rtl]
 CLKMX2X16M                Yes              Yes [LIB: scmetro_tsmc_cl013g_rvt_tt_1p2v_25c.lib 122937 lib2rtl]
 CLKMX2X2M                 Yes              Yes [LIB: scmetro_tsmc_cl013g_rvt_tt_1p2v_25c.lib 123503 lib2rtl]
 CLKMX2X3M                 Yes              Yes [LIB: scmetro_tsmc_cl013g_rvt_tt_1p2v_25c.lib 124069 lib2rtl]
 CLKMX2X4M                 Yes              Yes [LIB: scmetro_tsmc_cl013g_rvt_tt_1p2v_25c.lib 124635 lib2rtl]
 CLKMX2X6M                 Yes              Yes [LIB: scmetro_tsmc_cl013g_rvt_tt_1p2v_25c.lib 125201 lib2rtl]
 CLKMX2X8M                 Yes              Yes [LIB: scmetro_tsmc_cl013g_rvt_tt_1p2v_25c.lib 125767 lib2rtl]
 CLKNAND2X12M              Yes              Yes [LIB: scmetro_tsmc_cl013g_rvt_tt_1p2v_25c.lib 126333 lib2rtl]
 CLKNAND2X16M              Yes              Yes [LIB: scmetro_tsmc_cl013g_rvt_tt_1p2v_25c.lib 126545 lib2rtl]
 CLKNAND2X2M               Yes              Yes [LIB: scmetro_tsmc_cl013g_rvt_tt_1p2v_25c.lib 126757 lib2rtl]
 CLKNAND2X4M               Yes              Yes [LIB: scmetro_tsmc_cl013g_rvt_tt_1p2v_25c.lib 126969 lib2rtl]
 CLKNAND2X8M               Yes              Yes [LIB: scmetro_tsmc_cl013g_rvt_tt_1p2v_25c.lib 127181 lib2rtl]
 CLKXOR2X12M               Yes              Yes [LIB: scmetro_tsmc_cl013g_rvt_tt_1p2v_25c.lib 127393 lib2rtl]
 CLKXOR2X16M               Yes              Yes [LIB: scmetro_tsmc_cl013g_rvt_tt_1p2v_25c.lib 127775 lib2rtl]
 CLKXOR2X2M                Yes              Yes [LIB: scmetro_tsmc_cl013g_rvt_tt_1p2v_25c.lib 128157 lib2rtl]
 CLKXOR2X4M                Yes              Yes [LIB: scmetro_tsmc_cl013g_rvt_tt_1p2v_25c.lib 128539 lib2rtl]
 CLKXOR2X8M                Yes              Yes [LIB: scmetro_tsmc_cl013g_rvt_tt_1p2v_25c.lib 128921 lib2rtl]
 DFFHQNX1M                 Yes              Yes [LIB: scmetro_tsmc_cl013g_rvt_tt_1p2v_25c.lib 129303 lib2rtl]
 DFFHQNX2M                 Yes              Yes [LIB: scmetro_tsmc_cl013g_rvt_tt_1p2v_25c.lib 129523 lib2rtl]
 DFFHQNX4M                 Yes              Yes [LIB: scmetro_tsmc_cl013g_rvt_tt_1p2v_25c.lib 129743 lib2rtl]
 DFFHQNX8M                 Yes              Yes [LIB: scmetro_tsmc_cl013g_rvt_tt_1p2v_25c.lib 129963 lib2rtl]
 DFFHQX1M                  Yes              Yes [LIB: scmetro_tsmc_cl013g_rvt_tt_1p2v_25c.lib 130183 lib2rtl]
 DFFHQX2M                  Yes              Yes [LIB: scmetro_tsmc_cl013g_rvt_tt_1p2v_25c.lib 130439 lib2rtl]
 DFFHQX4M                  Yes              Yes [LIB: scmetro_tsmc_cl013g_rvt_tt_1p2v_25c.lib 130695 lib2rtl]
 DFFHQX8M                  Yes              Yes [LIB: scmetro_tsmc_cl013g_rvt_tt_1p2v_25c.lib 130951 lib2rtl]
 DFFHX1M                   Yes              Yes [LIB: scmetro_tsmc_cl013g_rvt_tt_1p2v_25c.lib 131207 lib2rtl]
 DFFHX2M                   Yes              Yes [LIB: scmetro_tsmc_cl013g_rvt_tt_1p2v_25c.lib 131525 lib2rtl]
 DFFHX4M                   Yes              Yes [LIB: scmetro_tsmc_cl013g_rvt_tt_1p2v_25c.lib 131843 lib2rtl]
 DFFHX8M                   Yes              Yes [LIB: scmetro_tsmc_cl013g_rvt_tt_1p2v_25c.lib 132161 lib2rtl]
 DFFNHX1M                  Yes              Yes [LIB: scmetro_tsmc_cl013g_rvt_tt_1p2v_25c.lib 132479 lib2rtl]
 DFFNHX2M                  Yes              Yes [LIB: scmetro_tsmc_cl013g_rvt_tt_1p2v_25c.lib 132797 lib2rtl]
 DFFNHX4M                  Yes              Yes [LIB: scmetro_tsmc_cl013g_rvt_tt_1p2v_25c.lib 133115 lib2rtl]
 DFFNHX8M                  Yes              Yes [LIB: scmetro_tsmc_cl013g_rvt_tt_1p2v_25c.lib 133433 lib2rtl]
 DFFNSRHX1M                Yes              Yes [LIB: scmetro_tsmc_cl013g_rvt_tt_1p2v_25c.lib 133751 lib2rtl]
 DFFNSRHX2M                Yes              Yes [LIB: scmetro_tsmc_cl013g_rvt_tt_1p2v_25c.lib 134981 lib2rtl]
 DFFNSRHX4M                Yes              Yes [LIB: scmetro_tsmc_cl013g_rvt_tt_1p2v_25c.lib 136211 lib2rtl]
 DFFNSRHX8M                Yes              Yes [LIB: scmetro_tsmc_cl013g_rvt_tt_1p2v_25c.lib 137441 lib2rtl]
 DFFQNX1M                  Yes              Yes [LIB: scmetro_tsmc_cl013g_rvt_tt_1p2v_25c.lib 138671 lib2rtl]
 DFFQNX2M                  Yes              Yes [LIB: scmetro_tsmc_cl013g_rvt_tt_1p2v_25c.lib 138891 lib2rtl]
 DFFQNX4M                  Yes              Yes [LIB: scmetro_tsmc_cl013g_rvt_tt_1p2v_25c.lib 139111 lib2rtl]
 DFFQX1M                   Yes              Yes [LIB: scmetro_tsmc_cl013g_rvt_tt_1p2v_25c.lib 139331 lib2rtl]
 DFFQX2M                   Yes              Yes [LIB: scmetro_tsmc_cl013g_rvt_tt_1p2v_25c.lib 139587 lib2rtl]
 DFFQX4M                   Yes              Yes [LIB: scmetro_tsmc_cl013g_rvt_tt_1p2v_25c.lib 139843 lib2rtl]
 DFFRHQX1M                 Yes              Yes [LIB: scmetro_tsmc_cl013g_rvt_tt_1p2v_25c.lib 140099 lib2rtl]
 DFFRHQX2M                 Yes              Yes [LIB: scmetro_tsmc_cl013g_rvt_tt_1p2v_25c.lib 140606 lib2rtl]
 DFFRHQX4M                 Yes              Yes [LIB: scmetro_tsmc_cl013g_rvt_tt_1p2v_25c.lib 141113 lib2rtl]
 DFFRHQX8M                 Yes              Yes [LIB: scmetro_tsmc_cl013g_rvt_tt_1p2v_25c.lib 141620 lib2rtl]
 DFFRQX1M                  Yes              Yes [LIB: scmetro_tsmc_cl013g_rvt_tt_1p2v_25c.lib 142127 lib2rtl]
 DFFRQX2M                  Yes              Yes [LIB: scmetro_tsmc_cl013g_rvt_tt_1p2v_25c.lib 142634 lib2rtl]
 DFFRQX4M                  Yes              Yes [LIB: scmetro_tsmc_cl013g_rvt_tt_1p2v_25c.lib 143141 lib2rtl]
 DFFRX1M                   Yes              Yes [LIB: scmetro_tsmc_cl013g_rvt_tt_1p2v_25c.lib 143648 lib2rtl]
 DFFRX2M                   Yes              Yes [LIB: scmetro_tsmc_cl013g_rvt_tt_1p2v_25c.lib 144405 lib2rtl]
 DFFRX4M                   Yes              Yes [LIB: scmetro_tsmc_cl013g_rvt_tt_1p2v_25c.lib 145162 lib2rtl]
 DFFSHQX1M                 Yes              Yes [LIB: scmetro_tsmc_cl013g_rvt_tt_1p2v_25c.lib 145919 lib2rtl]
 DFFSHQX2M                 Yes              Yes [LIB: scmetro_tsmc_cl013g_rvt_tt_1p2v_25c.lib 146426 lib2rtl]
 DFFSHQX4M                 Yes              Yes [LIB: scmetro_tsmc_cl013g_rvt_tt_1p2v_25c.lib 146933 lib2rtl]
 DFFSHQX8M                 Yes              Yes [LIB: scmetro_tsmc_cl013g_rvt_tt_1p2v_25c.lib 147440 lib2rtl]
 DFFSQX1M                  Yes              Yes [LIB: scmetro_tsmc_cl013g_rvt_tt_1p2v_25c.lib 147947 lib2rtl]
 DFFSQX2M                  Yes              Yes [LIB: scmetro_tsmc_cl013g_rvt_tt_1p2v_25c.lib 148454 lib2rtl]
 DFFSQX4M                  Yes              Yes [LIB: scmetro_tsmc_cl013g_rvt_tt_1p2v_25c.lib 148961 lib2rtl]
 DFFSRHQX1M                Yes              Yes [LIB: scmetro_tsmc_cl013g_rvt_tt_1p2v_25c.lib 149468 lib2rtl]
 DFFSRHQX2M                Yes              Yes [LIB: scmetro_tsmc_cl013g_rvt_tt_1p2v_25c.lib 150260 lib2rtl]
 DFFSRHQX4M                Yes              Yes [LIB: scmetro_tsmc_cl013g_rvt_tt_1p2v_25c.lib 151052 lib2rtl]
 DFFSRHQX8M                Yes              Yes [LIB: scmetro_tsmc_cl013g_rvt_tt_1p2v_25c.lib 151844 lib2rtl]
 DFFSRX1M                  Yes              Yes [LIB: scmetro_tsmc_cl013g_rvt_tt_1p2v_25c.lib 152636 lib2rtl]
 DFFSRX2M                  Yes              Yes [LIB: scmetro_tsmc_cl013g_rvt_tt_1p2v_25c.lib 153866 lib2rtl]
 DFFSRX4M                  Yes              Yes [LIB: scmetro_tsmc_cl013g_rvt_tt_1p2v_25c.lib 155096 lib2rtl]
 DFFSX1M                   Yes              Yes [LIB: scmetro_tsmc_cl013g_rvt_tt_1p2v_25c.lib 156326 lib2rtl]
 DFFSX2M                   Yes              Yes [LIB: scmetro_tsmc_cl013g_rvt_tt_1p2v_25c.lib 157083 lib2rtl]
 DFFSX4M                   Yes              Yes [LIB: scmetro_tsmc_cl013g_rvt_tt_1p2v_25c.lib 157840 lib2rtl]
 DFFTRX1M                  Yes              Yes [LIB: scmetro_tsmc_cl013g_rvt_tt_1p2v_25c.lib 158597 lib2rtl]
 DFFTRX2M                  Yes              Yes [LIB: scmetro_tsmc_cl013g_rvt_tt_1p2v_25c.lib 159038 lib2rtl]
 DFFTRX4M                  Yes              Yes [LIB: scmetro_tsmc_cl013g_rvt_tt_1p2v_25c.lib 159479 lib2rtl]
 DFFX1M                    Yes              Yes [LIB: scmetro_tsmc_cl013g_rvt_tt_1p2v_25c.lib 159920 lib2rtl]
 DFFX2M                    Yes              Yes [LIB: scmetro_tsmc_cl013g_rvt_tt_1p2v_25c.lib 160238 lib2rtl]
 DFFX4M                    Yes              Yes [LIB: scmetro_tsmc_cl013g_rvt_tt_1p2v_25c.lib 160556 lib2rtl]
 DLY1X1M                   Yes              Yes [LIB: scmetro_tsmc_cl013g_rvt_tt_1p2v_25c.lib 160874 lib2rtl]
 DLY1X4M                   Yes              Yes [LIB: scmetro_tsmc_cl013g_rvt_tt_1p2v_25c.lib 160995 lib2rtl]
 DLY2X1M                   Yes              Yes [LIB: scmetro_tsmc_cl013g_rvt_tt_1p2v_25c.lib 161116 lib2rtl]
 DLY2X4M                   Yes              Yes [LIB: scmetro_tsmc_cl013g_rvt_tt_1p2v_25c.lib 161237 lib2rtl]
 DLY3X1M                   Yes              Yes [LIB: scmetro_tsmc_cl013g_rvt_tt_1p2v_25c.lib 161358 lib2rtl]
 DLY3X4M                   Yes              Yes [LIB: scmetro_tsmc_cl013g_rvt_tt_1p2v_25c.lib 161479 lib2rtl]
 DLY4X1M                   Yes              Yes [LIB: scmetro_tsmc_cl013g_rvt_tt_1p2v_25c.lib 161600 lib2rtl]
 DLY4X4M                   Yes              Yes [LIB: scmetro_tsmc_cl013g_rvt_tt_1p2v_25c.lib 161721 lib2rtl]
 EDFFHQX1M                 Yes              Yes [LIB: scmetro_tsmc_cl013g_rvt_tt_1p2v_25c.lib 161842 lib2rtl]
 EDFFHQX2M                 Yes              Yes [LIB: scmetro_tsmc_cl013g_rvt_tt_1p2v_25c.lib 162229 lib2rtl]
 EDFFHQX4M                 Yes              Yes [LIB: scmetro_tsmc_cl013g_rvt_tt_1p2v_25c.lib 162616 lib2rtl]
 EDFFHQX8M                 Yes              Yes [LIB: scmetro_tsmc_cl013g_rvt_tt_1p2v_25c.lib 163003 lib2rtl]
 EDFFTRX1M                 Yes              Yes [LIB: scmetro_tsmc_cl013g_rvt_tt_1p2v_25c.lib 163390 lib2rtl]
 EDFFTRX2M                 Yes              Yes [LIB: scmetro_tsmc_cl013g_rvt_tt_1p2v_25c.lib 164030 lib2rtl]
 EDFFTRX4M                 Yes              Yes [LIB: scmetro_tsmc_cl013g_rvt_tt_1p2v_25c.lib 164670 lib2rtl]
 EDFFX1M                   Yes              Yes [LIB: scmetro_tsmc_cl013g_rvt_tt_1p2v_25c.lib 165310 lib2rtl]
 EDFFX2M                   Yes              Yes [LIB: scmetro_tsmc_cl013g_rvt_tt_1p2v_25c.lib 165759 lib2rtl]
 EDFFX4M                   Yes              Yes [LIB: scmetro_tsmc_cl013g_rvt_tt_1p2v_25c.lib 166208 lib2rtl]
 HOLDX1M                   Yes              Yes [LIB: scmetro_tsmc_cl013g_rvt_tt_1p2v_25c.lib 166657 lib2rtl]
 INVX10M                   Yes              Yes [LIB: scmetro_tsmc_cl013g_rvt_tt_1p2v_25c.lib 166695 lib2rtl]
 INVX12M                   Yes              Yes [LIB: scmetro_tsmc_cl013g_rvt_tt_1p2v_25c.lib 166816 lib2rtl]
 INVX14M                   Yes              Yes [LIB: scmetro_tsmc_cl013g_rvt_tt_1p2v_25c.lib 166937 lib2rtl]
 INVX16M                   Yes              Yes [LIB: scmetro_tsmc_cl013g_rvt_tt_1p2v_25c.lib 167058 lib2rtl]
 INVX18M                   Yes              Yes [LIB: scmetro_tsmc_cl013g_rvt_tt_1p2v_25c.lib 167179 lib2rtl]
 INVX1M                    Yes              Yes [LIB: scmetro_tsmc_cl013g_rvt_tt_1p2v_25c.lib 167300 lib2rtl]
 INVX20M                   Yes              Yes [LIB: scmetro_tsmc_cl013g_rvt_tt_1p2v_25c.lib 167421 lib2rtl]
 INVX24M                   Yes              Yes [LIB: scmetro_tsmc_cl013g_rvt_tt_1p2v_25c.lib 167542 lib2rtl]
 INVX2M                    Yes              Yes [LIB: scmetro_tsmc_cl013g_rvt_tt_1p2v_25c.lib 167663 lib2rtl]
 INVX32M                   Yes              Yes [LIB: scmetro_tsmc_cl013g_rvt_tt_1p2v_25c.lib 167784 lib2rtl]
 INVX3M                    Yes              Yes [LIB: scmetro_tsmc_cl013g_rvt_tt_1p2v_25c.lib 167905 lib2rtl]
 INVX4M                    Yes              Yes [LIB: scmetro_tsmc_cl013g_rvt_tt_1p2v_25c.lib 168026 lib2rtl]
 INVX5M                    Yes              Yes [LIB: scmetro_tsmc_cl013g_rvt_tt_1p2v_25c.lib 168147 lib2rtl]
 INVX6M                    Yes              Yes [LIB: scmetro_tsmc_cl013g_rvt_tt_1p2v_25c.lib 168268 lib2rtl]
 INVX8M                    Yes              Yes [LIB: scmetro_tsmc_cl013g_rvt_tt_1p2v_25c.lib 168389 lib2rtl]
 INVXLM                    Yes              Yes [LIB: scmetro_tsmc_cl013g_rvt_tt_1p2v_25c.lib 168510 lib2rtl]
 MDFFHQX1M                 Yes              Yes [LIB: scmetro_tsmc_cl013g_rvt_tt_1p2v_25c.lib 168631 lib2rtl]
 MDFFHQX2M                 Yes              Yes [LIB: scmetro_tsmc_cl013g_rvt_tt_1p2v_25c.lib 169129 lib2rtl]
 MDFFHQX4M                 Yes              Yes [LIB: scmetro_tsmc_cl013g_rvt_tt_1p2v_25c.lib 169627 lib2rtl]
 MDFFHQX8M                 Yes              Yes [LIB: scmetro_tsmc_cl013g_rvt_tt_1p2v_25c.lib 170125 lib2rtl]
 MX2X12M                   Yes              Yes [LIB: scmetro_tsmc_cl013g_rvt_tt_1p2v_25c.lib 170623 lib2rtl]
 MX2X1M                    Yes              Yes [LIB: scmetro_tsmc_cl013g_rvt_tt_1p2v_25c.lib 171189 lib2rtl]
 MX2X2M                    Yes              Yes [LIB: scmetro_tsmc_cl013g_rvt_tt_1p2v_25c.lib 171755 lib2rtl]
 MX2X3M                    Yes              Yes [LIB: scmetro_tsmc_cl013g_rvt_tt_1p2v_25c.lib 172321 lib2rtl]
 MX2X4M                    Yes              Yes [LIB: scmetro_tsmc_cl013g_rvt_tt_1p2v_25c.lib 172887 lib2rtl]
 MX2X6M                    Yes              Yes [LIB: scmetro_tsmc_cl013g_rvt_tt_1p2v_25c.lib 173453 lib2rtl]
 MX2X8M                    Yes              Yes [LIB: scmetro_tsmc_cl013g_rvt_tt_1p2v_25c.lib 174019 lib2rtl]
 MX2XLM                    Yes              Yes [LIB: scmetro_tsmc_cl013g_rvt_tt_1p2v_25c.lib 174585 lib2rtl]
 MX3X1M                    Yes              Yes [LIB: scmetro_tsmc_cl013g_rvt_tt_1p2v_25c.lib 175151 lib2rtl]
 MX3X2M                    Yes              Yes [LIB: scmetro_tsmc_cl013g_rvt_tt_1p2v_25c.lib 177625 lib2rtl]
 MX3X4M                    Yes              Yes [LIB: scmetro_tsmc_cl013g_rvt_tt_1p2v_25c.lib 180099 lib2rtl]
 MX3X8M                    Yes              Yes [LIB: scmetro_tsmc_cl013g_rvt_tt_1p2v_25c.lib 182573 lib2rtl]
 MX3XLM                    Yes              Yes [LIB: scmetro_tsmc_cl013g_rvt_tt_1p2v_25c.lib 185047 lib2rtl]
 MX4X1M                    Yes              Yes [LIB: scmetro_tsmc_cl013g_rvt_tt_1p2v_25c.lib 187521 lib2rtl]
 MX4X2M                    Yes              Yes [LIB: scmetro_tsmc_cl013g_rvt_tt_1p2v_25c.lib 193079 lib2rtl]
 MX4X4M                    Yes              Yes [LIB: scmetro_tsmc_cl013g_rvt_tt_1p2v_25c.lib 198637 lib2rtl]
 MX4X8M                    Yes              Yes [LIB: scmetro_tsmc_cl013g_rvt_tt_1p2v_25c.lib 204195 lib2rtl]
 MX4XLM                    Yes              Yes [LIB: scmetro_tsmc_cl013g_rvt_tt_1p2v_25c.lib 209753 lib2rtl]
 MXI2DX1M                  Yes              Yes [LIB: scmetro_tsmc_cl013g_rvt_tt_1p2v_25c.lib 215311 lib2rtl]
 MXI2DX2M                  Yes              Yes [LIB: scmetro_tsmc_cl013g_rvt_tt_1p2v_25c.lib 215879 lib2rtl]
 MXI2DX4M                  Yes              Yes [LIB: scmetro_tsmc_cl013g_rvt_tt_1p2v_25c.lib 216447 lib2rtl]
 MXI2DX8M                  Yes              Yes [LIB: scmetro_tsmc_cl013g_rvt_tt_1p2v_25c.lib 217015 lib2rtl]
 MXI2DXLM                  Yes              Yes [LIB: scmetro_tsmc_cl013g_rvt_tt_1p2v_25c.lib 217583 lib2rtl]
 MXI2X12M                  Yes              Yes [LIB: scmetro_tsmc_cl013g_rvt_tt_1p2v_25c.lib 218151 lib2rtl]
 MXI2X1M                   Yes              Yes [LIB: scmetro_tsmc_cl013g_rvt_tt_1p2v_25c.lib 218717 lib2rtl]
 MXI2X2M                   Yes              Yes [LIB: scmetro_tsmc_cl013g_rvt_tt_1p2v_25c.lib 219283 lib2rtl]
 MXI2X3M                   Yes              Yes [LIB: scmetro_tsmc_cl013g_rvt_tt_1p2v_25c.lib 219849 lib2rtl]
 MXI2X4M                   Yes              Yes [LIB: scmetro_tsmc_cl013g_rvt_tt_1p2v_25c.lib 220415 lib2rtl]
 MXI2X6M                   Yes              Yes [LIB: scmetro_tsmc_cl013g_rvt_tt_1p2v_25c.lib 220981 lib2rtl]
 MXI2X8M                   Yes              Yes [LIB: scmetro_tsmc_cl013g_rvt_tt_1p2v_25c.lib 221547 lib2rtl]
 MXI2XLM                   Yes              Yes [LIB: scmetro_tsmc_cl013g_rvt_tt_1p2v_25c.lib 222113 lib2rtl]
 MXI3X1M                   Yes              Yes [LIB: scmetro_tsmc_cl013g_rvt_tt_1p2v_25c.lib 222679 lib2rtl]
 MXI3X2M                   Yes              Yes [LIB: scmetro_tsmc_cl013g_rvt_tt_1p2v_25c.lib 225153 lib2rtl]
 MXI3X4M                   Yes              Yes [LIB: scmetro_tsmc_cl013g_rvt_tt_1p2v_25c.lib 227627 lib2rtl]
 MXI3X8M                   Yes              Yes [LIB: scmetro_tsmc_cl013g_rvt_tt_1p2v_25c.lib 230101 lib2rtl]
 MXI3XLM                   Yes              Yes [LIB: scmetro_tsmc_cl013g_rvt_tt_1p2v_25c.lib 232575 lib2rtl]
 MXI4X1M                   Yes              Yes [LIB: scmetro_tsmc_cl013g_rvt_tt_1p2v_25c.lib 235049 lib2rtl]
 MXI4X2M                   Yes              Yes [LIB: scmetro_tsmc_cl013g_rvt_tt_1p2v_25c.lib 240607 lib2rtl]
 MXI4X4M                   Yes              Yes [LIB: scmetro_tsmc_cl013g_rvt_tt_1p2v_25c.lib 246165 lib2rtl]
 MXI4X8M                   Yes              Yes [LIB: scmetro_tsmc_cl013g_rvt_tt_1p2v_25c.lib 251723 lib2rtl]
 MXI4XLM                   Yes              Yes [LIB: scmetro_tsmc_cl013g_rvt_tt_1p2v_25c.lib 257281 lib2rtl]
 NAND2BX12M                Yes              Yes [LIB: scmetro_tsmc_cl013g_rvt_tt_1p2v_25c.lib 262839 lib2rtl]
 NAND2BX1M                 Yes              Yes [LIB: scmetro_tsmc_cl013g_rvt_tt_1p2v_25c.lib 263051 lib2rtl]
 NAND2BX2M                 Yes              Yes [LIB: scmetro_tsmc_cl013g_rvt_tt_1p2v_25c.lib 263263 lib2rtl]
 NAND2BX4M                 Yes              Yes [LIB: scmetro_tsmc_cl013g_rvt_tt_1p2v_25c.lib 263475 lib2rtl]
 NAND2BX8M                 Yes              Yes [LIB: scmetro_tsmc_cl013g_rvt_tt_1p2v_25c.lib 263687 lib2rtl]
 NAND2BXLM                 Yes              Yes [LIB: scmetro_tsmc_cl013g_rvt_tt_1p2v_25c.lib 263899 lib2rtl]
 NAND2X12M                 Yes              Yes [LIB: scmetro_tsmc_cl013g_rvt_tt_1p2v_25c.lib 264111 lib2rtl]
 NAND2X1M                  Yes              Yes [LIB: scmetro_tsmc_cl013g_rvt_tt_1p2v_25c.lib 264323 lib2rtl]
 NAND2X2M                  Yes              Yes [LIB: scmetro_tsmc_cl013g_rvt_tt_1p2v_25c.lib 264535 lib2rtl]
 NAND2X3M                  Yes              Yes [LIB: scmetro_tsmc_cl013g_rvt_tt_1p2v_25c.lib 264747 lib2rtl]
 NAND2X4M                  Yes              Yes [LIB: scmetro_tsmc_cl013g_rvt_tt_1p2v_25c.lib 264959 lib2rtl]
 NAND2X5M                  Yes              Yes [LIB: scmetro_tsmc_cl013g_rvt_tt_1p2v_25c.lib 265171 lib2rtl]
 NAND2X6M                  Yes              Yes [LIB: scmetro_tsmc_cl013g_rvt_tt_1p2v_25c.lib 265383 lib2rtl]
 NAND2X8M                  Yes              Yes [LIB: scmetro_tsmc_cl013g_rvt_tt_1p2v_25c.lib 265595 lib2rtl]
 NAND2XLM                  Yes              Yes [LIB: scmetro_tsmc_cl013g_rvt_tt_1p2v_25c.lib 265807 lib2rtl]
 NAND3BX1M                 Yes              Yes [LIB: scmetro_tsmc_cl013g_rvt_tt_1p2v_25c.lib 266019 lib2rtl]
 NAND3BX2M                 Yes              Yes [LIB: scmetro_tsmc_cl013g_rvt_tt_1p2v_25c.lib 266330 lib2rtl]
 NAND3BX4M                 Yes              Yes [LIB: scmetro_tsmc_cl013g_rvt_tt_1p2v_25c.lib 266641 lib2rtl]
 NAND3BXLM                 Yes              Yes [LIB: scmetro_tsmc_cl013g_rvt_tt_1p2v_25c.lib 266952 lib2rtl]
 NAND3X12M                 Yes              Yes [LIB: scmetro_tsmc_cl013g_rvt_tt_1p2v_25c.lib 267263 lib2rtl]
 NAND3X1M                  Yes              Yes [LIB: scmetro_tsmc_cl013g_rvt_tt_1p2v_25c.lib 267574 lib2rtl]
 NAND3X2M                  Yes              Yes [LIB: scmetro_tsmc_cl013g_rvt_tt_1p2v_25c.lib 267885 lib2rtl]
 NAND3X3M                  Yes              Yes [LIB: scmetro_tsmc_cl013g_rvt_tt_1p2v_25c.lib 268196 lib2rtl]
 NAND3X4M                  Yes              Yes [LIB: scmetro_tsmc_cl013g_rvt_tt_1p2v_25c.lib 268507 lib2rtl]
 NAND3X6M                  Yes              Yes [LIB: scmetro_tsmc_cl013g_rvt_tt_1p2v_25c.lib 268818 lib2rtl]
 NAND3X8M                  Yes              Yes [LIB: scmetro_tsmc_cl013g_rvt_tt_1p2v_25c.lib 269129 lib2rtl]
 NAND3XLM                  Yes              Yes [LIB: scmetro_tsmc_cl013g_rvt_tt_1p2v_25c.lib 269440 lib2rtl]
 NAND4BBX1M                Yes              Yes [LIB: scmetro_tsmc_cl013g_rvt_tt_1p2v_25c.lib 269751 lib2rtl]
 NAND4BBX2M                Yes              Yes [LIB: scmetro_tsmc_cl013g_rvt_tt_1p2v_25c.lib 270177 lib2rtl]
 NAND4BBX4M                Yes              Yes [LIB: scmetro_tsmc_cl013g_rvt_tt_1p2v_25c.lib 270603 lib2rtl]
 NAND4BBXLM                Yes              Yes [LIB: scmetro_tsmc_cl013g_rvt_tt_1p2v_25c.lib 271029 lib2rtl]
 NAND4BX1M                 Yes              Yes [LIB: scmetro_tsmc_cl013g_rvt_tt_1p2v_25c.lib 271455 lib2rtl]
 NAND4BX2M                 Yes              Yes [LIB: scmetro_tsmc_cl013g_rvt_tt_1p2v_25c.lib 271881 lib2rtl]
 NAND4BX4M                 Yes              Yes [LIB: scmetro_tsmc_cl013g_rvt_tt_1p2v_25c.lib 272307 lib2rtl]
 NAND4BXLM                 Yes              Yes [LIB: scmetro_tsmc_cl013g_rvt_tt_1p2v_25c.lib 272733 lib2rtl]
 NAND4X12M                 Yes              Yes [LIB: scmetro_tsmc_cl013g_rvt_tt_1p2v_25c.lib 273159 lib2rtl]
 NAND4X1M                  Yes              Yes [LIB: scmetro_tsmc_cl013g_rvt_tt_1p2v_25c.lib 273585 lib2rtl]
 NAND4X2M                  Yes              Yes [LIB: scmetro_tsmc_cl013g_rvt_tt_1p2v_25c.lib 274011 lib2rtl]
 NAND4X4M                  Yes              Yes [LIB: scmetro_tsmc_cl013g_rvt_tt_1p2v_25c.lib 274437 lib2rtl]
 NAND4X6M                  Yes              Yes [LIB: scmetro_tsmc_cl013g_rvt_tt_1p2v_25c.lib 274863 lib2rtl]
 NAND4X8M                  Yes              Yes [LIB: scmetro_tsmc_cl013g_rvt_tt_1p2v_25c.lib 275289 lib2rtl]
 NAND4XLM                  Yes              Yes [LIB: scmetro_tsmc_cl013g_rvt_tt_1p2v_25c.lib 275715 lib2rtl]
 NOR2BX12M                 Yes              Yes [LIB: scmetro_tsmc_cl013g_rvt_tt_1p2v_25c.lib 276141 lib2rtl]
 NOR2BX1M                  Yes              Yes [LIB: scmetro_tsmc_cl013g_rvt_tt_1p2v_25c.lib 276353 lib2rtl]
 NOR2BX2M                  Yes              Yes [LIB: scmetro_tsmc_cl013g_rvt_tt_1p2v_25c.lib 276565 lib2rtl]
 NOR2BX4M                  Yes              Yes [LIB: scmetro_tsmc_cl013g_rvt_tt_1p2v_25c.lib 276777 lib2rtl]
 NOR2BX8M                  Yes              Yes [LIB: scmetro_tsmc_cl013g_rvt_tt_1p2v_25c.lib 276989 lib2rtl]
 NOR2BXLM                  Yes              Yes [LIB: scmetro_tsmc_cl013g_rvt_tt_1p2v_25c.lib 277201 lib2rtl]
 NOR2X12M                  Yes              Yes [LIB: scmetro_tsmc_cl013g_rvt_tt_1p2v_25c.lib 277413 lib2rtl]
 NOR2X1M                   Yes              Yes [LIB: scmetro_tsmc_cl013g_rvt_tt_1p2v_25c.lib 277625 lib2rtl]
 NOR2X2M                   Yes              Yes [LIB: scmetro_tsmc_cl013g_rvt_tt_1p2v_25c.lib 277837 lib2rtl]
 NOR2X3M                   Yes              Yes [LIB: scmetro_tsmc_cl013g_rvt_tt_1p2v_25c.lib 278049 lib2rtl]
 NOR2X4M                   Yes              Yes [LIB: scmetro_tsmc_cl013g_rvt_tt_1p2v_25c.lib 278261 lib2rtl]
 NOR2X5M                   Yes              Yes [LIB: scmetro_tsmc_cl013g_rvt_tt_1p2v_25c.lib 278473 lib2rtl]
 NOR2X6M                   Yes              Yes [LIB: scmetro_tsmc_cl013g_rvt_tt_1p2v_25c.lib 278685 lib2rtl]
 NOR2X8M                   Yes              Yes [LIB: scmetro_tsmc_cl013g_rvt_tt_1p2v_25c.lib 278897 lib2rtl]
 NOR2XLM                   Yes              Yes [LIB: scmetro_tsmc_cl013g_rvt_tt_1p2v_25c.lib 279109 lib2rtl]
 NOR3BX1M                  Yes              Yes [LIB: scmetro_tsmc_cl013g_rvt_tt_1p2v_25c.lib 279321 lib2rtl]
 NOR3BX2M                  Yes              Yes [LIB: scmetro_tsmc_cl013g_rvt_tt_1p2v_25c.lib 279632 lib2rtl]
 NOR3BX4M                  Yes              Yes [LIB: scmetro_tsmc_cl013g_rvt_tt_1p2v_25c.lib 279943 lib2rtl]
 NOR3BXLM                  Yes              Yes [LIB: scmetro_tsmc_cl013g_rvt_tt_1p2v_25c.lib 280254 lib2rtl]
 NOR3X12M                  Yes              Yes [LIB: scmetro_tsmc_cl013g_rvt_tt_1p2v_25c.lib 280565 lib2rtl]
 NOR3X1M                   Yes              Yes [LIB: scmetro_tsmc_cl013g_rvt_tt_1p2v_25c.lib 280876 lib2rtl]
 NOR3X2M                   Yes              Yes [LIB: scmetro_tsmc_cl013g_rvt_tt_1p2v_25c.lib 281187 lib2rtl]
 NOR3X4M                   Yes              Yes [LIB: scmetro_tsmc_cl013g_rvt_tt_1p2v_25c.lib 281498 lib2rtl]
 NOR3X6M                   Yes              Yes [LIB: scmetro_tsmc_cl013g_rvt_tt_1p2v_25c.lib 281809 lib2rtl]
 NOR3X8M                   Yes              Yes [LIB: scmetro_tsmc_cl013g_rvt_tt_1p2v_25c.lib 282120 lib2rtl]
 NOR3XLM                   Yes              Yes [LIB: scmetro_tsmc_cl013g_rvt_tt_1p2v_25c.lib 282431 lib2rtl]
 NOR4BBX1M                 Yes              Yes [LIB: scmetro_tsmc_cl013g_rvt_tt_1p2v_25c.lib 282742 lib2rtl]
 NOR4BBX2M                 Yes              Yes [LIB: scmetro_tsmc_cl013g_rvt_tt_1p2v_25c.lib 283168 lib2rtl]
 NOR4BBX4M                 Yes              Yes [LIB: scmetro_tsmc_cl013g_rvt_tt_1p2v_25c.lib 283594 lib2rtl]
 NOR4BBXLM                 Yes              Yes [LIB: scmetro_tsmc_cl013g_rvt_tt_1p2v_25c.lib 284020 lib2rtl]
 NOR4BX1M                  Yes              Yes [LIB: scmetro_tsmc_cl013g_rvt_tt_1p2v_25c.lib 284446 lib2rtl]
 NOR4BX2M                  Yes              Yes [LIB: scmetro_tsmc_cl013g_rvt_tt_1p2v_25c.lib 284872 lib2rtl]
 NOR4BX4M                  Yes              Yes [LIB: scmetro_tsmc_cl013g_rvt_tt_1p2v_25c.lib 285298 lib2rtl]
 NOR4BXLM                  Yes              Yes [LIB: scmetro_tsmc_cl013g_rvt_tt_1p2v_25c.lib 285724 lib2rtl]
 NOR4X12M                  Yes              Yes [LIB: scmetro_tsmc_cl013g_rvt_tt_1p2v_25c.lib 286150 lib2rtl]
 NOR4X1M                   Yes              Yes [LIB: scmetro_tsmc_cl013g_rvt_tt_1p2v_25c.lib 286576 lib2rtl]
 NOR4X2M                   Yes              Yes [LIB: scmetro_tsmc_cl013g_rvt_tt_1p2v_25c.lib 287002 lib2rtl]
 NOR4X4M                   Yes              Yes [LIB: scmetro_tsmc_cl013g_rvt_tt_1p2v_25c.lib 287428 lib2rtl]
 NOR4X6M                   Yes              Yes [LIB: scmetro_tsmc_cl013g_rvt_tt_1p2v_25c.lib 287854 lib2rtl]
 NOR4X8M                   Yes              Yes [LIB: scmetro_tsmc_cl013g_rvt_tt_1p2v_25c.lib 288280 lib2rtl]
 NOR4XLM                   Yes              Yes [LIB: scmetro_tsmc_cl013g_rvt_tt_1p2v_25c.lib 288706 lib2rtl]
 OA21X1M                   Yes              Yes [LIB: scmetro_tsmc_cl013g_rvt_tt_1p2v_25c.lib 289132 lib2rtl]
 OA21X2M                   Yes              Yes [LIB: scmetro_tsmc_cl013g_rvt_tt_1p2v_25c.lib 289610 lib2rtl]
 OA21X4M                   Yes              Yes [LIB: scmetro_tsmc_cl013g_rvt_tt_1p2v_25c.lib 290088 lib2rtl]
 OA21X8M                   Yes              Yes [LIB: scmetro_tsmc_cl013g_rvt_tt_1p2v_25c.lib 290566 lib2rtl]
 OA21XLM                   Yes              Yes [LIB: scmetro_tsmc_cl013g_rvt_tt_1p2v_25c.lib 291044 lib2rtl]
 OA22X1M                   Yes              Yes [LIB: scmetro_tsmc_cl013g_rvt_tt_1p2v_25c.lib 291522 lib2rtl]
 OA22X2M                   Yes              Yes [LIB: scmetro_tsmc_cl013g_rvt_tt_1p2v_25c.lib 292616 lib2rtl]
 OA22X4M                   Yes              Yes [LIB: scmetro_tsmc_cl013g_rvt_tt_1p2v_25c.lib 293710 lib2rtl]
 OA22X8M                   Yes              Yes [LIB: scmetro_tsmc_cl013g_rvt_tt_1p2v_25c.lib 294804 lib2rtl]
 OA22XLM                   Yes              Yes [LIB: scmetro_tsmc_cl013g_rvt_tt_1p2v_25c.lib 295898 lib2rtl]
 OAI211X1M                 Yes              Yes [LIB: scmetro_tsmc_cl013g_rvt_tt_1p2v_25c.lib 296992 lib2rtl]
 OAI211X2M                 Yes              Yes [LIB: scmetro_tsmc_cl013g_rvt_tt_1p2v_25c.lib 297752 lib2rtl]
 OAI211X4M                 Yes              Yes [LIB: scmetro_tsmc_cl013g_rvt_tt_1p2v_25c.lib 298512 lib2rtl]
 OAI211X8M                 Yes              Yes [LIB: scmetro_tsmc_cl013g_rvt_tt_1p2v_25c.lib 299272 lib2rtl]
 OAI211XLM                 Yes              Yes [LIB: scmetro_tsmc_cl013g_rvt_tt_1p2v_25c.lib 300032 lib2rtl]
 OAI21BX1M                 Yes              Yes [LIB: scmetro_tsmc_cl013g_rvt_tt_1p2v_25c.lib 300792 lib2rtl]
 OAI21BX2M                 Yes              Yes [LIB: scmetro_tsmc_cl013g_rvt_tt_1p2v_25c.lib 301276 lib2rtl]
 OAI21BX4M                 Yes              Yes [LIB: scmetro_tsmc_cl013g_rvt_tt_1p2v_25c.lib 301760 lib2rtl]
 OAI21BX8M                 Yes              Yes [LIB: scmetro_tsmc_cl013g_rvt_tt_1p2v_25c.lib 302244 lib2rtl]
 OAI21BXLM                 Yes              Yes [LIB: scmetro_tsmc_cl013g_rvt_tt_1p2v_25c.lib 302728 lib2rtl]
 OAI21X1M                  Yes              Yes [LIB: scmetro_tsmc_cl013g_rvt_tt_1p2v_25c.lib 303212 lib2rtl]
 OAI21X2M                  Yes              Yes [LIB: scmetro_tsmc_cl013g_rvt_tt_1p2v_25c.lib 303690 lib2rtl]
 OAI21X3M                  Yes              Yes [LIB: scmetro_tsmc_cl013g_rvt_tt_1p2v_25c.lib 304168 lib2rtl]
 OAI21X4M                  Yes              Yes [LIB: scmetro_tsmc_cl013g_rvt_tt_1p2v_25c.lib 304646 lib2rtl]
 OAI21X6M                  Yes              Yes [LIB: scmetro_tsmc_cl013g_rvt_tt_1p2v_25c.lib 305124 lib2rtl]
 OAI21X8M                  Yes              Yes [LIB: scmetro_tsmc_cl013g_rvt_tt_1p2v_25c.lib 305602 lib2rtl]
 OAI21XLM                  Yes              Yes [LIB: scmetro_tsmc_cl013g_rvt_tt_1p2v_25c.lib 306080 lib2rtl]
 OAI221X1M                 Yes              Yes [LIB: scmetro_tsmc_cl013g_rvt_tt_1p2v_25c.lib 306558 lib2rtl]
 OAI221X2M                 Yes              Yes [LIB: scmetro_tsmc_cl013g_rvt_tt_1p2v_25c.lib 308458 lib2rtl]
 OAI221X4M                 Yes              Yes [LIB: scmetro_tsmc_cl013g_rvt_tt_1p2v_25c.lib 310358 lib2rtl]
 OAI221XLM                 Yes              Yes [LIB: scmetro_tsmc_cl013g_rvt_tt_1p2v_25c.lib 312258 lib2rtl]
 OAI222X1M                 Yes              Yes [LIB: scmetro_tsmc_cl013g_rvt_tt_1p2v_25c.lib 314158 lib2rtl]
 OAI222X2M                 Yes              Yes [LIB: scmetro_tsmc_cl013g_rvt_tt_1p2v_25c.lib 318896 lib2rtl]
 OAI222X4M                 Yes              Yes [LIB: scmetro_tsmc_cl013g_rvt_tt_1p2v_25c.lib 323634 lib2rtl]
 OAI222XLM                 Yes              Yes [LIB: scmetro_tsmc_cl013g_rvt_tt_1p2v_25c.lib 328372 lib2rtl]
 OAI22X1M                  Yes              Yes [LIB: scmetro_tsmc_cl013g_rvt_tt_1p2v_25c.lib 333110 lib2rtl]
 OAI22X2M                  Yes              Yes [LIB: scmetro_tsmc_cl013g_rvt_tt_1p2v_25c.lib 334204 lib2rtl]
 OAI22X4M                  Yes              Yes [LIB: scmetro_tsmc_cl013g_rvt_tt_1p2v_25c.lib 335298 lib2rtl]
 OAI22X8M                  Yes              Yes [LIB: scmetro_tsmc_cl013g_rvt_tt_1p2v_25c.lib 336392 lib2rtl]
 OAI22XLM                  Yes              Yes [LIB: scmetro_tsmc_cl013g_rvt_tt_1p2v_25c.lib 337486 lib2rtl]
 OAI2B11X1M                Yes              Yes [LIB: scmetro_tsmc_cl013g_rvt_tt_1p2v_25c.lib 338580 lib2rtl]
 OAI2B11X2M                Yes              Yes [LIB: scmetro_tsmc_cl013g_rvt_tt_1p2v_25c.lib 339340 lib2rtl]
 OAI2B11X4M                Yes              Yes [LIB: scmetro_tsmc_cl013g_rvt_tt_1p2v_25c.lib 340100 lib2rtl]
 OAI2B11XLM                Yes              Yes [LIB: scmetro_tsmc_cl013g_rvt_tt_1p2v_25c.lib 340860 lib2rtl]
 OAI2B1X1M                 Yes              Yes [LIB: scmetro_tsmc_cl013g_rvt_tt_1p2v_25c.lib 341620 lib2rtl]
 OAI2B1X2M                 Yes              Yes [LIB: scmetro_tsmc_cl013g_rvt_tt_1p2v_25c.lib 342098 lib2rtl]
 OAI2B1X4M                 Yes              Yes [LIB: scmetro_tsmc_cl013g_rvt_tt_1p2v_25c.lib 342576 lib2rtl]
 OAI2B1X8M                 Yes              Yes [LIB: scmetro_tsmc_cl013g_rvt_tt_1p2v_25c.lib 343054 lib2rtl]
 OAI2B1XLM                 Yes              Yes [LIB: scmetro_tsmc_cl013g_rvt_tt_1p2v_25c.lib 343532 lib2rtl]
 OAI2B2X1M                 Yes              Yes [LIB: scmetro_tsmc_cl013g_rvt_tt_1p2v_25c.lib 344010 lib2rtl]
 OAI2B2X2M                 Yes              Yes [LIB: scmetro_tsmc_cl013g_rvt_tt_1p2v_25c.lib 345104 lib2rtl]
 OAI2B2X4M                 Yes              Yes [LIB: scmetro_tsmc_cl013g_rvt_tt_1p2v_25c.lib 346198 lib2rtl]
 OAI2B2X8M                 Yes              Yes [LIB: scmetro_tsmc_cl013g_rvt_tt_1p2v_25c.lib 347292 lib2rtl]
 OAI2B2XLM                 Yes              Yes [LIB: scmetro_tsmc_cl013g_rvt_tt_1p2v_25c.lib 348386 lib2rtl]
 OAI2BB1X1M                Yes              Yes [LIB: scmetro_tsmc_cl013g_rvt_tt_1p2v_25c.lib 349480 lib2rtl]
 OAI2BB1X2M                Yes              Yes [LIB: scmetro_tsmc_cl013g_rvt_tt_1p2v_25c.lib 349958 lib2rtl]
 OAI2BB1X4M                Yes              Yes [LIB: scmetro_tsmc_cl013g_rvt_tt_1p2v_25c.lib 350436 lib2rtl]
 OAI2BB1XLM                Yes              Yes [LIB: scmetro_tsmc_cl013g_rvt_tt_1p2v_25c.lib 350914 lib2rtl]
 OAI2BB2X1M                Yes              Yes [LIB: scmetro_tsmc_cl013g_rvt_tt_1p2v_25c.lib 351392 lib2rtl]
 OAI2BB2X2M                Yes              Yes [LIB: scmetro_tsmc_cl013g_rvt_tt_1p2v_25c.lib 352486 lib2rtl]
 OAI2BB2X4M                Yes              Yes [LIB: scmetro_tsmc_cl013g_rvt_tt_1p2v_25c.lib 353580 lib2rtl]
 OAI2BB2X8M                Yes              Yes [LIB: scmetro_tsmc_cl013g_rvt_tt_1p2v_25c.lib 354674 lib2rtl]
 OAI2BB2XLM                Yes              Yes [LIB: scmetro_tsmc_cl013g_rvt_tt_1p2v_25c.lib 355768 lib2rtl]
 OAI31X1M                  Yes              Yes [LIB: scmetro_tsmc_cl013g_rvt_tt_1p2v_25c.lib 356862 lib2rtl]
 OAI31X2M                  Yes              Yes [LIB: scmetro_tsmc_cl013g_rvt_tt_1p2v_25c.lib 357783 lib2rtl]
 OAI31X4M                  Yes              Yes [LIB: scmetro_tsmc_cl013g_rvt_tt_1p2v_25c.lib 358704 lib2rtl]
 OAI31XLM                  Yes              Yes [LIB: scmetro_tsmc_cl013g_rvt_tt_1p2v_25c.lib 359625 lib2rtl]
 OAI32X1M                  Yes              Yes [LIB: scmetro_tsmc_cl013g_rvt_tt_1p2v_25c.lib 360546 lib2rtl]
 OAI32X2M                  Yes              Yes [LIB: scmetro_tsmc_cl013g_rvt_tt_1p2v_25c.lib 362610 lib2rtl]
 OAI32X4M                  Yes              Yes [LIB: scmetro_tsmc_cl013g_rvt_tt_1p2v_25c.lib 364674 lib2rtl]
 OAI32XLM                  Yes              Yes [LIB: scmetro_tsmc_cl013g_rvt_tt_1p2v_25c.lib 366738 lib2rtl]
 OAI33X1M                  Yes              Yes [LIB: scmetro_tsmc_cl013g_rvt_tt_1p2v_25c.lib 368802 lib2rtl]
 OAI33X2M                  Yes              Yes [LIB: scmetro_tsmc_cl013g_rvt_tt_1p2v_25c.lib 372556 lib2rtl]
 OAI33X4M                  Yes              Yes [LIB: scmetro_tsmc_cl013g_rvt_tt_1p2v_25c.lib 376310 lib2rtl]
 OAI33XLM                  Yes              Yes [LIB: scmetro_tsmc_cl013g_rvt_tt_1p2v_25c.lib 380064 lib2rtl]
 OR2X12M                   Yes              Yes [LIB: scmetro_tsmc_cl013g_rvt_tt_1p2v_25c.lib 383818 lib2rtl]
 OR2X1M                    Yes              Yes [LIB: scmetro_tsmc_cl013g_rvt_tt_1p2v_25c.lib 384030 lib2rtl]
 OR2X2M                    Yes              Yes [LIB: scmetro_tsmc_cl013g_rvt_tt_1p2v_25c.lib 384242 lib2rtl]
 OR2X4M                    Yes              Yes [LIB: scmetro_tsmc_cl013g_rvt_tt_1p2v_25c.lib 384454 lib2rtl]
 OR2X6M                    Yes              Yes [LIB: scmetro_tsmc_cl013g_rvt_tt_1p2v_25c.lib 384666 lib2rtl]
 OR2X8M                    Yes              Yes [LIB: scmetro_tsmc_cl013g_rvt_tt_1p2v_25c.lib 384878 lib2rtl]
 OR3X12M                   Yes              Yes [LIB: scmetro_tsmc_cl013g_rvt_tt_1p2v_25c.lib 385090 lib2rtl]
 OR3X1M                    Yes              Yes [LIB: scmetro_tsmc_cl013g_rvt_tt_1p2v_25c.lib 385401 lib2rtl]
 OR3X2M                    Yes              Yes [LIB: scmetro_tsmc_cl013g_rvt_tt_1p2v_25c.lib 385712 lib2rtl]
 OR3X4M                    Yes              Yes [LIB: scmetro_tsmc_cl013g_rvt_tt_1p2v_25c.lib 386023 lib2rtl]
 OR3X6M                    Yes              Yes [LIB: scmetro_tsmc_cl013g_rvt_tt_1p2v_25c.lib 386334 lib2rtl]
 OR3X8M                    Yes              Yes [LIB: scmetro_tsmc_cl013g_rvt_tt_1p2v_25c.lib 386645 lib2rtl]
 OR4X12M                   Yes              Yes [LIB: scmetro_tsmc_cl013g_rvt_tt_1p2v_25c.lib 386956 lib2rtl]
 OR4X1M                    Yes              Yes [LIB: scmetro_tsmc_cl013g_rvt_tt_1p2v_25c.lib 387382 lib2rtl]
 OR4X2M                    Yes              Yes [LIB: scmetro_tsmc_cl013g_rvt_tt_1p2v_25c.lib 387808 lib2rtl]
 OR4X4M                    Yes              Yes [LIB: scmetro_tsmc_cl013g_rvt_tt_1p2v_25c.lib 388234 lib2rtl]
 OR4X6M                    Yes              Yes [LIB: scmetro_tsmc_cl013g_rvt_tt_1p2v_25c.lib 388660 lib2rtl]
 OR4X8M                    Yes              Yes [LIB: scmetro_tsmc_cl013g_rvt_tt_1p2v_25c.lib 389086 lib2rtl]
 SDFFHQNX1M                Yes              Yes [LIB: scmetro_tsmc_cl013g_rvt_tt_1p2v_25c.lib 389512 lib2rtl]
 SDFFHQNX2M                Yes              Yes [LIB: scmetro_tsmc_cl013g_rvt_tt_1p2v_25c.lib 390035 lib2rtl]
 SDFFHQNX4M                Yes              Yes [LIB: scmetro_tsmc_cl013g_rvt_tt_1p2v_25c.lib 390558 lib2rtl]
 SDFFHQNX8M                Yes              Yes [LIB: scmetro_tsmc_cl013g_rvt_tt_1p2v_25c.lib 391081 lib2rtl]
 SDFFHQX1M                 Yes              Yes [LIB: scmetro_tsmc_cl013g_rvt_tt_1p2v_25c.lib 391604 lib2rtl]
 SDFFHQX2M                 Yes              Yes [LIB: scmetro_tsmc_cl013g_rvt_tt_1p2v_25c.lib 392127 lib2rtl]
 SDFFHQX4M                 Yes              Yes [LIB: scmetro_tsmc_cl013g_rvt_tt_1p2v_25c.lib 392650 lib2rtl]
 SDFFHQX8M                 Yes              Yes [LIB: scmetro_tsmc_cl013g_rvt_tt_1p2v_25c.lib 393173 lib2rtl]
 SDFFHX1M                  Yes              Yes [LIB: scmetro_tsmc_cl013g_rvt_tt_1p2v_25c.lib 393696 lib2rtl]
 SDFFHX2M                  Yes              Yes [LIB: scmetro_tsmc_cl013g_rvt_tt_1p2v_25c.lib 394286 lib2rtl]
 SDFFHX4M                  Yes              Yes [LIB: scmetro_tsmc_cl013g_rvt_tt_1p2v_25c.lib 394876 lib2rtl]
 SDFFHX8M                  Yes              Yes [LIB: scmetro_tsmc_cl013g_rvt_tt_1p2v_25c.lib 395466 lib2rtl]
 SDFFNHX1M                 Yes              Yes [LIB: scmetro_tsmc_cl013g_rvt_tt_1p2v_25c.lib 396056 lib2rtl]
 SDFFNHX2M                 Yes              Yes [LIB: scmetro_tsmc_cl013g_rvt_tt_1p2v_25c.lib 396646 lib2rtl]
 SDFFNHX4M                 Yes              Yes [LIB: scmetro_tsmc_cl013g_rvt_tt_1p2v_25c.lib 397236 lib2rtl]
 SDFFNHX8M                 Yes              Yes [LIB: scmetro_tsmc_cl013g_rvt_tt_1p2v_25c.lib 397826 lib2rtl]
 SDFFNSRHX1M               Yes              Yes [LIB: scmetro_tsmc_cl013g_rvt_tt_1p2v_25c.lib 398416 lib2rtl]
 SDFFNSRHX2M               Yes              Yes [LIB: scmetro_tsmc_cl013g_rvt_tt_1p2v_25c.lib 402328 lib2rtl]
 SDFFNSRHX4M               Yes              Yes [LIB: scmetro_tsmc_cl013g_rvt_tt_1p2v_25c.lib 406240 lib2rtl]
 SDFFNSRHX8M               Yes              Yes [LIB: scmetro_tsmc_cl013g_rvt_tt_1p2v_25c.lib 410152 lib2rtl]
 SDFFQNX1M                 Yes              Yes [LIB: scmetro_tsmc_cl013g_rvt_tt_1p2v_25c.lib 414064 lib2rtl]
 SDFFQNX2M                 Yes              Yes [LIB: scmetro_tsmc_cl013g_rvt_tt_1p2v_25c.lib 414587 lib2rtl]
 SDFFQNX4M                 Yes              Yes [LIB: scmetro_tsmc_cl013g_rvt_tt_1p2v_25c.lib 415110 lib2rtl]
 SDFFQX1M                  Yes              Yes [LIB: scmetro_tsmc_cl013g_rvt_tt_1p2v_25c.lib 415633 lib2rtl]
 SDFFQX2M                  Yes              Yes [LIB: scmetro_tsmc_cl013g_rvt_tt_1p2v_25c.lib 416156 lib2rtl]
 SDFFQX4M                  Yes              Yes [LIB: scmetro_tsmc_cl013g_rvt_tt_1p2v_25c.lib 416679 lib2rtl]
 SDFFRHQX1M                Yes              Yes [LIB: scmetro_tsmc_cl013g_rvt_tt_1p2v_25c.lib 417202 lib2rtl]
 SDFFRHQX2M                Yes              Yes [LIB: scmetro_tsmc_cl013g_rvt_tt_1p2v_25c.lib 418592 lib2rtl]
 SDFFRHQX4M                Yes              Yes [LIB: scmetro_tsmc_cl013g_rvt_tt_1p2v_25c.lib 419982 lib2rtl]
 SDFFRHQX8M                Yes              Yes [LIB: scmetro_tsmc_cl013g_rvt_tt_1p2v_25c.lib 421372 lib2rtl]
 SDFFRQX1M                 Yes              Yes [LIB: scmetro_tsmc_cl013g_rvt_tt_1p2v_25c.lib 422762 lib2rtl]
 SDFFRQX2M                 Yes              Yes [LIB: scmetro_tsmc_cl013g_rvt_tt_1p2v_25c.lib 424152 lib2rtl]
 SDFFRQX4M                 Yes              Yes [LIB: scmetro_tsmc_cl013g_rvt_tt_1p2v_25c.lib 425542 lib2rtl]
 SDFFRX1M                  Yes              Yes [LIB: scmetro_tsmc_cl013g_rvt_tt_1p2v_25c.lib 426932 lib2rtl]
 SDFFRX2M                  Yes              Yes [LIB: scmetro_tsmc_cl013g_rvt_tt_1p2v_25c.lib 429141 lib2rtl]
 SDFFRX4M                  Yes              Yes [LIB: scmetro_tsmc_cl013g_rvt_tt_1p2v_25c.lib 431350 lib2rtl]
 SDFFSHQX1M                Yes              Yes [LIB: scmetro_tsmc_cl013g_rvt_tt_1p2v_25c.lib 433559 lib2rtl]
 SDFFSHQX2M                Yes              Yes [LIB: scmetro_tsmc_cl013g_rvt_tt_1p2v_25c.lib 434949 lib2rtl]
 SDFFSHQX4M                Yes              Yes [LIB: scmetro_tsmc_cl013g_rvt_tt_1p2v_25c.lib 436339 lib2rtl]
 SDFFSHQX8M                Yes              Yes [LIB: scmetro_tsmc_cl013g_rvt_tt_1p2v_25c.lib 437729 lib2rtl]
 SDFFSQX1M                 Yes              Yes [LIB: scmetro_tsmc_cl013g_rvt_tt_1p2v_25c.lib 439119 lib2rtl]
 SDFFSQX2M                 Yes              Yes [LIB: scmetro_tsmc_cl013g_rvt_tt_1p2v_25c.lib 440509 lib2rtl]
 SDFFSQX4M                 Yes              Yes [LIB: scmetro_tsmc_cl013g_rvt_tt_1p2v_25c.lib 441899 lib2rtl]
 SDFFSRHQX1M               Yes              Yes [LIB: scmetro_tsmc_cl013g_rvt_tt_1p2v_25c.lib 443289 lib2rtl]
 SDFFSRHQX2M               Yes              Yes [LIB: scmetro_tsmc_cl013g_rvt_tt_1p2v_25c.lib 445630 lib2rtl]
 SDFFSRHQX4M               Yes              Yes [LIB: scmetro_tsmc_cl013g_rvt_tt_1p2v_25c.lib 447971 lib2rtl]
 SDFFSRHQX8M               Yes              Yes [LIB: scmetro_tsmc_cl013g_rvt_tt_1p2v_25c.lib 450312 lib2rtl]
 SDFFSRX1M                 Yes              Yes [LIB: scmetro_tsmc_cl013g_rvt_tt_1p2v_25c.lib 452653 lib2rtl]
 SDFFSRX2M                 Yes              Yes [LIB: scmetro_tsmc_cl013g_rvt_tt_1p2v_25c.lib 456565 lib2rtl]
 SDFFSRX4M                 Yes              Yes [LIB: scmetro_tsmc_cl013g_rvt_tt_1p2v_25c.lib 460477 lib2rtl]
 SDFFSX1M                  Yes              Yes [LIB: scmetro_tsmc_cl013g_rvt_tt_1p2v_25c.lib 464389 lib2rtl]
 SDFFSX2M                  Yes              Yes [LIB: scmetro_tsmc_cl013g_rvt_tt_1p2v_25c.lib 466598 lib2rtl]
 SDFFSX4M                  Yes              Yes [LIB: scmetro_tsmc_cl013g_rvt_tt_1p2v_25c.lib 468807 lib2rtl]
 SDFFTRX1M                 Yes              Yes [LIB: scmetro_tsmc_cl013g_rvt_tt_1p2v_25c.lib 471016 lib2rtl]
 SDFFTRX2M                 Yes              Yes [LIB: scmetro_tsmc_cl013g_rvt_tt_1p2v_25c.lib 471828 lib2rtl]
 SDFFTRX4M                 Yes              Yes [LIB: scmetro_tsmc_cl013g_rvt_tt_1p2v_25c.lib 472640 lib2rtl]
 SDFFX1M                   Yes              Yes [LIB: scmetro_tsmc_cl013g_rvt_tt_1p2v_25c.lib 473452 lib2rtl]
 SDFFX2M                   Yes              Yes [LIB: scmetro_tsmc_cl013g_rvt_tt_1p2v_25c.lib 474042 lib2rtl]
 SDFFX4M                   Yes              Yes [LIB: scmetro_tsmc_cl013g_rvt_tt_1p2v_25c.lib 474632 lib2rtl]
 SEDFFHQX1M                Yes              Yes [LIB: scmetro_tsmc_cl013g_rvt_tt_1p2v_25c.lib 475222 lib2rtl]
 SEDFFHQX2M                Yes              Yes [LIB: scmetro_tsmc_cl013g_rvt_tt_1p2v_25c.lib 475975 lib2rtl]
 SEDFFHQX4M                Yes              Yes [LIB: scmetro_tsmc_cl013g_rvt_tt_1p2v_25c.lib 476728 lib2rtl]
 SEDFFHQX8M                Yes              Yes [LIB: scmetro_tsmc_cl013g_rvt_tt_1p2v_25c.lib 477481 lib2rtl]
 SEDFFTRX1M                Yes              Yes [LIB: scmetro_tsmc_cl013g_rvt_tt_1p2v_25c.lib 478234 lib2rtl]
 SEDFFTRX2M                Yes              Yes [LIB: scmetro_tsmc_cl013g_rvt_tt_1p2v_25c.lib 479440 lib2rtl]
 SEDFFTRX4M                Yes              Yes [LIB: scmetro_tsmc_cl013g_rvt_tt_1p2v_25c.lib 480646 lib2rtl]
 SEDFFX1M                  Yes              Yes [LIB: scmetro_tsmc_cl013g_rvt_tt_1p2v_25c.lib 481852 lib2rtl]
 SEDFFX2M                  Yes              Yes [LIB: scmetro_tsmc_cl013g_rvt_tt_1p2v_25c.lib 482672 lib2rtl]
 SEDFFX4M                  Yes              Yes [LIB: scmetro_tsmc_cl013g_rvt_tt_1p2v_25c.lib 483492 lib2rtl]
 SMDFFHQX1M                Yes              Yes [LIB: scmetro_tsmc_cl013g_rvt_tt_1p2v_25c.lib 484312 lib2rtl]
 SMDFFHQX2M                Yes              Yes [LIB: scmetro_tsmc_cl013g_rvt_tt_1p2v_25c.lib 485371 lib2rtl]
 SMDFFHQX4M                Yes              Yes [LIB: scmetro_tsmc_cl013g_rvt_tt_1p2v_25c.lib 486430 lib2rtl]
 SMDFFHQX8M                Yes              Yes [LIB: scmetro_tsmc_cl013g_rvt_tt_1p2v_25c.lib 487489 lib2rtl]
 TBUFX12M                  Yes              Yes [LIB: scmetro_tsmc_cl013g_rvt_tt_1p2v_25c.lib 488548 lib2rtl]
 TBUFX16M                  Yes              Yes [LIB: scmetro_tsmc_cl013g_rvt_tt_1p2v_25c.lib 488783 lib2rtl]
 TBUFX1M                   Yes              Yes [LIB: scmetro_tsmc_cl013g_rvt_tt_1p2v_25c.lib 489018 lib2rtl]
 TBUFX20M                  Yes              Yes [LIB: scmetro_tsmc_cl013g_rvt_tt_1p2v_25c.lib 489253 lib2rtl]
 TBUFX24M                  Yes              Yes [LIB: scmetro_tsmc_cl013g_rvt_tt_1p2v_25c.lib 489488 lib2rtl]
 TBUFX2M                   Yes              Yes [LIB: scmetro_tsmc_cl013g_rvt_tt_1p2v_25c.lib 489723 lib2rtl]
 TBUFX3M                   Yes              Yes [LIB: scmetro_tsmc_cl013g_rvt_tt_1p2v_25c.lib 489958 lib2rtl]
 TBUFX4M                   Yes              Yes [LIB: scmetro_tsmc_cl013g_rvt_tt_1p2v_25c.lib 490193 lib2rtl]
 TBUFX6M                   Yes              Yes [LIB: scmetro_tsmc_cl013g_rvt_tt_1p2v_25c.lib 490428 lib2rtl]
 TBUFX8M                   Yes              Yes [LIB: scmetro_tsmc_cl013g_rvt_tt_1p2v_25c.lib 490663 lib2rtl]
 TIEHIM                    Yes              Yes [LIB: scmetro_tsmc_cl013g_rvt_tt_1p2v_25c.lib 490898 lib2rtl]
 TIELOM                    Yes              Yes [LIB: scmetro_tsmc_cl013g_rvt_tt_1p2v_25c.lib 490929 lib2rtl]
 TLATNCAX12M               Yes              Yes [LIB: scmetro_tsmc_cl013g_rvt_tt_1p2v_25c.lib 490960 lib2rtl]
 TLATNCAX16M               Yes              Yes [LIB: scmetro_tsmc_cl013g_rvt_tt_1p2v_25c.lib 491184 lib2rtl]
 TLATNCAX20M               Yes              Yes [LIB: scmetro_tsmc_cl013g_rvt_tt_1p2v_25c.lib 491408 lib2rtl]
 TLATNCAX2M                Yes              Yes [LIB: scmetro_tsmc_cl013g_rvt_tt_1p2v_25c.lib 491632 lib2rtl]
 TLATNCAX3M                Yes              Yes [LIB: scmetro_tsmc_cl013g_rvt_tt_1p2v_25c.lib 491856 lib2rtl]
 TLATNCAX4M                Yes              Yes [LIB: scmetro_tsmc_cl013g_rvt_tt_1p2v_25c.lib 492080 lib2rtl]
 TLATNCAX6M                Yes              Yes [LIB: scmetro_tsmc_cl013g_rvt_tt_1p2v_25c.lib 492304 lib2rtl]
 TLATNCAX8M                Yes              Yes [LIB: scmetro_tsmc_cl013g_rvt_tt_1p2v_25c.lib 492528 lib2rtl]
 TLATNSRX1M                Yes              Yes [LIB: scmetro_tsmc_cl013g_rvt_tt_1p2v_25c.lib 492752 lib2rtl]
 TLATNSRX2M                Yes              Yes [LIB: scmetro_tsmc_cl013g_rvt_tt_1p2v_25c.lib 493955 lib2rtl]
 TLATNSRX4M                Yes              Yes [LIB: scmetro_tsmc_cl013g_rvt_tt_1p2v_25c.lib 495158 lib2rtl]
 TLATNTSCAX12M             Yes              Yes [LIB: scmetro_tsmc_cl013g_rvt_tt_1p2v_25c.lib 496361 lib2rtl]
 TLATNTSCAX16M             Yes              Yes [LIB: scmetro_tsmc_cl013g_rvt_tt_1p2v_25c.lib 496666 lib2rtl]
 TLATNTSCAX20M             Yes              Yes [LIB: scmetro_tsmc_cl013g_rvt_tt_1p2v_25c.lib 496971 lib2rtl]
 TLATNTSCAX2M              Yes              Yes [LIB: scmetro_tsmc_cl013g_rvt_tt_1p2v_25c.lib 497276 lib2rtl]
 TLATNTSCAX3M              Yes              Yes [LIB: scmetro_tsmc_cl013g_rvt_tt_1p2v_25c.lib 497581 lib2rtl]
 TLATNTSCAX4M              Yes              Yes [LIB: scmetro_tsmc_cl013g_rvt_tt_1p2v_25c.lib 497886 lib2rtl]
 TLATNTSCAX6M              Yes              Yes [LIB: scmetro_tsmc_cl013g_rvt_tt_1p2v_25c.lib 498191 lib2rtl]
 TLATNTSCAX8M              Yes              Yes [LIB: scmetro_tsmc_cl013g_rvt_tt_1p2v_25c.lib 498496 lib2rtl]
 TLATNX1M                  Yes              Yes [LIB: scmetro_tsmc_cl013g_rvt_tt_1p2v_25c.lib 498801 lib2rtl]
 TLATNX2M                  Yes              Yes [LIB: scmetro_tsmc_cl013g_rvt_tt_1p2v_25c.lib 499214 lib2rtl]
 TLATNX4M                  Yes              Yes [LIB: scmetro_tsmc_cl013g_rvt_tt_1p2v_25c.lib 499627 lib2rtl]
 TLATSRX1M                 Yes              Yes [LIB: scmetro_tsmc_cl013g_rvt_tt_1p2v_25c.lib 500040 lib2rtl]
 TLATSRX2M                 Yes              Yes [LIB: scmetro_tsmc_cl013g_rvt_tt_1p2v_25c.lib 501243 lib2rtl]
 TLATSRX4M                 Yes              Yes [LIB: scmetro_tsmc_cl013g_rvt_tt_1p2v_25c.lib 502446 lib2rtl]
 TLATX1M                   Yes              Yes [LIB: scmetro_tsmc_cl013g_rvt_tt_1p2v_25c.lib 503649 lib2rtl]
 TLATX2M                   Yes              Yes [LIB: scmetro_tsmc_cl013g_rvt_tt_1p2v_25c.lib 504062 lib2rtl]
 TLATX4M                   Yes              Yes [LIB: scmetro_tsmc_cl013g_rvt_tt_1p2v_25c.lib 504475 lib2rtl]
 XNOR2X1M                  Yes              Yes [LIB: scmetro_tsmc_cl013g_rvt_tt_1p2v_25c.lib 504888 lib2rtl]
 XNOR2X2M                  Yes              Yes [LIB: scmetro_tsmc_cl013g_rvt_tt_1p2v_25c.lib 505270 lib2rtl]
 XNOR2X4M                  Yes              Yes [LIB: scmetro_tsmc_cl013g_rvt_tt_1p2v_25c.lib 505652 lib2rtl]
 XNOR2X8M                  Yes              Yes [LIB: scmetro_tsmc_cl013g_rvt_tt_1p2v_25c.lib 506034 lib2rtl]
 XNOR2XLM                  Yes              Yes [LIB: scmetro_tsmc_cl013g_rvt_tt_1p2v_25c.lib 506416 lib2rtl]
 XNOR3X1M                  Yes              Yes [LIB: scmetro_tsmc_cl013g_rvt_tt_1p2v_25c.lib 506798 lib2rtl]
 XNOR3X2M                  Yes              Yes [LIB: scmetro_tsmc_cl013g_rvt_tt_1p2v_25c.lib 507856 lib2rtl]
 XNOR3X4M                  Yes              Yes [LIB: scmetro_tsmc_cl013g_rvt_tt_1p2v_25c.lib 508914 lib2rtl]
 XNOR3X8M                  Yes              Yes [LIB: scmetro_tsmc_cl013g_rvt_tt_1p2v_25c.lib 509972 lib2rtl]
 XNOR3XLM                  Yes              Yes [LIB: scmetro_tsmc_cl013g_rvt_tt_1p2v_25c.lib 511030 lib2rtl]
 XOR2X1M                   Yes              Yes [LIB: scmetro_tsmc_cl013g_rvt_tt_1p2v_25c.lib 512088 lib2rtl]
 XOR2X2M                   Yes              Yes [LIB: scmetro_tsmc_cl013g_rvt_tt_1p2v_25c.lib 512470 lib2rtl]
 XOR2X3M                   Yes              Yes [LIB: scmetro_tsmc_cl013g_rvt_tt_1p2v_25c.lib 512852 lib2rtl]
 XOR2X4M                   Yes              Yes [LIB: scmetro_tsmc_cl013g_rvt_tt_1p2v_25c.lib 513234 lib2rtl]
 XOR2X8M                   Yes              Yes [LIB: scmetro_tsmc_cl013g_rvt_tt_1p2v_25c.lib 513616 lib2rtl]
 XOR2XLM                   Yes              Yes [LIB: scmetro_tsmc_cl013g_rvt_tt_1p2v_25c.lib 513998 lib2rtl]
 XOR3X1M                   Yes              Yes [LIB: scmetro_tsmc_cl013g_rvt_tt_1p2v_25c.lib 514380 lib2rtl]
 XOR3X2M                   Yes              Yes [LIB: scmetro_tsmc_cl013g_rvt_tt_1p2v_25c.lib 515438 lib2rtl]
 XOR3X4M                   Yes              Yes [LIB: scmetro_tsmc_cl013g_rvt_tt_1p2v_25c.lib 516496 lib2rtl]
 XOR3X8M                   Yes              Yes [LIB: scmetro_tsmc_cl013g_rvt_tt_1p2v_25c.lib 517554 lib2rtl]
 XOR3XLM                   Yes              Yes [LIB: scmetro_tsmc_cl013g_rvt_tt_1p2v_25c.lib 518612 lib2rtl]
===============================================================================

##status : SpyGlass Library Compilation Complete.

-------------------------------------------------------------------------
Library Compiler Summary Report:
-------------------------------------------------------------------------

        Total Cells Read (...l013g_rvt_tt_1p2v_25c.lib)        618
        Functional view imported from user-supplied HDL          0
        Functional view translated from .lib(s)                618
        Functional view not created                              0

        Compiled Library Output is ./spyglass-1/spyglass_cache/autogenerated_sglib/aggregate.sglib

-------------------------------------------------------------------------


SpyGlass Library Compilation Complete.
