../RTL/ALU/ALU.v
../RTL/ASYNC_FIFO/DF_SYNC.v
../RTL/ASYNC_FIFO/FIFO_MEM.v
../RTL/ASYNC_FIFO/FIFO_RD.v
../RTL/ASYNC_FIFO/FIFO_TOP.v
../RTL/ASYNC_FIFO/FIFO_WR.v
../RTL/CLK_GATE/CLK_GATE.v
../RTL/Data_Bus_Sync/Data_Bus_Sync.v
../RTL/I_CLK_DIV/I_CLK_DIV.v
../RTL/Pulse_Gen/pulse_gen.v
../RTL/REG_FILE/Reg_File.v
../RTL/RST_Synchronizer/RST_Sync.v
../RTL/RX_CLK_DIV_MUX/RX_CLK_DIV_MUX.v
../RTL/Sys_Ctrl/Sys_Ctrl.v
../RTL/System_Top/System_Top.v
../RTL/UART/UART_RX/Deserializer.v
../RTL/UART/UART_RX/Edge_Bit_Counter.v
../RTL/UART/UART_RX/Parity_Checker.v
../RTL/UART/UART_RX/Sampler.v
../RTL/UART/UART_RX/Start_Checker.v
../RTL/UART/UART_RX/Stop_Checker.v
../RTL/UART/UART_RX/UART_RX.v
../RTL/UART/UART_RX/UART_RX_FSM.sv
../RTL/Scan_Mux/MUX_2x1.v
../RTL/UART/UART_TX/MUX_4x1.v
../RTL/UART/UART_TX/UART_Parity.v
../RTL/UART/UART_TX/UART_Serializer.v
../RTL/UART/UART_TX/UART_TX_FSM.sv
../RTL/UART/UART_TX/UART_TX_TOP.v
../RTL/UART/UART_TOP/UART.v
