
################################################################################
#
# This file has been generated by SpyGlass:
#     Report Name      : moresimple
#     Report Created by: ICer
#     Report Created on:  Sun Sep 27 21:36:55 2026
#     Working Directory: /mnt/hgfs/Shared_Folder/System/System_Lint
#     SpyGlass Version : SpyGlass_vL-2016.06
#     Policy Name      : SpyGlass(SpyGlass_vL-2016.06)
#                        erc(SpyGlass_vL-2016.06)
#                        latch(SpyGlass_vL-2016.06)
#                        lint(SpyGlass_vL-2016.06)
#                        morelint(SpyGlass_vL-2016.06)
#                        openmore(SpyGlass_vL-2016.06)
#                        simulation(SpyGlass_vL-2016.06)
#                        starc(SpyGlass_vL-2016.06)
#                        starc2005(SpyGlass_vL-2016.06)
#                        timing(SpyGlass_vL-2016.06)
#
#     Total Number of Generated Messages :          5
#     Number of Waived Messages          :          0
#     Number of Reported Messages        :          5
#     Number of Overlimit Messages       :          0
#
#
################################################################################

+++++++++++++++++++++++++++++++++++++++++++++++++++++++++++++++++++++++
MORESIMPLE REPORT:


############### BuiltIn -> RuleGroup=Design Read ###############
+++++++++++++++++++++++++++++++++++++++++++++++++++++++++++++++++++++++++++++++++++++++
ID       Rule                    Alias                   Severity    File                                                                                  Line    Wt    Message
======================================================================================
[1]      DetectTopDesignUnits    DetectTopDesignUnits    Info        /home/ICer/Shared_Folder/System/RTL/System_Top/System_Top.v                           1       2     Module System_Top is a top level design unit
[13]     Domain_Matrix01                                 Info        system.sgdc                                                                           4       10    Domain Matrix for design "System_Top",  based on the individual constraints defined in the SDC as inferred in the Sta mode
[0]      ElabSummary             ElabSummary             Info        ./spyglass-1/System_Top/lint/lint_rtl/spyglass_reports/SpyGlass/elab_summary.rpt      0       2     Please refer file './spyglass-1/System_Top/lint/lint_rtl/spyglass_reports/SpyGlass/elab_summary.rpt' for elab summary report
[21]     SDC2SGDC_INFO                                   Info        ./spyglass-1/System_Top/lint/lint_rtl/spyglass_reports/sdc2sgdc/sdc2sgdc.sgdc.9181    1       10    Sgdc file "./spyglass-1/System_Top/lint/lint_rtl/spyglass_reports/sdc2sgdc/sdc2sgdc.sgdc.9181" generated after successful SDC2SGDC translation
[22]     SDC_Mapping01                                   Info        N.A                                                                                   0       10    Mapping of SDC Commands Generated
+++++++++++++++++++++++++++++++++++++++++++++++++++++++++++++++++++++++++++++++++++++++
