
################################################################################
#
# This file has been generated by SpyGlass:
#     Report Name      : waiver
#     Report Created by: ICer
#     Report Created on:  Sun Sep 27 22:32:32 2026
#     Working Directory: /mnt/hgfs/Shared_Folder/System/System_Lint
#     SpyGlass Version : SpyGlass_vL-2016.06
#     Policy Name      : SpyGlass(SpyGlass_vL-2016.06)
#                        clock-reset(SpyGlass_vL-2016.06)
#                        timing(SpyGlass_vL-2016.06)
#
#     Total Number of Generated Messages        :         12
#     Number of Waived Messages                 :          2
#     Number of Reported Messages (New)         :          0
#     Number of Reported Messages (PreExisting) :         10
#     Number of Reported Messages (Fixed)       :          0
#     Number of Overlimit Messages              :          0
#
#
################################################################################

WAIVER REPORT:
+++++++++++++++++++++++++++++++++++++++++++++++++++++++++++++++++++++++++++++++

Design Issues Waiver Report
+++++++++++++++++++++++++++++++++++++++++++++++++++++++++++++++++++++++++++++++

Waiver comment : Created by ICer on 27-Sep-2026 22:30:52
waive -msg q%Flop System_Top.u_RX_CLK_DIV.DIVIDED_CLK and Flop System_Top.u_RegFile.RegFile[2][2] are converging through combinational logic to clock of Flop System_Top.u_UART_RX.u_Sampler.first_sample% \
      -rule "Clock_glitch04" 
#spg_backref : "./spyglass-1/System_Top/cdc/clock_reset_integrity/spyglass-1_waiver_file.awl" 3

1 message(s) waived:
===============================================================================
Index    Rule           Severity File                                                  Line Wt Message
===============================================================================
[27]     Clock_glitch04 Warning  /home/ICer/Shared_Folder/System/RTL/UART_RX/Sampler.v 29   2  Flop System_Top.u_RX_CLK_DIV.DIVIDED_CLK and Flop System_Top.u_RegFile.RegFile[2][2] are converging through combinational logic to clock of Flop System_Top.u_UART_RX.u_Sampler.first_sample
===============================================================================

Waiver comment : Created by ICer on 27-Sep-2026 22:30:52 Converging Signals do not toggle simultaneously and are unrelated
waive -msg q%Flop System_Top.u_TX_CLK_DIV.DIVIDED_CLK and Flop System_Top.u_RegFile.RegFile[3][1] are converging through combinational logic to clock of Flop r_ptr[0]% \
      -rule "Clock_glitch04" 
#spg_backref : "./spyglass-1/System_Top/cdc/clock_reset_integrity/spyglass-1_waiver_file.awl" 5

1 message(s) waived:
===============================================================================
Index    Rule           Severity File                                                     Line Wt Message
===============================================================================
[28]     Clock_glitch04 Warning  /home/ICer/Shared_Folder/System/RTL/ASYNC_FIFO/FIFO_RD.v 22   2  Flop System_Top.u_TX_CLK_DIV.DIVIDED_CLK and Flop System_Top.u_RegFile.RegFile[3][1] are converging through combinational logic to clock of Flop r_ptr[0]
===============================================================================

