
################################################################################
#
# This file has been generated by SpyGlass:
#     Report Name      : no_msg_reporting_rules
#     Report Created by: ICer
#     Report Created on:  Mon Sep 28 01:37:47 2026
#     Working Directory: /mnt/hgfs/Shared_Folder/System/System_Lint
#     SpyGlass Version : SpyGlass_vL-2016.06
#     Policy Name      : SpyGlass(SpyGlass_vL-2016.06)
#                        clock-reset(SpyGlass_vL-2016.06)
#
#     Total Number of Generated Messages        :         48
#     Number of Waived Messages                 :          6
#     Number of Reported Messages (New)         :          0
#     Number of Reported Messages (PreExisting) :         42
#     Number of Reported Messages (Fixed)       :          0
#     Number of Overlimit Messages              :          0
#
#
################################################################################

NO VIOLATION RULE REPORT :
++++++++++++++++++++++++++++++++++++++++++++++++++++++++++++++++++++++++++++++++

Following rules did not produce any violation or waived off during spyglass run

++++++++++++++++++++++++++++++++++++++++++++++++++++++++++++++++++++++++++++++++


================================================================================
	INDEX                                   RULE-NAME
================================================================================
	1                                  Ac_abstract_validation01
	2                                  Ac_clockperiod01
	3                                  Ac_clockperiod02
	4                                  Ac_clockperiod03
	5                                  Ac_coherency06
	6                                  Ac_conv01
	7                                  Ac_conv02
	8                                  Ac_conv03
	9                                  Ac_glitch03
	10                                 Ac_resetvalue01
	11                                 Ac_unsync01
	12                                 Ac_unsync02
	13                                 Ar_asyncdeassert01
	14                                 Ar_converge01
	15                                 Ar_syncrst_setupcheck01
	16                                 Ar_syncrstactive01
	17                                 Ar_syncrstcombo01
	18                                 Ar_syncrstload01
	19                                 Ar_syncrstload02
	20                                 Ar_syncrstpragma01
	21                                 Ar_syncrstrtl01
	22                                 Ar_unsync01
	23                                 Clock_check10
	24                                 Clock_converge01
	25                                 Clock_info03a
	26                                 Clock_info03c
	27                                 Clock_info05
	28                                 Clock_info05b
	29                                 Clock_sync05
	30                                 Clock_sync06
	31                                 FalsePathSetup
	32                                 Reset_check03
	33                                 Reset_check10
	34                                 Reset_check11
	35                                 Reset_check12
	36                                 Reset_info09a
	37                                 Reset_sync02
	38                                 Reset_sync04
	39                                 SGDC_abstract_mapping01
	40                                 Setup_port01
================================================================================
