
################################################################################
#
# This file has been generated by SpyGlass:
#     Report Name      : RSTree
#     Report Created by: ICer
#     Report Created on:  Mon Sep 28 01:37:47 2026
#     Working Directory: /mnt/hgfs/Shared_Folder/System/System_Lint
#     SpyGlass Version : SpyGlass_vL-2016.06
#     Policy Name      : clock-reset(SpyGlass_vL-2016.06)
#     Comment          : Report Generated By Rule Reset_info02
#
################################################################################

################################################################################
# 
# Purpose: 
#     This report shows the reset trees for resets. It is generated if you have
#     enabled rule Reset_info02 and defined reset constraints or enabled parameter
#     use_inferred_resets.
#     This report is sensitive to any case analysis settings that have been set.
# 
# Format: 
#     The trees are shown in a tree-like format.(The nodes are indented according to
#     their position in hierarchy,"`--" is  used to indicate whether a net/cell is
#     the last child at a particular level,"|--" is used for rest of the nodes. The 
#     level is also printed in braces before every net/cell).
#     The (+)/(-) suffix to a leaf-level cell output net name indicates the reset
#     polarity reaching the flip-flop.
#     When (x) suffix is present, it indicates that reset polarity could not be
#     uniquely determined.
# 
#     A leaf on the tree can be one of:
#     a. A register inferred from the RTL - the hierarchical name of the registered
#                net is shown along with the polarity of the reset at that point
#     b. A black box - the hierarchical name of the black box instance is annotated
#                with its master name, the name of the pin connected to the reset, 
#                the polarity of the reset and (Black-Box) to indicate that
#                this is a black box
#     c. A latch inferred from the RTL - the hierarchical name of the latched net is
#                shown along with the polarity of the reset and (Latch) to indicate 
#                that this is latched net. For a latch to be a leaf, the data pin
#                of the latch should be connected to the reset.
#     d. A sequential leaf cell - the hierarchical name of the sequential instance, 
#                which is neither known to be a flop nor a latch, is annotated with 
#                its master name, the name of the pin connected to the reset, the polarity
#                of the reset and (Sequential Logic Cell) to indicate that this is a 
#                sequential leaf cell
# 
#     The intermediate nodes of a tree are the hierarchical name of the net found while 
#     walking along a path from the root of the tree to a leaf
#     If the same intermediate node is observed more than once on different paths
#     from root to leaves, then the sub-tree beyond this node is shown only after its
#     first occurence in the tree. For the other occurences, a reference to the sub-tree
#     is shown. This rule is recursively followed for the sub-trees also.
################################################################################

============================================
ROOT RESET: System_Top.RST
|-- (1)System_Top.u_UART_RST_Sync.sync_reg[0] (-)
|-- (1)System_Top.u_UART_RST_Sync.sync_reg[1] (-)
|-- (1)System_Top.u_UART_RST_Sync.sync_reg[0]
|   `-- (2)System_Top.SYNC_UART_RST
|       |-- (3)System_Top.u_UART_TX.U2_FSM.Cur_S[0] (-)
|       |-- (3)System_Top.u_UART_TX.U2_FSM.Cur_S[1] (-)
|       |-- (3)System_Top.u_UART_TX.U2_FSM.Cur_S[2] (-)
|       |-- (3)System_Top.u_UART_TX.P_DATA_Registered[0] (-)
|       |-- (3)System_Top.u_UART_TX.P_DATA_Registered[1] (-)
|       |-- (3)System_Top.u_UART_TX.P_DATA_Registered[2] (-)
|       |-- (3)System_Top.u_UART_TX.P_DATA_Registered[3] (-)
|       |-- (3)System_Top.u_UART_TX.P_DATA_Registered[4] (-)
|       |-- (3)System_Top.u_UART_TX.P_DATA_Registered[5] (-)
|       |-- (3)System_Top.u_UART_TX.P_DATA_Registered[6] (-)
|       |-- (3)System_Top.u_UART_TX.P_DATA_Registered[7] (-)
|       |-- (3)System_Top.u_UART_TX.U2_FSM.PAR_EN_Registered (-)
|       |-- (3)System_Top.u_UART_TX.PAR_TYP_Registered (-)
|       |-- (3)System_Top.u_UART_RX.u_UART_RX_FSM.Cur_S[0] (-)
|       |-- (3)System_Top.u_UART_RX.u_UART_RX_FSM.Cur_S[1] (-)
|       |-- (3)System_Top.u_UART_RX.u_UART_RX_FSM.Cur_S[2] (-)
|       |-- (3)System_Top.RX_D_VALID (-)
|       |-- (3)System_Top.u_UART_RX.par_err (-)
|       |-- (3)System_Top.u_UART_RX.u_Parity_Checker.par_bit (-)
|       |-- (3)System_Top.u_UART_RX.stp_err (-)
|       |-- (3)System_Top.u_UART_RX.start_glitch (-)
|       |-- (3)System_Top.RX_P_DATA[0] (-)
|       |-- (3)System_Top.RX_P_DATA[1] (-)
|       |-- (3)System_Top.RX_P_DATA[2] (-)
|       |-- (3)System_Top.RX_P_DATA[3] (-)
|       |-- (3)System_Top.RX_P_DATA[4] (-)
|       |-- (3)System_Top.RX_P_DATA[5] (-)
|       |-- (3)System_Top.RX_P_DATA[6] (-)
|       |-- (3)System_Top.RX_P_DATA[7] (-)
|       |-- (3)System_Top.u_UART_RX.Edge_Count[0] (-)
|       |-- (3)System_Top.u_UART_RX.Edge_Count[1] (-)
|       |-- (3)System_Top.u_UART_RX.Edge_Count[2] (-)
|       |-- (3)System_Top.u_UART_RX.Edge_Count[3] (-)
|       |-- (3)System_Top.u_UART_RX.Edge_Count[4] (-)
|       |-- (3)System_Top.u_UART_RX.Bit_Count[0] (-)
|       |-- (3)System_Top.u_UART_RX.Bit_Count[1] (-)
|       |-- (3)System_Top.u_UART_RX.Bit_Count[2] (-)
|       |-- (3)System_Top.u_UART_RX.Bit_Count[3] (-)
|       |-- (3)System_Top.u_UART_RX.u_Sampler.first_sample (-)
|       |-- (3)System_Top.u_UART_RX.u_Sampler.second_sample (-)
|       |-- (3)System_Top.u_UART_RX.u_Sampler.third_sample (-)
|       |-- (3)System_Top.u_pulse_gen.Signal_reg (-)
|       |-- (3)System_Top.FIFO_RD_INC (-)
|       |-- (3)System_Top.u_RX_CLK_DIV.DIVIDED_CLK (-)
|       |-- (3)System_Top.u_RX_CLK_DIV.COUNTER[0] (-)
|       |-- (3)System_Top.u_RX_CLK_DIV.COUNTER[1] (-)
|       |-- (3)System_Top.u_RX_CLK_DIV.COUNTER[2] (-)
|       |-- (3)System_Top.u_TX_CLK_DIV.DIVIDED_CLK (-)
|       |-- (3)System_Top.u_TX_CLK_DIV.COUNTER[0] (-)
|       |-- (3)System_Top.u_TX_CLK_DIV.COUNTER[1] (-)
|       |-- (3)System_Top.u_TX_CLK_DIV.COUNTER[2] (-)
|       |-- (3)System_Top.u_TX_CLK_DIV.COUNTER[3] (-)
|       |-- (3)System_Top.u_TX_CLK_DIV.COUNTER[4] (-)
|       |-- (3)System_Top.u_TX_CLK_DIV.COUNTER[5] (-)
|       |-- (3)System_Top.u_TX_CLK_DIV.COUNTER[6] (-)
|       |-- (3)System_Top.u_TX_CLK_DIV.COUNTER[7] (-)
|       |-- (3)System_Top.u_FIFO.u_sync_w2r.sync_reg[0][0] (-)
|       |-- (3)System_Top.u_FIFO.u_sync_w2r.sync_reg[0][1] (-)
|       |-- (3)System_Top.u_FIFO.u_sync_w2r.sync_reg[0][2] (-)
|       |-- (3)System_Top.u_FIFO.u_sync_w2r.sync_reg[0][3] (-)
|       |-- (3)System_Top.u_FIFO.u_sync_w2r.sync_reg[1][0] (-)
|       |-- (3)System_Top.u_FIFO.u_sync_w2r.sync_reg[1][1] (-)
|       |-- (3)System_Top.u_FIFO.u_sync_w2r.sync_reg[1][2] (-)
|       |-- (3)System_Top.u_FIFO.u_sync_w2r.sync_reg[1][3] (-)
|       |-- (3)System_Top.u_FIFO.grey_r_ptr[0] (-)
|       |-- (3)System_Top.u_FIFO.grey_r_ptr[1] (-)
|       |-- (3)System_Top.u_FIFO.grey_r_ptr[2] (-)
|       |-- (3)System_Top.u_FIFO.grey_r_ptr[3] (-)
|       |-- (3)System_Top.u_FIFO.u_fifo_rd.r_ptr[0] (-)
|       |-- (3)System_Top.u_FIFO.u_fifo_rd.r_ptr[1] (-)
|       |-- (3)System_Top.u_FIFO.u_fifo_rd.r_ptr[2] (-)
|       `-- (3)System_Top.u_FIFO.u_fifo_rd.r_ptr[3] (-)
|-- (1)System_Top.u_REF_RST_Sync.sync_reg[0] (-)
|-- (1)System_Top.u_REF_RST_Sync.sync_reg[1] (-)
`-- (1)System_Top.u_REF_RST_Sync.sync_reg[0]
    `-- (2)System_Top.SYNC_REF_RST
        |-- (3)System_Top.u_SysCtrl.Cur_S[0] (-)
        |-- (3)System_Top.u_SysCtrl.Cur_S[1] (-)
        |-- (3)System_Top.u_SysCtrl.Cur_S[2] (-)
        |-- (3)System_Top.u_SysCtrl.Cur_S[3] (-)
        |-- (3)System_Top.ALU_FUN[0] (-)
        |-- (3)System_Top.ALU_FUN[1] (-)
        |-- (3)System_Top.ALU_FUN[2] (-)
        |-- (3)System_Top.ALU_FUN[3] (-)
        |-- (3)System_Top.ALU_EN (-)
        |-- (3)System_Top.CLK_Gate_EN (-)
        |-- (3)System_Top.RF_Wr_Data[0] (-)
        |-- (3)System_Top.RF_Wr_Data[1] (-)
        |-- (3)System_Top.RF_Wr_Data[2] (-)
        |-- (3)System_Top.RF_Wr_Data[3] (-)
        |-- (3)System_Top.RF_Wr_Data[4] (-)
        |-- (3)System_Top.RF_Wr_Data[5] (-)
        |-- (3)System_Top.RF_Wr_Data[6] (-)
        |-- (3)System_Top.RF_Wr_Data[7] (-)
        |-- (3)System_Top.RF_ADDR[0] (-)
        |-- (3)System_Top.RF_ADDR[1] (-)
        |-- (3)System_Top.RF_ADDR[2] (-)
        |-- (3)System_Top.RF_ADDR[3] (-)
        |-- (3)System_Top.RF_WrEn (-)
        |-- (3)System_Top.RF_RdEn (-)
        |-- (3)System_Top.FIFO_WR_INC (-)
        |-- (3)System_Top.FIFO_WR_DATA[0] (-)
        |-- (3)System_Top.FIFO_WR_DATA[1] (-)
        |-- (3)System_Top.FIFO_WR_DATA[2] (-)
        |-- (3)System_Top.FIFO_WR_DATA[3] (-)
        |-- (3)System_Top.FIFO_WR_DATA[4] (-)
        |-- (3)System_Top.FIFO_WR_DATA[5] (-)
        |-- (3)System_Top.FIFO_WR_DATA[6] (-)
        |-- (3)System_Top.FIFO_WR_DATA[7] (-)
        |-- (3)System_Top.RF_Rd_Data_Valid (-)
        |-- (3)System_Top.RF_Rd_Data[0] (-)
        |-- (3)System_Top.RF_Rd_Data[1] (-)
        |-- (3)System_Top.RF_Rd_Data[2] (-)
        |-- (3)System_Top.RF_Rd_Data[3] (-)
        |-- (3)System_Top.RF_Rd_Data[4] (-)
        |-- (3)System_Top.RF_Rd_Data[5] (-)
        |-- (3)System_Top.RF_Rd_Data[6] (-)
        |-- (3)System_Top.RF_Rd_Data[7] (-)
        |-- (3)System_Top.u_RegFile.RegFile[15][0] (-)
        |-- (3)System_Top.u_RegFile.RegFile[15][1] (-)
        |-- (3)System_Top.u_RegFile.RegFile[15][2] (-)
        |-- (3)System_Top.u_RegFile.RegFile[15][3] (-)
        |-- (3)System_Top.u_RegFile.RegFile[15][4] (-)
        |-- (3)System_Top.u_RegFile.RegFile[15][5] (-)
        |-- (3)System_Top.u_RegFile.RegFile[15][6] (-)
        |-- (3)System_Top.u_RegFile.RegFile[15][7] (-)
        |-- (3)System_Top.u_RegFile.RegFile[14][0] (-)
        |-- (3)System_Top.u_RegFile.RegFile[14][1] (-)
        |-- (3)System_Top.u_RegFile.RegFile[14][2] (-)
        |-- (3)System_Top.u_RegFile.RegFile[14][3] (-)
        |-- (3)System_Top.u_RegFile.RegFile[14][4] (-)
        |-- (3)System_Top.u_RegFile.RegFile[14][5] (-)
        |-- (3)System_Top.u_RegFile.RegFile[14][6] (-)
        |-- (3)System_Top.u_RegFile.RegFile[14][7] (-)
        |-- (3)System_Top.u_RegFile.RegFile[13][0] (-)
        |-- (3)System_Top.u_RegFile.RegFile[13][1] (-)
        |-- (3)System_Top.u_RegFile.RegFile[13][2] (-)
        |-- (3)System_Top.u_RegFile.RegFile[13][3] (-)
        |-- (3)System_Top.u_RegFile.RegFile[13][4] (-)
        |-- (3)System_Top.u_RegFile.RegFile[13][5] (-)
        |-- (3)System_Top.u_RegFile.RegFile[13][6] (-)
        |-- (3)System_Top.u_RegFile.RegFile[13][7] (-)
        |-- (3)System_Top.u_RegFile.RegFile[12][0] (-)
        |-- (3)System_Top.u_RegFile.RegFile[12][1] (-)
        |-- (3)System_Top.u_RegFile.RegFile[12][2] (-)
        |-- (3)System_Top.u_RegFile.RegFile[12][3] (-)
        |-- (3)System_Top.u_RegFile.RegFile[12][4] (-)
        |-- (3)System_Top.u_RegFile.RegFile[12][5] (-)
        |-- (3)System_Top.u_RegFile.RegFile[12][6] (-)
        |-- (3)System_Top.u_RegFile.RegFile[12][7] (-)
        |-- (3)System_Top.u_RegFile.RegFile[11][0] (-)
        |-- (3)System_Top.u_RegFile.RegFile[11][1] (-)
        |-- (3)System_Top.u_RegFile.RegFile[11][2] (-)
        |-- (3)System_Top.u_RegFile.RegFile[11][3] (-)
        |-- (3)System_Top.u_RegFile.RegFile[11][4] (-)
        |-- (3)System_Top.u_RegFile.RegFile[11][5] (-)
        |-- (3)System_Top.u_RegFile.RegFile[11][6] (-)
        |-- (3)System_Top.u_RegFile.RegFile[11][7] (-)
        |-- (3)System_Top.u_RegFile.RegFile[10][0] (-)
        |-- (3)System_Top.u_RegFile.RegFile[10][1] (-)
        |-- (3)System_Top.u_RegFile.RegFile[10][2] (-)
        |-- (3)System_Top.u_RegFile.RegFile[10][3] (-)
        |-- (3)System_Top.u_RegFile.RegFile[10][4] (-)
        |-- (3)System_Top.u_RegFile.RegFile[10][5] (-)
        |-- (3)System_Top.u_RegFile.RegFile[10][6] (-)
        |-- (3)System_Top.u_RegFile.RegFile[10][7] (-)
        |-- (3)System_Top.u_RegFile.RegFile[9][0] (-)
        |-- (3)System_Top.u_RegFile.RegFile[9][1] (-)
        |-- (3)System_Top.u_RegFile.RegFile[9][2] (-)
        |-- (3)System_Top.u_RegFile.RegFile[9][3] (-)
        |-- (3)System_Top.u_RegFile.RegFile[9][4] (-)
        |-- (3)System_Top.u_RegFile.RegFile[9][5] (-)
        |-- (3)System_Top.u_RegFile.RegFile[9][6] (-)
        |-- (3)System_Top.u_RegFile.RegFile[9][7] (-)
        |-- (3)System_Top.u_RegFile.RegFile[8][0] (-)
        |-- (3)System_Top.u_RegFile.RegFile[8][1] (-)
        |-- (3)System_Top.u_RegFile.RegFile[8][2] (-)
        |-- (3)System_Top.u_RegFile.RegFile[8][3] (-)
        |-- (3)System_Top.u_RegFile.RegFile[8][4] (-)
        |-- (3)System_Top.u_RegFile.RegFile[8][5] (-)
        |-- (3)System_Top.u_RegFile.RegFile[8][6] (-)
        |-- (3)System_Top.u_RegFile.RegFile[8][7] (-)
        |-- (3)System_Top.u_RegFile.RegFile[7][0] (-)
        |-- (3)System_Top.u_RegFile.RegFile[7][1] (-)
        |-- (3)System_Top.u_RegFile.RegFile[7][2] (-)
        |-- (3)System_Top.u_RegFile.RegFile[7][3] (-)
        |-- (3)System_Top.u_RegFile.RegFile[7][4] (-)
        |-- (3)System_Top.u_RegFile.RegFile[7][5] (-)
        |-- (3)System_Top.u_RegFile.RegFile[7][6] (-)
        |-- (3)System_Top.u_RegFile.RegFile[7][7] (-)
        |-- (3)System_Top.u_RegFile.RegFile[6][0] (-)
        |-- (3)System_Top.u_RegFile.RegFile[6][1] (-)
        |-- (3)System_Top.u_RegFile.RegFile[6][2] (-)
        |-- (3)System_Top.u_RegFile.RegFile[6][3] (-)
        |-- (3)System_Top.u_RegFile.RegFile[6][4] (-)
        |-- (3)System_Top.u_RegFile.RegFile[6][5] (-)
        |-- (3)System_Top.u_RegFile.RegFile[6][6] (-)
        |-- (3)System_Top.u_RegFile.RegFile[6][7] (-)
        |-- (3)System_Top.u_RegFile.RegFile[5][0] (-)
        |-- (3)System_Top.u_RegFile.RegFile[5][1] (-)
        |-- (3)System_Top.u_RegFile.RegFile[5][2] (-)
        |-- (3)System_Top.u_RegFile.RegFile[5][3] (-)
        |-- (3)System_Top.u_RegFile.RegFile[5][4] (-)
        |-- (3)System_Top.u_RegFile.RegFile[5][5] (-)
        |-- (3)System_Top.u_RegFile.RegFile[5][6] (-)
        |-- (3)System_Top.u_RegFile.RegFile[5][7] (-)
        |-- (3)System_Top.u_RegFile.RegFile[4][0] (-)
        |-- (3)System_Top.u_RegFile.RegFile[4][1] (-)
        |-- (3)System_Top.u_RegFile.RegFile[4][2] (-)
        |-- (3)System_Top.u_RegFile.RegFile[4][3] (-)
        |-- (3)System_Top.u_RegFile.RegFile[4][4] (-)
        |-- (3)System_Top.u_RegFile.RegFile[4][5] (-)
        |-- (3)System_Top.u_RegFile.RegFile[4][6] (-)
        |-- (3)System_Top.u_RegFile.RegFile[4][7] (-)
        |-- (3)System_Top.u_RegFile.RegFile[3][0] (-)
        |-- (3)System_Top.u_RegFile.RegFile[3][1] (-)
        |-- (3)System_Top.u_RegFile.RegFile[3][2] (-)
        |-- (3)System_Top.u_RegFile.RegFile[3][3] (-)
        |-- (3)System_Top.u_RegFile.RegFile[3][4] (-)
        |-- (3)System_Top.u_RegFile.RegFile[3][5] (-)
        |-- (3)System_Top.u_RegFile.RegFile[3][6] (-)
        |-- (3)System_Top.u_RegFile.RegFile[3][7] (-)
        |-- (3)System_Top.u_RegFile.RegFile[2][0] (-)
        |-- (3)System_Top.u_RegFile.RegFile[2][1] (-)
        |-- (3)System_Top.u_RegFile.RegFile[2][2] (-)
        |-- (3)System_Top.u_RegFile.RegFile[2][3] (-)
        |-- (3)System_Top.u_RegFile.RegFile[2][4] (-)
        |-- (3)System_Top.u_RegFile.RegFile[2][5] (-)
        |-- (3)System_Top.u_RegFile.RegFile[2][6] (-)
        |-- (3)System_Top.u_RegFile.RegFile[2][7] (-)
        |-- (3)System_Top.u_RegFile.RegFile[1][0] (-)
        |-- (3)System_Top.u_RegFile.RegFile[1][1] (-)
        |-- (3)System_Top.u_RegFile.RegFile[1][2] (-)
        |-- (3)System_Top.u_RegFile.RegFile[1][3] (-)
        |-- (3)System_Top.u_RegFile.RegFile[1][4] (-)
        |-- (3)System_Top.u_RegFile.RegFile[1][5] (-)
        |-- (3)System_Top.u_RegFile.RegFile[1][6] (-)
        |-- (3)System_Top.u_RegFile.RegFile[1][7] (-)
        |-- (3)System_Top.u_RegFile.RegFile[0][0] (-)
        |-- (3)System_Top.u_RegFile.RegFile[0][1] (-)
        |-- (3)System_Top.u_RegFile.RegFile[0][2] (-)
        |-- (3)System_Top.u_RegFile.RegFile[0][3] (-)
        |-- (3)System_Top.u_RegFile.RegFile[0][4] (-)
        |-- (3)System_Top.u_RegFile.RegFile[0][5] (-)
        |-- (3)System_Top.u_RegFile.RegFile[0][6] (-)
        |-- (3)System_Top.u_RegFile.RegFile[0][7] (-)
        |-- (3)System_Top.u_BUS_SYNC.Bit_Syncronizer[0] (-)
        |-- (3)System_Top.u_BUS_SYNC.Bit_Syncronizer[1] (-)
        |-- (3)System_Top.u_BUS_SYNC.enable_Reg (-)
        |-- (3)System_Top.Sync_RX_D_VALID (-)
        |-- (3)System_Top.Sync_RX_P_DATA[0] (-)
        |-- (3)System_Top.Sync_RX_P_DATA[1] (-)
        |-- (3)System_Top.Sync_RX_P_DATA[2] (-)
        |-- (3)System_Top.Sync_RX_P_DATA[3] (-)
        |-- (3)System_Top.Sync_RX_P_DATA[4] (-)
        |-- (3)System_Top.Sync_RX_P_DATA[5] (-)
        |-- (3)System_Top.Sync_RX_P_DATA[6] (-)
        |-- (3)System_Top.Sync_RX_P_DATA[7] (-)
        |-- (3)System_Top.u_FIFO.u_sync_r2w.sync_reg[0][0] (-)
        |-- (3)System_Top.u_FIFO.u_sync_r2w.sync_reg[0][1] (-)
        |-- (3)System_Top.u_FIFO.u_sync_r2w.sync_reg[0][2] (-)
        |-- (3)System_Top.u_FIFO.u_sync_r2w.sync_reg[0][3] (-)
        |-- (3)System_Top.u_FIFO.u_sync_r2w.sync_reg[1][0] (-)
        |-- (3)System_Top.u_FIFO.u_sync_r2w.sync_reg[1][1] (-)
        |-- (3)System_Top.u_FIFO.u_sync_r2w.sync_reg[1][2] (-)
        |-- (3)System_Top.u_FIFO.u_sync_r2w.sync_reg[1][3] (-)
        |-- (3)System_Top.u_FIFO.grey_w_ptr[0] (-)
        |-- (3)System_Top.u_FIFO.grey_w_ptr[1] (-)
        |-- (3)System_Top.u_FIFO.grey_w_ptr[2] (-)
        |-- (3)System_Top.u_FIFO.grey_w_ptr[3] (-)
        |-- (3)System_Top.u_FIFO.u_fifo_wr.w_ptr[0] (-)
        |-- (3)System_Top.u_FIFO.u_fifo_wr.w_ptr[1] (-)
        |-- (3)System_Top.u_FIFO.u_fifo_wr.w_ptr[2] (-)
        |-- (3)System_Top.u_FIFO.u_fifo_wr.w_ptr[3] (-)
        |-- (3)System_Top.u_FIFO.u_fifo_mem.mem_Buffer[7][0] (-)
        |-- (3)System_Top.u_FIFO.u_fifo_mem.mem_Buffer[7][1] (-)
        |-- (3)System_Top.u_FIFO.u_fifo_mem.mem_Buffer[7][2] (-)
        |-- (3)System_Top.u_FIFO.u_fifo_mem.mem_Buffer[7][3] (-)
        |-- (3)System_Top.u_FIFO.u_fifo_mem.mem_Buffer[7][4] (-)
        |-- (3)System_Top.u_FIFO.u_fifo_mem.mem_Buffer[7][5] (-)
        |-- (3)System_Top.u_FIFO.u_fifo_mem.mem_Buffer[7][6] (-)
        |-- (3)System_Top.u_FIFO.u_fifo_mem.mem_Buffer[7][7] (-)
        |-- (3)System_Top.u_FIFO.u_fifo_mem.mem_Buffer[6][0] (-)
        |-- (3)System_Top.u_FIFO.u_fifo_mem.mem_Buffer[6][1] (-)
        |-- (3)System_Top.u_FIFO.u_fifo_mem.mem_Buffer[6][2] (-)
        |-- (3)System_Top.u_FIFO.u_fifo_mem.mem_Buffer[6][3] (-)
        |-- (3)System_Top.u_FIFO.u_fifo_mem.mem_Buffer[6][4] (-)
        |-- (3)System_Top.u_FIFO.u_fifo_mem.mem_Buffer[6][5] (-)
        |-- (3)System_Top.u_FIFO.u_fifo_mem.mem_Buffer[6][6] (-)
        |-- (3)System_Top.u_FIFO.u_fifo_mem.mem_Buffer[6][7] (-)
        |-- (3)System_Top.u_FIFO.u_fifo_mem.mem_Buffer[5][0] (-)
        |-- (3)System_Top.u_FIFO.u_fifo_mem.mem_Buffer[5][1] (-)
        |-- (3)System_Top.u_FIFO.u_fifo_mem.mem_Buffer[5][2] (-)
        |-- (3)System_Top.u_FIFO.u_fifo_mem.mem_Buffer[5][3] (-)
        |-- (3)System_Top.u_FIFO.u_fifo_mem.mem_Buffer[5][4] (-)
        |-- (3)System_Top.u_FIFO.u_fifo_mem.mem_Buffer[5][5] (-)
        |-- (3)System_Top.u_FIFO.u_fifo_mem.mem_Buffer[5][6] (-)
        |-- (3)System_Top.u_FIFO.u_fifo_mem.mem_Buffer[5][7] (-)
        |-- (3)System_Top.u_FIFO.u_fifo_mem.mem_Buffer[4][0] (-)
        |-- (3)System_Top.u_FIFO.u_fifo_mem.mem_Buffer[4][1] (-)
        |-- (3)System_Top.u_FIFO.u_fifo_mem.mem_Buffer[4][2] (-)
        |-- (3)System_Top.u_FIFO.u_fifo_mem.mem_Buffer[4][3] (-)
        |-- (3)System_Top.u_FIFO.u_fifo_mem.mem_Buffer[4][4] (-)
        |-- (3)System_Top.u_FIFO.u_fifo_mem.mem_Buffer[4][5] (-)
        |-- (3)System_Top.u_FIFO.u_fifo_mem.mem_Buffer[4][6] (-)
        |-- (3)System_Top.u_FIFO.u_fifo_mem.mem_Buffer[4][7] (-)
        |-- (3)System_Top.u_FIFO.u_fifo_mem.mem_Buffer[3][0] (-)
        |-- (3)System_Top.u_FIFO.u_fifo_mem.mem_Buffer[3][1] (-)
        |-- (3)System_Top.u_FIFO.u_fifo_mem.mem_Buffer[3][2] (-)
        |-- (3)System_Top.u_FIFO.u_fifo_mem.mem_Buffer[3][3] (-)
        |-- (3)System_Top.u_FIFO.u_fifo_mem.mem_Buffer[3][4] (-)
        |-- (3)System_Top.u_FIFO.u_fifo_mem.mem_Buffer[3][5] (-)
        |-- (3)System_Top.u_FIFO.u_fifo_mem.mem_Buffer[3][6] (-)
        |-- (3)System_Top.u_FIFO.u_fifo_mem.mem_Buffer[3][7] (-)
        |-- (3)System_Top.u_FIFO.u_fifo_mem.mem_Buffer[2][0] (-)
        |-- (3)System_Top.u_FIFO.u_fifo_mem.mem_Buffer[2][1] (-)
        |-- (3)System_Top.u_FIFO.u_fifo_mem.mem_Buffer[2][2] (-)
        |-- (3)System_Top.u_FIFO.u_fifo_mem.mem_Buffer[2][3] (-)
        |-- (3)System_Top.u_FIFO.u_fifo_mem.mem_Buffer[2][4] (-)
        |-- (3)System_Top.u_FIFO.u_fifo_mem.mem_Buffer[2][5] (-)
        |-- (3)System_Top.u_FIFO.u_fifo_mem.mem_Buffer[2][6] (-)
        |-- (3)System_Top.u_FIFO.u_fifo_mem.mem_Buffer[2][7] (-)
        |-- (3)System_Top.u_FIFO.u_fifo_mem.mem_Buffer[1][0] (-)
        |-- (3)System_Top.u_FIFO.u_fifo_mem.mem_Buffer[1][1] (-)
        |-- (3)System_Top.u_FIFO.u_fifo_mem.mem_Buffer[1][2] (-)
        |-- (3)System_Top.u_FIFO.u_fifo_mem.mem_Buffer[1][3] (-)
        |-- (3)System_Top.u_FIFO.u_fifo_mem.mem_Buffer[1][4] (-)
        |-- (3)System_Top.u_FIFO.u_fifo_mem.mem_Buffer[1][5] (-)
        |-- (3)System_Top.u_FIFO.u_fifo_mem.mem_Buffer[1][6] (-)
        |-- (3)System_Top.u_FIFO.u_fifo_mem.mem_Buffer[1][7] (-)
        |-- (3)System_Top.u_FIFO.u_fifo_mem.mem_Buffer[0][0] (-)
        |-- (3)System_Top.u_FIFO.u_fifo_mem.mem_Buffer[0][1] (-)
        |-- (3)System_Top.u_FIFO.u_fifo_mem.mem_Buffer[0][2] (-)
        |-- (3)System_Top.u_FIFO.u_fifo_mem.mem_Buffer[0][3] (-)
        |-- (3)System_Top.u_FIFO.u_fifo_mem.mem_Buffer[0][4] (-)
        |-- (3)System_Top.u_FIFO.u_fifo_mem.mem_Buffer[0][5] (-)
        |-- (3)System_Top.u_FIFO.u_fifo_mem.mem_Buffer[0][6] (-)
        |-- (3)System_Top.u_FIFO.u_fifo_mem.mem_Buffer[0][7] (-)
        |-- (3)System_Top.ALU_OUT[0] (-)
        |-- (3)System_Top.ALU_OUT[1] (-)
        |-- (3)System_Top.ALU_OUT[2] (-)
        |-- (3)System_Top.ALU_OUT[3] (-)
        |-- (3)System_Top.ALU_OUT[4] (-)
        |-- (3)System_Top.ALU_OUT[5] (-)
        |-- (3)System_Top.ALU_OUT[6] (-)
        |-- (3)System_Top.ALU_OUT[7] (-)
        |-- (3)System_Top.ALU_OUT[8] (-)
        |-- (3)System_Top.ALU_OUT[9] (-)
        |-- (3)System_Top.ALU_OUT[10] (-)
        |-- (3)System_Top.ALU_OUT[11] (-)
        |-- (3)System_Top.ALU_OUT[12] (-)
        |-- (3)System_Top.ALU_OUT[13] (-)
        |-- (3)System_Top.ALU_OUT[14] (-)
        |-- (3)System_Top.ALU_OUT[15] (-)
        `-- (3)System_Top.ALU_OUT_VALID (-)
