
################################################################################
#
# This file has been generated by SpyGlass:
#     Report Name      : waiver
#     Report Created by: ICer
#     Report Created on:  Mon Sep 28 01:37:47 2026
#     Working Directory: /mnt/hgfs/Shared_Folder/System/System_Lint
#     SpyGlass Version : SpyGlass_vL-2016.06
#     Policy Name      : SpyGlass(SpyGlass_vL-2016.06)
#                        clock-reset(SpyGlass_vL-2016.06)
#
#     Total Number of Generated Messages        :         48
#     Number of Waived Messages                 :          6
#     Number of Reported Messages (New)         :          0
#     Number of Reported Messages (PreExisting) :         42
#     Number of Reported Messages (Fixed)       :          0
#     Number of Overlimit Messages              :          0
#
#
################################################################################

WAIVER REPORT:
+++++++++++++++++++++++++++++++++++++++++++++++++++++++++++++++++++++++++++++++

Design Issues Waiver Report
+++++++++++++++++++++++++++++++++++++++++++++++++++++++++++++++++++++++++++++++

Waiver comment : Created by ICer on 27-Sep-2026 22:33:43
waive -msg q!Port coverage for top design unit 'System_Top' is: '1' (25.00 %) port(s) not fully constrained! \
      -rule "Setup_port01" 
#spg_backref : "./spyglass-1/System_Top/cdc/cdc_verify_struct/spyglass-1_waiver_file.awl" 1

1 message(s) waived:
===============================================================================
Index    Rule         Severity File                                                        Line Wt Message
===============================================================================
[51]     Setup_port01 Error    /home/ICer/Shared_Folder/System/RTL/System_Top/System_Top.v 1    2  Port coverage for top design unit 'System_Top' is: '1' (25.00 %) port(s) not fully constrained
===============================================================================

Waiver comment : Created by ICer on 28-Sep-2026 00:27:51
waive -msg q%4 synchronizers (System_Top.u_FIFO.u_sync_w2r.sync_reg[0][3:0]) converge on combinational gate 'System_Top.FIFO_EMPTY'. Gray encoding check: 'DISABLED'% \
      -rule "Ac_conv02" 
#spg_backref : "./spyglass-1/System_Top/cdc/cdc_verify_struct/spyglass-1_waiver_file.awl" 12

1 message(s) waived:
===============================================================================
Index    Rule      Severity File                                                        Line Wt Message
===============================================================================
[55]     Ac_conv02 Warning  /home/ICer/Shared_Folder/System/RTL/System_Top/System_Top.v 75   2  4 synchronizers (System_Top.u_FIFO.u_sync_w2r.sync_reg[0][3:0]) converge on combinational gate 'System_Top.FIFO_EMPTY'. Gray encoding check: 'DISABLED'
===============================================================================

Waiver comment : Created by ICer on 28-Sep-2026 01:32:14 RX_D_VALID is a Qualifier
waive -msg q%9 synchronizers (System_Top.u_BUS_SYNC.Bit_Syncronizer[1],System_Top.u_BUS_SYNC.Sync_bus[7:0]) converge on MUX 'System_Top.u_SysCtrl.Nx_S[0]'. Gray encoding check: 'DISABLED'% \
      -rule "Ac_conv02" 
#spg_backref : "./spyglass-1/System_Top/cdc/cdc_verify_struct/spyglass-1_waiver_file.awl" 15

1 message(s) waived:
===============================================================================
Index    Rule      Severity File                                                    Line Wt Message
===============================================================================
[58]     Ac_conv02 Warning  /home/ICer/Shared_Folder/System/RTL/Sys_Ctrl/Sys_Ctrl.v 130  2  9 synchronizers (System_Top.u_BUS_SYNC.Bit_Syncronizer[1],System_Top.u_BUS_SYNC.Sync_bus[7:0]) converge on MUX 'System_Top.u_SysCtrl.Nx_S[0]'. Gray encoding check: 'DISABLED'
===============================================================================

Waiver comment : Created by ICer on 28-Sep-2026 01:37:11 Synchronized data bus with gray encoding
waive -msg q%4 synchronizers (System_Top.u_FIFO.u_sync_r2w.sync_reg[0][3:0]) converge on combinational gate 'System_Top.FIFO_FULL'. Gray encoding check: 'DISABLED'% \
      -rule "Ac_conv02" 
#spg_backref : "./spyglass-1/System_Top/cdc/cdc_verify_struct/spyglass-1_waiver_file.awl" 15

1 message(s) waived:
===============================================================================
Index    Rule      Severity File                                                        Line Wt Message
===============================================================================
[5A]     Ac_conv02 Warning  /home/ICer/Shared_Folder/System/RTL/System_Top/System_Top.v 76   2  4 synchronizers (System_Top.u_FIFO.u_sync_r2w.sync_reg[0][3:0]) converge on combinational gate 'System_Top.FIFO_FULL'. Gray encoding check: 'DISABLED'
===============================================================================

Waiver comment : Created by ICer on 27-Sep-2026 22:33:43 Unconstrained Async RST handeled within RST Synchronizers
waive -msg q%Abstracted sgdc file for input ports of block 'System_Top' is generated% \
      -rule "Setup_port01" 
#spg_backref : "./spyglass-1/System_Top/cdc/cdc_verify_struct/spyglass-1_waiver_file.awl" 2

1 message(s) waived:
===============================================================================
Index    Rule         Severity File                                                                                                      Line Wt Message
===============================================================================
[53]     Setup_port01 Info     ./spyglass-1/System_Top/cdc/cdc_verify_struct/spyglass_reports/clock-reset/System_Top_input_abstract.sgdc 0    2  Abstracted sgdc file for input ports of block 'System_Top' is generated
===============================================================================

Waiver comment : Created by ICer on 28-Sep-2026 00:26:39  Signals are unrelated and there is no threat to the converrgence
waive -msg q%13 synchronizers (System_Top.u_FIFO.u_sync_r2w.sync_reg[0][3:0],System_Top.u_BUS_SYNC.Bit_Syncronizer[1] ...) converge on flop 'System_Top.RF_RdEn'% \
      -rule "Ac_conv01" 
#spg_backref : "./spyglass-1/System_Top/cdc/cdc_verify_struct/spyglass-1_waiver_file.awl" 11

1 message(s) waived:
===============================================================================
Index    Rule      Severity File                                                        Line Wt Message
===============================================================================
[5E]     Ac_conv01 Warning  /home/ICer/Shared_Folder/System/RTL/System_Top/System_Top.v 194  2  13 synchronizers (System_Top.u_FIFO.u_sync_r2w.sync_reg[0][3:0],System_Top.u_BUS_SYNC.Bit_Syncronizer[1] ...) converge on flop 'System_Top.RF_RdEn'
===============================================================================

===============================================================================
Design Issues Waivers Waiving Zero Violations
===============================================================================
Waiver comment : Created by ICer on 27-Sep-2026 22:46:17
waive -msg q%Source flop "System_Top.u_FIFO.u_fifo_rd.r_ptr[1]" is synchronized twice (at "System_Top.u_FIFO.u_sync_r2w.sync_reg[0][1:0]") in same destination domain% \
      -rule "Ac_coherency06" 
#spg_backref : "./spyglass-1/System_Top/cdc/cdc_verify_struct/spyglass-1_waiver_file.awl" 3

Waiver comment : Created by ICer on 27-Sep-2026 22:46:17
waive -msg q%Source flop "System_Top.u_FIFO.u_fifo_rd.r_ptr[2]" is synchronized twice (at "System_Top.u_FIFO.u_sync_r2w.sync_reg[0][2:1]") in same destination domain% \
      -rule "Ac_coherency06" 
#spg_backref : "./spyglass-1/System_Top/cdc/cdc_verify_struct/spyglass-1_waiver_file.awl" 4

Waiver comment : Created by ICer on 27-Sep-2026 22:46:17
waive -msg q%Source flop "System_Top.u_FIFO.u_fifo_rd.r_ptr[3]" is synchronized twice (at "System_Top.u_FIFO.u_sync_r2w.sync_reg[0][3:2]") in same destination domain% \
      -rule "Ac_coherency06" 
#spg_backref : "./spyglass-1/System_Top/cdc/cdc_verify_struct/spyglass-1_waiver_file.awl" 5

Waiver comment : Created by ICer on 27-Sep-2026 22:46:17
waive -msg q%Source flop "System_Top.u_FIFO.u_fifo_wr.w_ptr[1]" is synchronized twice (at "System_Top.u_FIFO.u_sync_w2r.sync_reg[0][1:0]") in same destination domain% \
      -rule "Ac_coherency06" 
#spg_backref : "./spyglass-1/System_Top/cdc/cdc_verify_struct/spyglass-1_waiver_file.awl" 6

Waiver comment : Created by ICer on 27-Sep-2026 22:46:17
waive -msg q%Source flop "System_Top.u_FIFO.u_fifo_wr.w_ptr[2]" is synchronized twice (at "System_Top.u_FIFO.u_sync_w2r.sync_reg[0][2:1]") in same destination domain% \
      -rule "Ac_coherency06" 
#spg_backref : "./spyglass-1/System_Top/cdc/cdc_verify_struct/spyglass-1_waiver_file.awl" 7

Waiver comment : Created by ICer on 27-Sep-2026 22:46:17 Bus is Gray encoded hence no real data incoherency threat
waive -msg q%Source flop "System_Top.u_FIFO.u_fifo_wr.w_ptr[3]" is synchronized twice (at "System_Top.u_FIFO.u_sync_w2r.sync_reg[0][3:2]") in same destination domain% \
      -rule "Ac_coherency06" 
#spg_backref : "./spyglass-1/System_Top/cdc/cdc_verify_struct/spyglass-1_waiver_file.awl" 9

===============================================================================

