 
****************************************
Report : timing
        -path full
        -delay min
        -max_paths 1
Design : System_Top
Version: O-2018.06-SP1
Date   : Wed Sep 30 09:20:12 2026
****************************************

Operating Conditions: scmetro_tsmc_cl013g_rvt_ff_1p32v_m40c   Library: scmetro_tsmc_cl013g_rvt_ff_1p32v_m40c
Wire Load Model Mode: top

  Startpoint: u_UART/u_UART_RX/u_Sampler/third_sample_reg
              (rising edge-triggered flip-flop clocked by scan_clk)
  Endpoint: u_UART/u_UART_RX/u_Start_Checker/start_glitch_reg
            (rising edge-triggered flip-flop clocked by scan_clk)
  Path Group: scan_clk
  Path Type: min

  Point                                                   Incr       Path
  --------------------------------------------------------------------------
  clock scan_clk (rise edge)                             50.00      50.00
  clock network delay (ideal)                             0.00      50.00
  u_UART/u_UART_RX/u_Sampler/third_sample_reg/CK (SDFFSX1M)
                                                          0.00      50.00 r
  u_UART/u_UART_RX/u_Sampler/third_sample_reg/QN (SDFFSX1M)
                                                          0.32      50.32 r
  u_UART/u_UART_RX/u_Sampler/test_so (Sampler_test_1)     0.00      50.32 r
  u_UART/u_UART_RX/u_Start_Checker/test_si (Start_Checker_test_1)
                                                          0.00      50.32 r
  u_UART/u_UART_RX/u_Start_Checker/start_glitch_reg/SI (SDFFRQX2M)
                                                          0.00      50.32 r
  data arrival time                                                 50.32

  clock scan_clk (rise edge)                             50.00      50.00
  clock network delay (ideal)                             0.00      50.00
  clock uncertainty                                       0.10      50.10
  u_UART/u_UART_RX/u_Start_Checker/start_glitch_reg/CK (SDFFRQX2M)
                                                          0.00      50.10 r
  library hold time                                      -0.18      49.92
  data required time                                                49.92
  --------------------------------------------------------------------------
  data required time                                                49.92
  data arrival time                                                -50.32
  --------------------------------------------------------------------------
  slack (MET)                                                        0.40


1
