Loading db file '/home/ICer/tsmc_fb_cl013g_sc/aci/sc-m/synopsys/scmetro_tsmc_cl013g_rvt_ss_1p08v_125c.db'
Information: Propagating switching activity (low effort zero delay simulation). (PWR-6)
Warning: Design has unannotated primary inputs. (PWR-414)
Warning: Design has unannotated sequential cell outputs. (PWR-415)
 
****************************************
Report : power
        -hier
        -analysis_effort low
Design : System_Top
Version: O-2018.06-SP1
Date   : Wed Sep 30 09:10:06 2026
****************************************


Library(s) Used:

    scmetro_tsmc_cl013g_rvt_ss_1p08v_125c (File: /home/ICer/tsmc_fb_cl013g_sc/aci/sc-m/synopsys/scmetro_tsmc_cl013g_rvt_ss_1p08v_125c.db)


Operating Conditions: scmetro_tsmc_cl013g_rvt_ss_1p08v_125c   Library: scmetro_tsmc_cl013g_rvt_ss_1p08v_125c
Wire Load Model Mode: top


Global Operating Voltage = 1.08 
Power-specific unit information :
    Voltage Units = 1V
    Capacitance Units = 1.000000pf
    Time Units = 1ns
    Dynamic Power Units = 1mW    (derived from V,C,T units)
    Leakage Power Units = 1pW


--------------------------------------------------------------------------------
                                       Switch   Int      Leak     Total
Hierarchy                              Power    Power    Power    Power    %
--------------------------------------------------------------------------------
System_Top                             1.16e-02    0.425 1.33e+07    0.450 100.0
  u_UART (UART)                        6.52e-05 1.90e-03 1.58e+06 3.55e-03   0.8
    u_UART_RX (UART_RX)                6.52e-05 1.82e-03 1.13e+06 3.01e-03   0.7
      u_UART_RX_FSM (UART_RX_FSM)      2.21e-05 3.85e-04 1.42e+05 5.49e-04   0.1
      u_Parity_Checker (Parity_Checker)
                                          0.000 1.15e-04 7.95e+04 1.94e-04   0.0
      u_Stop_Checker (Stop_Checker)       0.000 5.74e-05 1.38e+04 7.12e-05   0.0
      u_Start_Checker (Start_Checker)     0.000 5.74e-05 1.68e+04 7.42e-05   0.0
      u_Deserializer (Deserializer)       0.000 4.59e-04 1.91e+05 6.50e-04   0.1
      u_Edge_Bit_Counter (Edge_Bit_Counter)
                                       1.45e-05 5.35e-04 3.07e+05 8.57e-04   0.2
      u_Sampler (Sampler)              2.85e-05 2.08e-04 3.74e+05 6.11e-04   0.1
    u_UART_TX_TOP (UART_TX_TOP)           0.000 8.00e-05 4.59e+05 5.39e-04   0.1
      U3_MUX_4x1 (MUX_4x1)                0.000    0.000 3.05e+04 3.05e-05   0.0
      U2_FSM (UART_TX_FSM)                0.000 7.44e-05 2.33e+05 3.08e-04   0.1
      U1_parity (UART_Parity)             0.000    0.000 8.50e+04 8.50e-05   0.0
      U0_serializer (UART_Serializer)     0.000 5.53e-06 1.11e+05 1.16e-04   0.0
  u_SysCtrl (Sys_Ctrl_DATA_WIDTH8)        0.000 4.77e-02 6.50e+05 4.84e-02  10.7
  u_CLK_GATE (CLK_GATE)                3.02e-03 2.38e-03 1.78e+04 5.42e-03   1.2
  u_UART_RST_Sync (RST_Sync_NUM_STAGES2_1)
                                       6.07e-04 2.99e-04 3.07e+04 9.37e-04   0.2
  u_REF_RST_Sync (RST_Sync_NUM_STAGES2_0)
                                       7.60e-03 4.87e-03 5.49e+04 1.25e-02   2.8
  u_RegFile (Reg_File_WIDTH8_ADD_WIDTH4_DEPTH16)
                                          0.000    0.209 2.63e+06    0.212  47.0
  u_pulse_gen (pulse_gen)                 0.000 1.16e-05 2.25e+04 3.41e-05   0.0
  u_RX_CLK_DIV (I_CLK_DIV_DIV_RATIO_WIDTH3)
                                       1.93e-04 3.00e-04 2.05e+05 6.98e-04   0.2
  u_TX_CLK_DIV (I_CLK_DIV_DIV_RATIO_WIDTH8)
                                       6.94e-05 7.23e-04 5.67e+05 1.36e-03   0.3
    r70 (I_CLK_DIV_DIV_RATIO_WIDTH8_DW01_inc_0)
                                       6.49e-06 1.90e-05 9.73e+04 1.23e-04   0.0
  u_RX_CLK_DIV_MUX (RX_CLK_DIV_MUX)       0.000    0.000 3.68e+04 3.68e-05   0.0
  u_BUS_SYNC (Data_Bus_Sync_DATA_WIDTH8_Sync_Legnth2)
                                          0.000 1.74e-02 1.72e+05 1.75e-02   3.9
  u_FIFO (FIFO_TOP_DATA_WIDTH8_DEPTH8)    0.000    0.116 1.81e+06    0.118  26.1
    u_sync_r2w (DF_SYNC_DEPTH8_1)         0.000 1.16e-02 8.27e+04 1.17e-02   2.6
    u_sync_w2r (DF_SYNC_DEPTH8_0)         0.000 4.65e-05 7.19e+04 1.18e-04   0.0
    u_fifo_rd (FIFO_RD_DEPTH8)            0.000 4.65e-05 2.31e+05 2.78e-04   0.1
    u_fifo_wr (FIFO_WR_DEPTH8)            0.000 1.16e-02 2.35e+05 1.18e-02   2.6
    u_fifo_mem (FIFO_MEM_DATA_WIDTH8_DEPTH8)
                                          0.000 9.26e-02 1.19e+06 9.38e-02  20.8
  u_ALU (ALU_WIDTH8)                      0.000 2.48e-02 5.51e+06 3.03e-02   6.7
    div_37 (ALU_WIDTH8_DW_div_uns_1)      0.000    0.000 2.39e+06 2.39e-03   0.5
    mult_27 (ALU_WIDTH8_DW02_mult_0)      0.000    0.000 1.64e+06 1.64e-03   0.4
    add_19 (ALU_WIDTH8_DW01_add_0)        0.000    0.000 2.17e+05 2.17e-04   0.0
    sub_23 (ALU_WIDTH8_DW01_sub_0)        0.000    0.000 2.40e+05 2.40e-04   0.1
1
