**************************************************
Report         : passing_points

Reference      : Ref:/WORK/System_Top
Implementation : Imp:/WORK/System_Top
Version        : L-2016.03-SP1
Date           : Wed Sep 30 02:43:33 2026
**************************************************

361 Passing compare points:

  Ref  LAT        Ref:/WORK/System_Top/u_CLK_GATE/u_CLK_GATE
  Impl LAT        Imp:/WORK/System_Top/u_CLK_GATE/u_CLK_GATE

  Ref  DFF        Ref:/WORK/System_Top/u_ALU/ALU_OUT_reg[0]
  Impl DFF        Imp:/WORK/System_Top/u_ALU/ALU_OUT_reg[0]

  Ref  DFF        Ref:/WORK/System_Top/u_ALU/ALU_OUT_reg[10]
  Impl DFF        Imp:/WORK/System_Top/u_ALU/ALU_OUT_reg[10]

  Ref  DFF        Ref:/WORK/System_Top/u_ALU/ALU_OUT_reg[11]
  Impl DFF        Imp:/WORK/System_Top/u_ALU/ALU_OUT_reg[11]

  Ref  DFF        Ref:/WORK/System_Top/u_ALU/ALU_OUT_reg[12]
  Impl DFF        Imp:/WORK/System_Top/u_ALU/ALU_OUT_reg[12]

  Ref  DFF        Ref:/WORK/System_Top/u_ALU/ALU_OUT_reg[13]
  Impl DFF        Imp:/WORK/System_Top/u_ALU/ALU_OUT_reg[13]

  Ref  DFF        Ref:/WORK/System_Top/u_ALU/ALU_OUT_reg[14]
  Impl DFF        Imp:/WORK/System_Top/u_ALU/ALU_OUT_reg[14]

  Ref  DFF        Ref:/WORK/System_Top/u_ALU/ALU_OUT_reg[15]
  Impl DFF        Imp:/WORK/System_Top/u_ALU/ALU_OUT_reg[15]

  Ref  DFF        Ref:/WORK/System_Top/u_ALU/ALU_OUT_reg[1]
  Impl DFF        Imp:/WORK/System_Top/u_ALU/ALU_OUT_reg[1]

  Ref  DFF        Ref:/WORK/System_Top/u_ALU/ALU_OUT_reg[2]
  Impl DFF        Imp:/WORK/System_Top/u_ALU/ALU_OUT_reg[2]

  Ref  DFF        Ref:/WORK/System_Top/u_ALU/ALU_OUT_reg[3]
  Impl DFF        Imp:/WORK/System_Top/u_ALU/ALU_OUT_reg[3]

  Ref  DFF        Ref:/WORK/System_Top/u_ALU/ALU_OUT_reg[4]
  Impl DFF        Imp:/WORK/System_Top/u_ALU/ALU_OUT_reg[4]

  Ref  DFF        Ref:/WORK/System_Top/u_ALU/ALU_OUT_reg[5]
  Impl DFF        Imp:/WORK/System_Top/u_ALU/ALU_OUT_reg[5]

  Ref  DFF        Ref:/WORK/System_Top/u_ALU/ALU_OUT_reg[6]
  Impl DFF        Imp:/WORK/System_Top/u_ALU/ALU_OUT_reg[6]

  Ref  DFF        Ref:/WORK/System_Top/u_ALU/ALU_OUT_reg[7]
  Impl DFF        Imp:/WORK/System_Top/u_ALU/ALU_OUT_reg[7]

  Ref  DFF        Ref:/WORK/System_Top/u_ALU/ALU_OUT_reg[8]
  Impl DFF        Imp:/WORK/System_Top/u_ALU/ALU_OUT_reg[8]

  Ref  DFF        Ref:/WORK/System_Top/u_ALU/ALU_OUT_reg[9]
  Impl DFF        Imp:/WORK/System_Top/u_ALU/ALU_OUT_reg[9]

  Ref  DFF        Ref:/WORK/System_Top/u_ALU/OUT_VALID_reg
  Impl DFF        Imp:/WORK/System_Top/u_ALU/OUT_VALID_reg

  Ref  DFF        Ref:/WORK/System_Top/u_BUS_SYNC/Bit_Syncronizer_reg[0]
  Impl DFF        Imp:/WORK/System_Top/u_BUS_SYNC/Bit_Syncronizer_reg[0]

  Ref  DFF        Ref:/WORK/System_Top/u_BUS_SYNC/Bit_Syncronizer_reg[1]
  Impl DFF        Imp:/WORK/System_Top/u_BUS_SYNC/Bit_Syncronizer_reg[1]

  Ref  DFF        Ref:/WORK/System_Top/u_BUS_SYNC/Sync_bus_reg[0]
  Impl DFF        Imp:/WORK/System_Top/u_BUS_SYNC/Sync_bus_reg[0]

  Ref  DFF        Ref:/WORK/System_Top/u_BUS_SYNC/Sync_bus_reg[1]
  Impl DFF        Imp:/WORK/System_Top/u_BUS_SYNC/Sync_bus_reg[1]

  Ref  DFF        Ref:/WORK/System_Top/u_BUS_SYNC/Sync_bus_reg[2]
  Impl DFF        Imp:/WORK/System_Top/u_BUS_SYNC/Sync_bus_reg[2]

  Ref  DFF        Ref:/WORK/System_Top/u_BUS_SYNC/Sync_bus_reg[3]
  Impl DFF        Imp:/WORK/System_Top/u_BUS_SYNC/Sync_bus_reg[3]

  Ref  DFF        Ref:/WORK/System_Top/u_BUS_SYNC/Sync_bus_reg[4]
  Impl DFF        Imp:/WORK/System_Top/u_BUS_SYNC/Sync_bus_reg[4]

  Ref  DFF        Ref:/WORK/System_Top/u_BUS_SYNC/Sync_bus_reg[5]
  Impl DFF        Imp:/WORK/System_Top/u_BUS_SYNC/Sync_bus_reg[5]

  Ref  DFF        Ref:/WORK/System_Top/u_BUS_SYNC/Sync_bus_reg[6]
  Impl DFF        Imp:/WORK/System_Top/u_BUS_SYNC/Sync_bus_reg[6]

  Ref  DFF        Ref:/WORK/System_Top/u_BUS_SYNC/Sync_bus_reg[7]
  Impl DFF        Imp:/WORK/System_Top/u_BUS_SYNC/Sync_bus_reg[7]

  Ref  DFF        Ref:/WORK/System_Top/u_BUS_SYNC/enable_Reg_reg
  Impl DFF        Imp:/WORK/System_Top/u_BUS_SYNC/enable_Reg_reg

  Ref  DFF        Ref:/WORK/System_Top/u_BUS_SYNC/enable_pulse_reg
  Impl DFF        Imp:/WORK/System_Top/u_BUS_SYNC/enable_pulse_reg

  Ref  DFF        Ref:/WORK/System_Top/u_FIFO/u_fifo_mem/mem_Buffer_reg[0][0]
  Impl DFF        Imp:/WORK/System_Top/u_FIFO/u_fifo_mem/mem_Buffer_reg[0][0]

  Ref  DFF        Ref:/WORK/System_Top/u_FIFO/u_fifo_mem/mem_Buffer_reg[0][1]
  Impl DFF        Imp:/WORK/System_Top/u_FIFO/u_fifo_mem/mem_Buffer_reg[0][1]

  Ref  DFF        Ref:/WORK/System_Top/u_FIFO/u_fifo_mem/mem_Buffer_reg[0][2]
  Impl DFF        Imp:/WORK/System_Top/u_FIFO/u_fifo_mem/mem_Buffer_reg[0][2]

  Ref  DFF        Ref:/WORK/System_Top/u_FIFO/u_fifo_mem/mem_Buffer_reg[0][3]
  Impl DFF        Imp:/WORK/System_Top/u_FIFO/u_fifo_mem/mem_Buffer_reg[0][3]

  Ref  DFF        Ref:/WORK/System_Top/u_FIFO/u_fifo_mem/mem_Buffer_reg[0][4]
  Impl DFF        Imp:/WORK/System_Top/u_FIFO/u_fifo_mem/mem_Buffer_reg[0][4]

  Ref  DFF        Ref:/WORK/System_Top/u_FIFO/u_fifo_mem/mem_Buffer_reg[0][5]
  Impl DFF        Imp:/WORK/System_Top/u_FIFO/u_fifo_mem/mem_Buffer_reg[0][5]

  Ref  DFF        Ref:/WORK/System_Top/u_FIFO/u_fifo_mem/mem_Buffer_reg[0][6]
  Impl DFF        Imp:/WORK/System_Top/u_FIFO/u_fifo_mem/mem_Buffer_reg[0][6]

  Ref  DFF        Ref:/WORK/System_Top/u_FIFO/u_fifo_mem/mem_Buffer_reg[0][7]
  Impl DFF        Imp:/WORK/System_Top/u_FIFO/u_fifo_mem/mem_Buffer_reg[0][7]

  Ref  DFF        Ref:/WORK/System_Top/u_FIFO/u_fifo_mem/mem_Buffer_reg[1][0]
  Impl DFF        Imp:/WORK/System_Top/u_FIFO/u_fifo_mem/mem_Buffer_reg[1][0]

  Ref  DFF        Ref:/WORK/System_Top/u_FIFO/u_fifo_mem/mem_Buffer_reg[1][1]
  Impl DFF        Imp:/WORK/System_Top/u_FIFO/u_fifo_mem/mem_Buffer_reg[1][1]

  Ref  DFF        Ref:/WORK/System_Top/u_FIFO/u_fifo_mem/mem_Buffer_reg[1][2]
  Impl DFF        Imp:/WORK/System_Top/u_FIFO/u_fifo_mem/mem_Buffer_reg[1][2]

  Ref  DFF        Ref:/WORK/System_Top/u_FIFO/u_fifo_mem/mem_Buffer_reg[1][3]
  Impl DFF        Imp:/WORK/System_Top/u_FIFO/u_fifo_mem/mem_Buffer_reg[1][3]

  Ref  DFF        Ref:/WORK/System_Top/u_FIFO/u_fifo_mem/mem_Buffer_reg[1][4]
  Impl DFF        Imp:/WORK/System_Top/u_FIFO/u_fifo_mem/mem_Buffer_reg[1][4]

  Ref  DFF        Ref:/WORK/System_Top/u_FIFO/u_fifo_mem/mem_Buffer_reg[1][5]
  Impl DFF        Imp:/WORK/System_Top/u_FIFO/u_fifo_mem/mem_Buffer_reg[1][5]

  Ref  DFF        Ref:/WORK/System_Top/u_FIFO/u_fifo_mem/mem_Buffer_reg[1][6]
  Impl DFF        Imp:/WORK/System_Top/u_FIFO/u_fifo_mem/mem_Buffer_reg[1][6]

  Ref  DFF        Ref:/WORK/System_Top/u_FIFO/u_fifo_mem/mem_Buffer_reg[1][7]
  Impl DFF        Imp:/WORK/System_Top/u_FIFO/u_fifo_mem/mem_Buffer_reg[1][7]

  Ref  DFF        Ref:/WORK/System_Top/u_FIFO/u_fifo_mem/mem_Buffer_reg[2][0]
  Impl DFF        Imp:/WORK/System_Top/u_FIFO/u_fifo_mem/mem_Buffer_reg[2][0]

  Ref  DFF        Ref:/WORK/System_Top/u_FIFO/u_fifo_mem/mem_Buffer_reg[2][1]
  Impl DFF        Imp:/WORK/System_Top/u_FIFO/u_fifo_mem/mem_Buffer_reg[2][1]

  Ref  DFF        Ref:/WORK/System_Top/u_FIFO/u_fifo_mem/mem_Buffer_reg[2][2]
  Impl DFF        Imp:/WORK/System_Top/u_FIFO/u_fifo_mem/mem_Buffer_reg[2][2]

  Ref  DFF        Ref:/WORK/System_Top/u_FIFO/u_fifo_mem/mem_Buffer_reg[2][3]
  Impl DFF        Imp:/WORK/System_Top/u_FIFO/u_fifo_mem/mem_Buffer_reg[2][3]

  Ref  DFF        Ref:/WORK/System_Top/u_FIFO/u_fifo_mem/mem_Buffer_reg[2][4]
  Impl DFF        Imp:/WORK/System_Top/u_FIFO/u_fifo_mem/mem_Buffer_reg[2][4]

  Ref  DFF        Ref:/WORK/System_Top/u_FIFO/u_fifo_mem/mem_Buffer_reg[2][5]
  Impl DFF        Imp:/WORK/System_Top/u_FIFO/u_fifo_mem/mem_Buffer_reg[2][5]

  Ref  DFF        Ref:/WORK/System_Top/u_FIFO/u_fifo_mem/mem_Buffer_reg[2][6]
  Impl DFF        Imp:/WORK/System_Top/u_FIFO/u_fifo_mem/mem_Buffer_reg[2][6]

  Ref  DFF        Ref:/WORK/System_Top/u_FIFO/u_fifo_mem/mem_Buffer_reg[2][7]
  Impl DFF        Imp:/WORK/System_Top/u_FIFO/u_fifo_mem/mem_Buffer_reg[2][7]

  Ref  DFF        Ref:/WORK/System_Top/u_FIFO/u_fifo_mem/mem_Buffer_reg[3][0]
  Impl DFF        Imp:/WORK/System_Top/u_FIFO/u_fifo_mem/mem_Buffer_reg[3][0]

  Ref  DFF        Ref:/WORK/System_Top/u_FIFO/u_fifo_mem/mem_Buffer_reg[3][1]
  Impl DFF        Imp:/WORK/System_Top/u_FIFO/u_fifo_mem/mem_Buffer_reg[3][1]

  Ref  DFF        Ref:/WORK/System_Top/u_FIFO/u_fifo_mem/mem_Buffer_reg[3][2]
  Impl DFF        Imp:/WORK/System_Top/u_FIFO/u_fifo_mem/mem_Buffer_reg[3][2]

  Ref  DFF        Ref:/WORK/System_Top/u_FIFO/u_fifo_mem/mem_Buffer_reg[3][3]
  Impl DFF        Imp:/WORK/System_Top/u_FIFO/u_fifo_mem/mem_Buffer_reg[3][3]

  Ref  DFF        Ref:/WORK/System_Top/u_FIFO/u_fifo_mem/mem_Buffer_reg[3][4]
  Impl DFF        Imp:/WORK/System_Top/u_FIFO/u_fifo_mem/mem_Buffer_reg[3][4]

  Ref  DFF        Ref:/WORK/System_Top/u_FIFO/u_fifo_mem/mem_Buffer_reg[3][5]
  Impl DFF        Imp:/WORK/System_Top/u_FIFO/u_fifo_mem/mem_Buffer_reg[3][5]

  Ref  DFF        Ref:/WORK/System_Top/u_FIFO/u_fifo_mem/mem_Buffer_reg[3][6]
  Impl DFF        Imp:/WORK/System_Top/u_FIFO/u_fifo_mem/mem_Buffer_reg[3][6]

  Ref  DFF        Ref:/WORK/System_Top/u_FIFO/u_fifo_mem/mem_Buffer_reg[3][7]
  Impl DFF        Imp:/WORK/System_Top/u_FIFO/u_fifo_mem/mem_Buffer_reg[3][7]

  Ref  DFF        Ref:/WORK/System_Top/u_FIFO/u_fifo_mem/mem_Buffer_reg[4][0]
  Impl DFF        Imp:/WORK/System_Top/u_FIFO/u_fifo_mem/mem_Buffer_reg[4][0]

  Ref  DFF        Ref:/WORK/System_Top/u_FIFO/u_fifo_mem/mem_Buffer_reg[4][1]
  Impl DFF        Imp:/WORK/System_Top/u_FIFO/u_fifo_mem/mem_Buffer_reg[4][1]

  Ref  DFF        Ref:/WORK/System_Top/u_FIFO/u_fifo_mem/mem_Buffer_reg[4][2]
  Impl DFF        Imp:/WORK/System_Top/u_FIFO/u_fifo_mem/mem_Buffer_reg[4][2]

  Ref  DFF        Ref:/WORK/System_Top/u_FIFO/u_fifo_mem/mem_Buffer_reg[4][3]
  Impl DFF        Imp:/WORK/System_Top/u_FIFO/u_fifo_mem/mem_Buffer_reg[4][3]

  Ref  DFF        Ref:/WORK/System_Top/u_FIFO/u_fifo_mem/mem_Buffer_reg[4][4]
  Impl DFF        Imp:/WORK/System_Top/u_FIFO/u_fifo_mem/mem_Buffer_reg[4][4]

  Ref  DFF        Ref:/WORK/System_Top/u_FIFO/u_fifo_mem/mem_Buffer_reg[4][5]
  Impl DFF        Imp:/WORK/System_Top/u_FIFO/u_fifo_mem/mem_Buffer_reg[4][5]

  Ref  DFF        Ref:/WORK/System_Top/u_FIFO/u_fifo_mem/mem_Buffer_reg[4][6]
  Impl DFF        Imp:/WORK/System_Top/u_FIFO/u_fifo_mem/mem_Buffer_reg[4][6]

  Ref  DFF        Ref:/WORK/System_Top/u_FIFO/u_fifo_mem/mem_Buffer_reg[4][7]
  Impl DFF        Imp:/WORK/System_Top/u_FIFO/u_fifo_mem/mem_Buffer_reg[4][7]

  Ref  DFF        Ref:/WORK/System_Top/u_FIFO/u_fifo_mem/mem_Buffer_reg[5][0]
  Impl DFF        Imp:/WORK/System_Top/u_FIFO/u_fifo_mem/mem_Buffer_reg[5][0]

  Ref  DFF        Ref:/WORK/System_Top/u_FIFO/u_fifo_mem/mem_Buffer_reg[5][1]
  Impl DFF        Imp:/WORK/System_Top/u_FIFO/u_fifo_mem/mem_Buffer_reg[5][1]

  Ref  DFF        Ref:/WORK/System_Top/u_FIFO/u_fifo_mem/mem_Buffer_reg[5][2]
  Impl DFF        Imp:/WORK/System_Top/u_FIFO/u_fifo_mem/mem_Buffer_reg[5][2]

  Ref  DFF        Ref:/WORK/System_Top/u_FIFO/u_fifo_mem/mem_Buffer_reg[5][3]
  Impl DFF        Imp:/WORK/System_Top/u_FIFO/u_fifo_mem/mem_Buffer_reg[5][3]

  Ref  DFF        Ref:/WORK/System_Top/u_FIFO/u_fifo_mem/mem_Buffer_reg[5][4]
  Impl DFF        Imp:/WORK/System_Top/u_FIFO/u_fifo_mem/mem_Buffer_reg[5][4]

  Ref  DFF        Ref:/WORK/System_Top/u_FIFO/u_fifo_mem/mem_Buffer_reg[5][5]
  Impl DFF        Imp:/WORK/System_Top/u_FIFO/u_fifo_mem/mem_Buffer_reg[5][5]

  Ref  DFF        Ref:/WORK/System_Top/u_FIFO/u_fifo_mem/mem_Buffer_reg[5][6]
  Impl DFF        Imp:/WORK/System_Top/u_FIFO/u_fifo_mem/mem_Buffer_reg[5][6]

  Ref  DFF        Ref:/WORK/System_Top/u_FIFO/u_fifo_mem/mem_Buffer_reg[5][7]
  Impl DFF        Imp:/WORK/System_Top/u_FIFO/u_fifo_mem/mem_Buffer_reg[5][7]

  Ref  DFF        Ref:/WORK/System_Top/u_FIFO/u_fifo_mem/mem_Buffer_reg[6][0]
  Impl DFF        Imp:/WORK/System_Top/u_FIFO/u_fifo_mem/mem_Buffer_reg[6][0]

  Ref  DFF        Ref:/WORK/System_Top/u_FIFO/u_fifo_mem/mem_Buffer_reg[6][1]
  Impl DFF        Imp:/WORK/System_Top/u_FIFO/u_fifo_mem/mem_Buffer_reg[6][1]

  Ref  DFF        Ref:/WORK/System_Top/u_FIFO/u_fifo_mem/mem_Buffer_reg[6][2]
  Impl DFF        Imp:/WORK/System_Top/u_FIFO/u_fifo_mem/mem_Buffer_reg[6][2]

  Ref  DFF        Ref:/WORK/System_Top/u_FIFO/u_fifo_mem/mem_Buffer_reg[6][3]
  Impl DFF        Imp:/WORK/System_Top/u_FIFO/u_fifo_mem/mem_Buffer_reg[6][3]

  Ref  DFF        Ref:/WORK/System_Top/u_FIFO/u_fifo_mem/mem_Buffer_reg[6][4]
  Impl DFF        Imp:/WORK/System_Top/u_FIFO/u_fifo_mem/mem_Buffer_reg[6][4]

  Ref  DFF        Ref:/WORK/System_Top/u_FIFO/u_fifo_mem/mem_Buffer_reg[6][5]
  Impl DFF        Imp:/WORK/System_Top/u_FIFO/u_fifo_mem/mem_Buffer_reg[6][5]

  Ref  DFF        Ref:/WORK/System_Top/u_FIFO/u_fifo_mem/mem_Buffer_reg[6][6]
  Impl DFF        Imp:/WORK/System_Top/u_FIFO/u_fifo_mem/mem_Buffer_reg[6][6]

  Ref  DFF        Ref:/WORK/System_Top/u_FIFO/u_fifo_mem/mem_Buffer_reg[6][7]
  Impl DFF        Imp:/WORK/System_Top/u_FIFO/u_fifo_mem/mem_Buffer_reg[6][7]

  Ref  DFF        Ref:/WORK/System_Top/u_FIFO/u_fifo_mem/mem_Buffer_reg[7][0]
  Impl DFF        Imp:/WORK/System_Top/u_FIFO/u_fifo_mem/mem_Buffer_reg[7][0]

  Ref  DFF        Ref:/WORK/System_Top/u_FIFO/u_fifo_mem/mem_Buffer_reg[7][1]
  Impl DFF        Imp:/WORK/System_Top/u_FIFO/u_fifo_mem/mem_Buffer_reg[7][1]

  Ref  DFF        Ref:/WORK/System_Top/u_FIFO/u_fifo_mem/mem_Buffer_reg[7][2]
  Impl DFF        Imp:/WORK/System_Top/u_FIFO/u_fifo_mem/mem_Buffer_reg[7][2]

  Ref  DFF        Ref:/WORK/System_Top/u_FIFO/u_fifo_mem/mem_Buffer_reg[7][3]
  Impl DFF        Imp:/WORK/System_Top/u_FIFO/u_fifo_mem/mem_Buffer_reg[7][3]

  Ref  DFF        Ref:/WORK/System_Top/u_FIFO/u_fifo_mem/mem_Buffer_reg[7][4]
  Impl DFF        Imp:/WORK/System_Top/u_FIFO/u_fifo_mem/mem_Buffer_reg[7][4]

  Ref  DFF        Ref:/WORK/System_Top/u_FIFO/u_fifo_mem/mem_Buffer_reg[7][5]
  Impl DFF        Imp:/WORK/System_Top/u_FIFO/u_fifo_mem/mem_Buffer_reg[7][5]

  Ref  DFF        Ref:/WORK/System_Top/u_FIFO/u_fifo_mem/mem_Buffer_reg[7][6]
  Impl DFF        Imp:/WORK/System_Top/u_FIFO/u_fifo_mem/mem_Buffer_reg[7][6]

  Ref  DFF        Ref:/WORK/System_Top/u_FIFO/u_fifo_mem/mem_Buffer_reg[7][7]
  Impl DFF        Imp:/WORK/System_Top/u_FIFO/u_fifo_mem/mem_Buffer_reg[7][7]

  Ref  DFF        Ref:/WORK/System_Top/u_FIFO/u_fifo_rd/grey_r_ptr_reg[0]
  Impl DFF        Imp:/WORK/System_Top/u_FIFO/u_fifo_rd/grey_r_ptr_reg[0]

  Ref  DFF        Ref:/WORK/System_Top/u_FIFO/u_fifo_rd/grey_r_ptr_reg[1]
  Impl DFF        Imp:/WORK/System_Top/u_FIFO/u_fifo_rd/grey_r_ptr_reg[1]

  Ref  DFF        Ref:/WORK/System_Top/u_FIFO/u_fifo_rd/grey_r_ptr_reg[2]
  Impl DFF        Imp:/WORK/System_Top/u_FIFO/u_fifo_rd/grey_r_ptr_reg[2]

  Ref  DFF        Ref:/WORK/System_Top/u_FIFO/u_fifo_rd/grey_r_ptr_reg[3]
  Impl DFF        Imp:/WORK/System_Top/u_FIFO/u_fifo_rd/grey_r_ptr_reg[3]

  Ref  DFF        Ref:/WORK/System_Top/u_FIFO/u_fifo_rd/r_ptr_reg[0]
  Impl DFF        Imp:/WORK/System_Top/u_FIFO/u_fifo_rd/r_ptr_reg[0]

  Ref  DFF        Ref:/WORK/System_Top/u_FIFO/u_fifo_rd/r_ptr_reg[1]
  Impl DFF        Imp:/WORK/System_Top/u_FIFO/u_fifo_rd/r_ptr_reg[1]

  Ref  DFF        Ref:/WORK/System_Top/u_FIFO/u_fifo_rd/r_ptr_reg[2]
  Impl DFF        Imp:/WORK/System_Top/u_FIFO/u_fifo_rd/r_ptr_reg[2]

  Ref  DFF        Ref:/WORK/System_Top/u_FIFO/u_fifo_rd/r_ptr_reg[3]
  Impl DFF        Imp:/WORK/System_Top/u_FIFO/u_fifo_rd/r_ptr_reg[3]

  Ref  DFF        Ref:/WORK/System_Top/u_FIFO/u_fifo_wr/grey_w_ptr_reg[0]
  Impl DFF        Imp:/WORK/System_Top/u_FIFO/u_fifo_wr/grey_w_ptr_reg[0]

  Ref  DFF        Ref:/WORK/System_Top/u_FIFO/u_fifo_wr/grey_w_ptr_reg[1]
  Impl DFF        Imp:/WORK/System_Top/u_FIFO/u_fifo_wr/grey_w_ptr_reg[1]

  Ref  DFF        Ref:/WORK/System_Top/u_FIFO/u_fifo_wr/grey_w_ptr_reg[2]
  Impl DFF        Imp:/WORK/System_Top/u_FIFO/u_fifo_wr/grey_w_ptr_reg[2]

  Ref  DFF        Ref:/WORK/System_Top/u_FIFO/u_fifo_wr/grey_w_ptr_reg[3]
  Impl DFF        Imp:/WORK/System_Top/u_FIFO/u_fifo_wr/grey_w_ptr_reg[3]

  Ref  DFF        Ref:/WORK/System_Top/u_FIFO/u_fifo_wr/w_ptr_reg[0]
  Impl DFF        Imp:/WORK/System_Top/u_FIFO/u_fifo_wr/w_ptr_reg[0]

  Ref  DFF        Ref:/WORK/System_Top/u_FIFO/u_fifo_wr/w_ptr_reg[1]
  Impl DFF        Imp:/WORK/System_Top/u_FIFO/u_fifo_wr/w_ptr_reg[1]

  Ref  DFF        Ref:/WORK/System_Top/u_FIFO/u_fifo_wr/w_ptr_reg[2]
  Impl DFF        Imp:/WORK/System_Top/u_FIFO/u_fifo_wr/w_ptr_reg[2]

  Ref  DFF        Ref:/WORK/System_Top/u_FIFO/u_fifo_wr/w_ptr_reg[3]
  Impl DFF        Imp:/WORK/System_Top/u_FIFO/u_fifo_wr/w_ptr_reg[3]

  Ref  DFF        Ref:/WORK/System_Top/u_FIFO/u_sync_r2w/sync_reg_reg[0][0]
  Impl DFF        Imp:/WORK/System_Top/u_FIFO/u_sync_r2w/sync_reg_reg[0][0]

  Ref  DFF        Ref:/WORK/System_Top/u_FIFO/u_sync_r2w/sync_reg_reg[0][1]
  Impl DFF        Imp:/WORK/System_Top/u_FIFO/u_sync_r2w/sync_reg_reg[0][1]

  Ref  DFF        Ref:/WORK/System_Top/u_FIFO/u_sync_r2w/sync_reg_reg[0][2]
  Impl DFF        Imp:/WORK/System_Top/u_FIFO/u_sync_r2w/sync_reg_reg[0][2]

  Ref  DFF        Ref:/WORK/System_Top/u_FIFO/u_sync_r2w/sync_reg_reg[0][3]
  Impl DFF        Imp:/WORK/System_Top/u_FIFO/u_sync_r2w/sync_reg_reg[0][3]

  Ref  DFF        Ref:/WORK/System_Top/u_FIFO/u_sync_r2w/sync_reg_reg[1][0]
  Impl DFF        Imp:/WORK/System_Top/u_FIFO/u_sync_r2w/sync_reg_reg[1][0]

  Ref  DFF        Ref:/WORK/System_Top/u_FIFO/u_sync_r2w/sync_reg_reg[1][1]
  Impl DFF        Imp:/WORK/System_Top/u_FIFO/u_sync_r2w/sync_reg_reg[1][1]

  Ref  DFF        Ref:/WORK/System_Top/u_FIFO/u_sync_r2w/sync_reg_reg[1][2]
  Impl DFF        Imp:/WORK/System_Top/u_FIFO/u_sync_r2w/sync_reg_reg[1][2]

  Ref  DFF        Ref:/WORK/System_Top/u_FIFO/u_sync_r2w/sync_reg_reg[1][3]
  Impl DFF        Imp:/WORK/System_Top/u_FIFO/u_sync_r2w/sync_reg_reg[1][3]

  Ref  DFF        Ref:/WORK/System_Top/u_FIFO/u_sync_w2r/sync_reg_reg[0][0]
  Impl DFF        Imp:/WORK/System_Top/u_FIFO/u_sync_w2r/sync_reg_reg[0][0]

  Ref  DFF        Ref:/WORK/System_Top/u_FIFO/u_sync_w2r/sync_reg_reg[0][1]
  Impl DFF        Imp:/WORK/System_Top/u_FIFO/u_sync_w2r/sync_reg_reg[0][1]

  Ref  DFF        Ref:/WORK/System_Top/u_FIFO/u_sync_w2r/sync_reg_reg[0][2]
  Impl DFF        Imp:/WORK/System_Top/u_FIFO/u_sync_w2r/sync_reg_reg[0][2]

  Ref  DFF        Ref:/WORK/System_Top/u_FIFO/u_sync_w2r/sync_reg_reg[0][3]
  Impl DFF        Imp:/WORK/System_Top/u_FIFO/u_sync_w2r/sync_reg_reg[0][3]

  Ref  DFF        Ref:/WORK/System_Top/u_FIFO/u_sync_w2r/sync_reg_reg[1][0]
  Impl DFF        Imp:/WORK/System_Top/u_FIFO/u_sync_w2r/sync_reg_reg[1][0]

  Ref  DFF        Ref:/WORK/System_Top/u_FIFO/u_sync_w2r/sync_reg_reg[1][1]
  Impl DFF        Imp:/WORK/System_Top/u_FIFO/u_sync_w2r/sync_reg_reg[1][1]

  Ref  DFF        Ref:/WORK/System_Top/u_FIFO/u_sync_w2r/sync_reg_reg[1][2]
  Impl DFF        Imp:/WORK/System_Top/u_FIFO/u_sync_w2r/sync_reg_reg[1][2]

  Ref  DFF        Ref:/WORK/System_Top/u_FIFO/u_sync_w2r/sync_reg_reg[1][3]
  Impl DFF        Imp:/WORK/System_Top/u_FIFO/u_sync_w2r/sync_reg_reg[1][3]

  Ref  DFF        Ref:/WORK/System_Top/u_REF_RST_Sync/sync_reg_reg[0]
  Impl DFF        Imp:/WORK/System_Top/u_REF_RST_Sync/sync_reg_reg[0]

  Ref  DFF        Ref:/WORK/System_Top/u_REF_RST_Sync/sync_reg_reg[1]
  Impl DFF        Imp:/WORK/System_Top/u_REF_RST_Sync/sync_reg_reg[1]

  Ref  DFF        Ref:/WORK/System_Top/u_RX_CLK_DIV/COUNTER_reg[0]
  Impl DFF        Imp:/WORK/System_Top/u_RX_CLK_DIV/COUNTER_reg[0]

  Ref  DFF        Ref:/WORK/System_Top/u_RX_CLK_DIV/COUNTER_reg[1]
  Impl DFF        Imp:/WORK/System_Top/u_RX_CLK_DIV/COUNTER_reg[1]

  Ref  DFF        Ref:/WORK/System_Top/u_RX_CLK_DIV/COUNTER_reg[2]
  Impl DFF        Imp:/WORK/System_Top/u_RX_CLK_DIV/COUNTER_reg[2]

  Ref  DFF        Ref:/WORK/System_Top/u_RX_CLK_DIV/DIVIDED_CLK_reg
  Impl DFF        Imp:/WORK/System_Top/u_RX_CLK_DIV/DIVIDED_CLK_reg

  Ref  DFF        Ref:/WORK/System_Top/u_RegFile/RdData_reg[0]
  Impl DFF        Imp:/WORK/System_Top/u_RegFile/RdData_reg[0]

  Ref  DFF        Ref:/WORK/System_Top/u_RegFile/RdData_reg[1]
  Impl DFF        Imp:/WORK/System_Top/u_RegFile/RdData_reg[1]

  Ref  DFF        Ref:/WORK/System_Top/u_RegFile/RdData_reg[2]
  Impl DFF        Imp:/WORK/System_Top/u_RegFile/RdData_reg[2]

  Ref  DFF        Ref:/WORK/System_Top/u_RegFile/RdData_reg[3]
  Impl DFF        Imp:/WORK/System_Top/u_RegFile/RdData_reg[3]

  Ref  DFF        Ref:/WORK/System_Top/u_RegFile/RdData_reg[4]
  Impl DFF        Imp:/WORK/System_Top/u_RegFile/RdData_reg[4]

  Ref  DFF        Ref:/WORK/System_Top/u_RegFile/RdData_reg[5]
  Impl DFF        Imp:/WORK/System_Top/u_RegFile/RdData_reg[5]

  Ref  DFF        Ref:/WORK/System_Top/u_RegFile/RdData_reg[6]
  Impl DFF        Imp:/WORK/System_Top/u_RegFile/RdData_reg[6]

  Ref  DFF        Ref:/WORK/System_Top/u_RegFile/RdData_reg[7]
  Impl DFF        Imp:/WORK/System_Top/u_RegFile/RdData_reg[7]

  Ref  DFF        Ref:/WORK/System_Top/u_RegFile/Rd_D_Valid_reg
  Impl DFF        Imp:/WORK/System_Top/u_RegFile/Rd_D_Valid_reg

  Ref  DFF        Ref:/WORK/System_Top/u_RegFile/RegFile_reg[0][0]
  Impl DFF        Imp:/WORK/System_Top/u_RegFile/RegFile_reg[0][0]

  Ref  DFF        Ref:/WORK/System_Top/u_RegFile/RegFile_reg[0][1]
  Impl DFF        Imp:/WORK/System_Top/u_RegFile/RegFile_reg[0][1]

  Ref  DFF        Ref:/WORK/System_Top/u_RegFile/RegFile_reg[0][2]
  Impl DFF        Imp:/WORK/System_Top/u_RegFile/RegFile_reg[0][2]

  Ref  DFF        Ref:/WORK/System_Top/u_RegFile/RegFile_reg[0][3]
  Impl DFF        Imp:/WORK/System_Top/u_RegFile/RegFile_reg[0][3]

  Ref  DFF        Ref:/WORK/System_Top/u_RegFile/RegFile_reg[0][4]
  Impl DFF        Imp:/WORK/System_Top/u_RegFile/RegFile_reg[0][4]

  Ref  DFF        Ref:/WORK/System_Top/u_RegFile/RegFile_reg[0][5]
  Impl DFF        Imp:/WORK/System_Top/u_RegFile/RegFile_reg[0][5]

  Ref  DFF        Ref:/WORK/System_Top/u_RegFile/RegFile_reg[0][6]
  Impl DFF        Imp:/WORK/System_Top/u_RegFile/RegFile_reg[0][6]

  Ref  DFF        Ref:/WORK/System_Top/u_RegFile/RegFile_reg[0][7]
  Impl DFF        Imp:/WORK/System_Top/u_RegFile/RegFile_reg[0][7]

  Ref  DFF        Ref:/WORK/System_Top/u_RegFile/RegFile_reg[10][0]
  Impl DFF        Imp:/WORK/System_Top/u_RegFile/RegFile_reg[10][0]

  Ref  DFF        Ref:/WORK/System_Top/u_RegFile/RegFile_reg[10][1]
  Impl DFF        Imp:/WORK/System_Top/u_RegFile/RegFile_reg[10][1]

  Ref  DFF        Ref:/WORK/System_Top/u_RegFile/RegFile_reg[10][2]
  Impl DFF        Imp:/WORK/System_Top/u_RegFile/RegFile_reg[10][2]

  Ref  DFF        Ref:/WORK/System_Top/u_RegFile/RegFile_reg[10][3]
  Impl DFF        Imp:/WORK/System_Top/u_RegFile/RegFile_reg[10][3]

  Ref  DFF        Ref:/WORK/System_Top/u_RegFile/RegFile_reg[10][4]
  Impl DFF        Imp:/WORK/System_Top/u_RegFile/RegFile_reg[10][4]

  Ref  DFF        Ref:/WORK/System_Top/u_RegFile/RegFile_reg[10][5]
  Impl DFF        Imp:/WORK/System_Top/u_RegFile/RegFile_reg[10][5]

  Ref  DFF        Ref:/WORK/System_Top/u_RegFile/RegFile_reg[10][6]
  Impl DFF        Imp:/WORK/System_Top/u_RegFile/RegFile_reg[10][6]

  Ref  DFF        Ref:/WORK/System_Top/u_RegFile/RegFile_reg[10][7]
  Impl DFF        Imp:/WORK/System_Top/u_RegFile/RegFile_reg[10][7]

  Ref  DFF        Ref:/WORK/System_Top/u_RegFile/RegFile_reg[11][0]
  Impl DFF        Imp:/WORK/System_Top/u_RegFile/RegFile_reg[11][0]

  Ref  DFF        Ref:/WORK/System_Top/u_RegFile/RegFile_reg[11][1]
  Impl DFF        Imp:/WORK/System_Top/u_RegFile/RegFile_reg[11][1]

  Ref  DFF        Ref:/WORK/System_Top/u_RegFile/RegFile_reg[11][2]
  Impl DFF        Imp:/WORK/System_Top/u_RegFile/RegFile_reg[11][2]

  Ref  DFF        Ref:/WORK/System_Top/u_RegFile/RegFile_reg[11][3]
  Impl DFF        Imp:/WORK/System_Top/u_RegFile/RegFile_reg[11][3]

  Ref  DFF        Ref:/WORK/System_Top/u_RegFile/RegFile_reg[11][4]
  Impl DFF        Imp:/WORK/System_Top/u_RegFile/RegFile_reg[11][4]

  Ref  DFF        Ref:/WORK/System_Top/u_RegFile/RegFile_reg[11][5]
  Impl DFF        Imp:/WORK/System_Top/u_RegFile/RegFile_reg[11][5]

  Ref  DFF        Ref:/WORK/System_Top/u_RegFile/RegFile_reg[11][6]
  Impl DFF        Imp:/WORK/System_Top/u_RegFile/RegFile_reg[11][6]

  Ref  DFF        Ref:/WORK/System_Top/u_RegFile/RegFile_reg[11][7]
  Impl DFF        Imp:/WORK/System_Top/u_RegFile/RegFile_reg[11][7]

  Ref  DFF        Ref:/WORK/System_Top/u_RegFile/RegFile_reg[12][0]
  Impl DFF        Imp:/WORK/System_Top/u_RegFile/RegFile_reg[12][0]

  Ref  DFF        Ref:/WORK/System_Top/u_RegFile/RegFile_reg[12][1]
  Impl DFF        Imp:/WORK/System_Top/u_RegFile/RegFile_reg[12][1]

  Ref  DFF        Ref:/WORK/System_Top/u_RegFile/RegFile_reg[12][2]
  Impl DFF        Imp:/WORK/System_Top/u_RegFile/RegFile_reg[12][2]

  Ref  DFF        Ref:/WORK/System_Top/u_RegFile/RegFile_reg[12][3]
  Impl DFF        Imp:/WORK/System_Top/u_RegFile/RegFile_reg[12][3]

  Ref  DFF        Ref:/WORK/System_Top/u_RegFile/RegFile_reg[12][4]
  Impl DFF        Imp:/WORK/System_Top/u_RegFile/RegFile_reg[12][4]

  Ref  DFF        Ref:/WORK/System_Top/u_RegFile/RegFile_reg[12][5]
  Impl DFF        Imp:/WORK/System_Top/u_RegFile/RegFile_reg[12][5]

  Ref  DFF        Ref:/WORK/System_Top/u_RegFile/RegFile_reg[12][6]
  Impl DFF        Imp:/WORK/System_Top/u_RegFile/RegFile_reg[12][6]

  Ref  DFF        Ref:/WORK/System_Top/u_RegFile/RegFile_reg[12][7]
  Impl DFF        Imp:/WORK/System_Top/u_RegFile/RegFile_reg[12][7]

  Ref  DFF        Ref:/WORK/System_Top/u_RegFile/RegFile_reg[13][0]
  Impl DFF        Imp:/WORK/System_Top/u_RegFile/RegFile_reg[13][0]

  Ref  DFF        Ref:/WORK/System_Top/u_RegFile/RegFile_reg[13][1]
  Impl DFF        Imp:/WORK/System_Top/u_RegFile/RegFile_reg[13][1]

  Ref  DFF        Ref:/WORK/System_Top/u_RegFile/RegFile_reg[13][2]
  Impl DFF        Imp:/WORK/System_Top/u_RegFile/RegFile_reg[13][2]

  Ref  DFF        Ref:/WORK/System_Top/u_RegFile/RegFile_reg[13][3]
  Impl DFF        Imp:/WORK/System_Top/u_RegFile/RegFile_reg[13][3]

  Ref  DFF        Ref:/WORK/System_Top/u_RegFile/RegFile_reg[13][4]
  Impl DFF        Imp:/WORK/System_Top/u_RegFile/RegFile_reg[13][4]

  Ref  DFF        Ref:/WORK/System_Top/u_RegFile/RegFile_reg[13][5]
  Impl DFF        Imp:/WORK/System_Top/u_RegFile/RegFile_reg[13][5]

  Ref  DFF        Ref:/WORK/System_Top/u_RegFile/RegFile_reg[13][6]
  Impl DFF        Imp:/WORK/System_Top/u_RegFile/RegFile_reg[13][6]

  Ref  DFF        Ref:/WORK/System_Top/u_RegFile/RegFile_reg[13][7]
  Impl DFF        Imp:/WORK/System_Top/u_RegFile/RegFile_reg[13][7]

  Ref  DFF        Ref:/WORK/System_Top/u_RegFile/RegFile_reg[14][0]
  Impl DFF        Imp:/WORK/System_Top/u_RegFile/RegFile_reg[14][0]

  Ref  DFF        Ref:/WORK/System_Top/u_RegFile/RegFile_reg[14][1]
  Impl DFF        Imp:/WORK/System_Top/u_RegFile/RegFile_reg[14][1]

  Ref  DFF        Ref:/WORK/System_Top/u_RegFile/RegFile_reg[14][2]
  Impl DFF        Imp:/WORK/System_Top/u_RegFile/RegFile_reg[14][2]

  Ref  DFF        Ref:/WORK/System_Top/u_RegFile/RegFile_reg[14][3]
  Impl DFF        Imp:/WORK/System_Top/u_RegFile/RegFile_reg[14][3]

  Ref  DFF        Ref:/WORK/System_Top/u_RegFile/RegFile_reg[14][4]
  Impl DFF        Imp:/WORK/System_Top/u_RegFile/RegFile_reg[14][4]

  Ref  DFF        Ref:/WORK/System_Top/u_RegFile/RegFile_reg[14][5]
  Impl DFF        Imp:/WORK/System_Top/u_RegFile/RegFile_reg[14][5]

  Ref  DFF        Ref:/WORK/System_Top/u_RegFile/RegFile_reg[14][6]
  Impl DFF        Imp:/WORK/System_Top/u_RegFile/RegFile_reg[14][6]

  Ref  DFF        Ref:/WORK/System_Top/u_RegFile/RegFile_reg[14][7]
  Impl DFF        Imp:/WORK/System_Top/u_RegFile/RegFile_reg[14][7]

  Ref  DFF        Ref:/WORK/System_Top/u_RegFile/RegFile_reg[15][0]
  Impl DFF        Imp:/WORK/System_Top/u_RegFile/RegFile_reg[15][0]

  Ref  DFF        Ref:/WORK/System_Top/u_RegFile/RegFile_reg[15][1]
  Impl DFF        Imp:/WORK/System_Top/u_RegFile/RegFile_reg[15][1]

  Ref  DFF        Ref:/WORK/System_Top/u_RegFile/RegFile_reg[15][2]
  Impl DFF        Imp:/WORK/System_Top/u_RegFile/RegFile_reg[15][2]

  Ref  DFF        Ref:/WORK/System_Top/u_RegFile/RegFile_reg[15][3]
  Impl DFF        Imp:/WORK/System_Top/u_RegFile/RegFile_reg[15][3]

  Ref  DFF        Ref:/WORK/System_Top/u_RegFile/RegFile_reg[15][4]
  Impl DFF        Imp:/WORK/System_Top/u_RegFile/RegFile_reg[15][4]

  Ref  DFF        Ref:/WORK/System_Top/u_RegFile/RegFile_reg[15][5]
  Impl DFF        Imp:/WORK/System_Top/u_RegFile/RegFile_reg[15][5]

  Ref  DFF        Ref:/WORK/System_Top/u_RegFile/RegFile_reg[15][6]
  Impl DFF        Imp:/WORK/System_Top/u_RegFile/RegFile_reg[15][6]

  Ref  DFF        Ref:/WORK/System_Top/u_RegFile/RegFile_reg[15][7]
  Impl DFF        Imp:/WORK/System_Top/u_RegFile/RegFile_reg[15][7]

  Ref  DFF        Ref:/WORK/System_Top/u_RegFile/RegFile_reg[1][0]
  Impl DFF        Imp:/WORK/System_Top/u_RegFile/RegFile_reg[1][0]

  Ref  DFF        Ref:/WORK/System_Top/u_RegFile/RegFile_reg[1][1]
  Impl DFF        Imp:/WORK/System_Top/u_RegFile/RegFile_reg[1][1]

  Ref  DFF        Ref:/WORK/System_Top/u_RegFile/RegFile_reg[1][2]
  Impl DFF        Imp:/WORK/System_Top/u_RegFile/RegFile_reg[1][2]

  Ref  DFF        Ref:/WORK/System_Top/u_RegFile/RegFile_reg[1][3]
  Impl DFF        Imp:/WORK/System_Top/u_RegFile/RegFile_reg[1][3]

  Ref  DFF        Ref:/WORK/System_Top/u_RegFile/RegFile_reg[1][4]
  Impl DFF        Imp:/WORK/System_Top/u_RegFile/RegFile_reg[1][4]

  Ref  DFF        Ref:/WORK/System_Top/u_RegFile/RegFile_reg[1][5]
  Impl DFF        Imp:/WORK/System_Top/u_RegFile/RegFile_reg[1][5]

  Ref  DFF        Ref:/WORK/System_Top/u_RegFile/RegFile_reg[1][6]
  Impl DFF        Imp:/WORK/System_Top/u_RegFile/RegFile_reg[1][6]

  Ref  DFF        Ref:/WORK/System_Top/u_RegFile/RegFile_reg[1][7]
  Impl DFF        Imp:/WORK/System_Top/u_RegFile/RegFile_reg[1][7]

  Ref  DFF        Ref:/WORK/System_Top/u_RegFile/RegFile_reg[2][0]
  Impl DFF        Imp:/WORK/System_Top/u_RegFile/RegFile_reg[2][0]

  Ref  DFF        Ref:/WORK/System_Top/u_RegFile/RegFile_reg[2][1]
  Impl DFF        Imp:/WORK/System_Top/u_RegFile/RegFile_reg[2][1]

  Ref  DFF        Ref:/WORK/System_Top/u_RegFile/RegFile_reg[2][2]
  Impl DFF        Imp:/WORK/System_Top/u_RegFile/RegFile_reg[2][2]

  Ref  DFF        Ref:/WORK/System_Top/u_RegFile/RegFile_reg[2][3]
  Impl DFF        Imp:/WORK/System_Top/u_RegFile/RegFile_reg[2][3]

  Ref  DFF        Ref:/WORK/System_Top/u_RegFile/RegFile_reg[2][4]
  Impl DFF        Imp:/WORK/System_Top/u_RegFile/RegFile_reg[2][4]

  Ref  DFF        Ref:/WORK/System_Top/u_RegFile/RegFile_reg[2][5]
  Impl DFF        Imp:/WORK/System_Top/u_RegFile/RegFile_reg[2][5]

  Ref  DFF        Ref:/WORK/System_Top/u_RegFile/RegFile_reg[2][6]
  Impl DFF        Imp:/WORK/System_Top/u_RegFile/RegFile_reg[2][6]

  Ref  DFF        Ref:/WORK/System_Top/u_RegFile/RegFile_reg[2][7]
  Impl DFF        Imp:/WORK/System_Top/u_RegFile/RegFile_reg[2][7]

  Ref  DFF        Ref:/WORK/System_Top/u_RegFile/RegFile_reg[3][0]
  Impl DFF        Imp:/WORK/System_Top/u_RegFile/RegFile_reg[3][0]

  Ref  DFF        Ref:/WORK/System_Top/u_RegFile/RegFile_reg[3][1]
  Impl DFF        Imp:/WORK/System_Top/u_RegFile/RegFile_reg[3][1]

  Ref  DFF        Ref:/WORK/System_Top/u_RegFile/RegFile_reg[3][2]
  Impl DFF        Imp:/WORK/System_Top/u_RegFile/RegFile_reg[3][2]

  Ref  DFF        Ref:/WORK/System_Top/u_RegFile/RegFile_reg[3][3]
  Impl DFF        Imp:/WORK/System_Top/u_RegFile/RegFile_reg[3][3]

  Ref  DFF        Ref:/WORK/System_Top/u_RegFile/RegFile_reg[3][4]
  Impl DFF        Imp:/WORK/System_Top/u_RegFile/RegFile_reg[3][4]

  Ref  DFF        Ref:/WORK/System_Top/u_RegFile/RegFile_reg[3][5]
  Impl DFF        Imp:/WORK/System_Top/u_RegFile/RegFile_reg[3][5]

  Ref  DFF        Ref:/WORK/System_Top/u_RegFile/RegFile_reg[3][6]
  Impl DFF        Imp:/WORK/System_Top/u_RegFile/RegFile_reg[3][6]

  Ref  DFF        Ref:/WORK/System_Top/u_RegFile/RegFile_reg[3][7]
  Impl DFF        Imp:/WORK/System_Top/u_RegFile/RegFile_reg[3][7]

  Ref  DFF        Ref:/WORK/System_Top/u_RegFile/RegFile_reg[4][0]
  Impl DFF        Imp:/WORK/System_Top/u_RegFile/RegFile_reg[4][0]

  Ref  DFF        Ref:/WORK/System_Top/u_RegFile/RegFile_reg[4][1]
  Impl DFF        Imp:/WORK/System_Top/u_RegFile/RegFile_reg[4][1]

  Ref  DFF        Ref:/WORK/System_Top/u_RegFile/RegFile_reg[4][2]
  Impl DFF        Imp:/WORK/System_Top/u_RegFile/RegFile_reg[4][2]

  Ref  DFF        Ref:/WORK/System_Top/u_RegFile/RegFile_reg[4][3]
  Impl DFF        Imp:/WORK/System_Top/u_RegFile/RegFile_reg[4][3]

  Ref  DFF        Ref:/WORK/System_Top/u_RegFile/RegFile_reg[4][4]
  Impl DFF        Imp:/WORK/System_Top/u_RegFile/RegFile_reg[4][4]

  Ref  DFF        Ref:/WORK/System_Top/u_RegFile/RegFile_reg[4][5]
  Impl DFF        Imp:/WORK/System_Top/u_RegFile/RegFile_reg[4][5]

  Ref  DFF        Ref:/WORK/System_Top/u_RegFile/RegFile_reg[4][6]
  Impl DFF        Imp:/WORK/System_Top/u_RegFile/RegFile_reg[4][6]

  Ref  DFF        Ref:/WORK/System_Top/u_RegFile/RegFile_reg[4][7]
  Impl DFF        Imp:/WORK/System_Top/u_RegFile/RegFile_reg[4][7]

  Ref  DFF        Ref:/WORK/System_Top/u_RegFile/RegFile_reg[5][0]
  Impl DFF        Imp:/WORK/System_Top/u_RegFile/RegFile_reg[5][0]

  Ref  DFF        Ref:/WORK/System_Top/u_RegFile/RegFile_reg[5][1]
  Impl DFF        Imp:/WORK/System_Top/u_RegFile/RegFile_reg[5][1]

  Ref  DFF        Ref:/WORK/System_Top/u_RegFile/RegFile_reg[5][2]
  Impl DFF        Imp:/WORK/System_Top/u_RegFile/RegFile_reg[5][2]

  Ref  DFF        Ref:/WORK/System_Top/u_RegFile/RegFile_reg[5][3]
  Impl DFF        Imp:/WORK/System_Top/u_RegFile/RegFile_reg[5][3]

  Ref  DFF        Ref:/WORK/System_Top/u_RegFile/RegFile_reg[5][4]
  Impl DFF        Imp:/WORK/System_Top/u_RegFile/RegFile_reg[5][4]

  Ref  DFF        Ref:/WORK/System_Top/u_RegFile/RegFile_reg[5][5]
  Impl DFF        Imp:/WORK/System_Top/u_RegFile/RegFile_reg[5][5]

  Ref  DFF        Ref:/WORK/System_Top/u_RegFile/RegFile_reg[5][6]
  Impl DFF        Imp:/WORK/System_Top/u_RegFile/RegFile_reg[5][6]

  Ref  DFF        Ref:/WORK/System_Top/u_RegFile/RegFile_reg[5][7]
  Impl DFF        Imp:/WORK/System_Top/u_RegFile/RegFile_reg[5][7]

  Ref  DFF        Ref:/WORK/System_Top/u_RegFile/RegFile_reg[6][0]
  Impl DFF        Imp:/WORK/System_Top/u_RegFile/RegFile_reg[6][0]

  Ref  DFF        Ref:/WORK/System_Top/u_RegFile/RegFile_reg[6][1]
  Impl DFF        Imp:/WORK/System_Top/u_RegFile/RegFile_reg[6][1]

  Ref  DFF        Ref:/WORK/System_Top/u_RegFile/RegFile_reg[6][2]
  Impl DFF        Imp:/WORK/System_Top/u_RegFile/RegFile_reg[6][2]

  Ref  DFF        Ref:/WORK/System_Top/u_RegFile/RegFile_reg[6][3]
  Impl DFF        Imp:/WORK/System_Top/u_RegFile/RegFile_reg[6][3]

  Ref  DFF        Ref:/WORK/System_Top/u_RegFile/RegFile_reg[6][4]
  Impl DFF        Imp:/WORK/System_Top/u_RegFile/RegFile_reg[6][4]

  Ref  DFF        Ref:/WORK/System_Top/u_RegFile/RegFile_reg[6][5]
  Impl DFF        Imp:/WORK/System_Top/u_RegFile/RegFile_reg[6][5]

  Ref  DFF        Ref:/WORK/System_Top/u_RegFile/RegFile_reg[6][6]
  Impl DFF        Imp:/WORK/System_Top/u_RegFile/RegFile_reg[6][6]

  Ref  DFF        Ref:/WORK/System_Top/u_RegFile/RegFile_reg[6][7]
  Impl DFF        Imp:/WORK/System_Top/u_RegFile/RegFile_reg[6][7]

  Ref  DFF        Ref:/WORK/System_Top/u_RegFile/RegFile_reg[7][0]
  Impl DFF        Imp:/WORK/System_Top/u_RegFile/RegFile_reg[7][0]

  Ref  DFF        Ref:/WORK/System_Top/u_RegFile/RegFile_reg[7][1]
  Impl DFF        Imp:/WORK/System_Top/u_RegFile/RegFile_reg[7][1]

  Ref  DFF        Ref:/WORK/System_Top/u_RegFile/RegFile_reg[7][2]
  Impl DFF        Imp:/WORK/System_Top/u_RegFile/RegFile_reg[7][2]

  Ref  DFF        Ref:/WORK/System_Top/u_RegFile/RegFile_reg[7][3]
  Impl DFF        Imp:/WORK/System_Top/u_RegFile/RegFile_reg[7][3]

  Ref  DFF        Ref:/WORK/System_Top/u_RegFile/RegFile_reg[7][4]
  Impl DFF        Imp:/WORK/System_Top/u_RegFile/RegFile_reg[7][4]

  Ref  DFF        Ref:/WORK/System_Top/u_RegFile/RegFile_reg[7][5]
  Impl DFF        Imp:/WORK/System_Top/u_RegFile/RegFile_reg[7][5]

  Ref  DFF        Ref:/WORK/System_Top/u_RegFile/RegFile_reg[7][6]
  Impl DFF        Imp:/WORK/System_Top/u_RegFile/RegFile_reg[7][6]

  Ref  DFF        Ref:/WORK/System_Top/u_RegFile/RegFile_reg[7][7]
  Impl DFF        Imp:/WORK/System_Top/u_RegFile/RegFile_reg[7][7]

  Ref  DFF        Ref:/WORK/System_Top/u_RegFile/RegFile_reg[8][0]
  Impl DFF        Imp:/WORK/System_Top/u_RegFile/RegFile_reg[8][0]

  Ref  DFF        Ref:/WORK/System_Top/u_RegFile/RegFile_reg[8][1]
  Impl DFF        Imp:/WORK/System_Top/u_RegFile/RegFile_reg[8][1]

  Ref  DFF        Ref:/WORK/System_Top/u_RegFile/RegFile_reg[8][2]
  Impl DFF        Imp:/WORK/System_Top/u_RegFile/RegFile_reg[8][2]

  Ref  DFF        Ref:/WORK/System_Top/u_RegFile/RegFile_reg[8][3]
  Impl DFF        Imp:/WORK/System_Top/u_RegFile/RegFile_reg[8][3]

  Ref  DFF        Ref:/WORK/System_Top/u_RegFile/RegFile_reg[8][4]
  Impl DFF        Imp:/WORK/System_Top/u_RegFile/RegFile_reg[8][4]

  Ref  DFF        Ref:/WORK/System_Top/u_RegFile/RegFile_reg[8][5]
  Impl DFF        Imp:/WORK/System_Top/u_RegFile/RegFile_reg[8][5]

  Ref  DFF        Ref:/WORK/System_Top/u_RegFile/RegFile_reg[8][6]
  Impl DFF        Imp:/WORK/System_Top/u_RegFile/RegFile_reg[8][6]

  Ref  DFF        Ref:/WORK/System_Top/u_RegFile/RegFile_reg[8][7]
  Impl DFF        Imp:/WORK/System_Top/u_RegFile/RegFile_reg[8][7]

  Ref  DFF        Ref:/WORK/System_Top/u_RegFile/RegFile_reg[9][0]
  Impl DFF        Imp:/WORK/System_Top/u_RegFile/RegFile_reg[9][0]

  Ref  DFF        Ref:/WORK/System_Top/u_RegFile/RegFile_reg[9][1]
  Impl DFF        Imp:/WORK/System_Top/u_RegFile/RegFile_reg[9][1]

  Ref  DFF        Ref:/WORK/System_Top/u_RegFile/RegFile_reg[9][2]
  Impl DFF        Imp:/WORK/System_Top/u_RegFile/RegFile_reg[9][2]

  Ref  DFF        Ref:/WORK/System_Top/u_RegFile/RegFile_reg[9][3]
  Impl DFF        Imp:/WORK/System_Top/u_RegFile/RegFile_reg[9][3]

  Ref  DFF        Ref:/WORK/System_Top/u_RegFile/RegFile_reg[9][4]
  Impl DFF        Imp:/WORK/System_Top/u_RegFile/RegFile_reg[9][4]

  Ref  DFF        Ref:/WORK/System_Top/u_RegFile/RegFile_reg[9][5]
  Impl DFF        Imp:/WORK/System_Top/u_RegFile/RegFile_reg[9][5]

  Ref  DFF        Ref:/WORK/System_Top/u_RegFile/RegFile_reg[9][6]
  Impl DFF        Imp:/WORK/System_Top/u_RegFile/RegFile_reg[9][6]

  Ref  DFF        Ref:/WORK/System_Top/u_RegFile/RegFile_reg[9][7]
  Impl DFF        Imp:/WORK/System_Top/u_RegFile/RegFile_reg[9][7]

  Ref  DFF        Ref:/WORK/System_Top/u_SysCtrl/ALU_EN_reg
  Impl DFF        Imp:/WORK/System_Top/u_SysCtrl/ALU_EN_reg

  Ref  DFF        Ref:/WORK/System_Top/u_SysCtrl/ALU_FUN_reg[0]
  Impl DFF        Imp:/WORK/System_Top/u_SysCtrl/ALU_FUN_reg[0]

  Ref  DFF        Ref:/WORK/System_Top/u_SysCtrl/ALU_FUN_reg[1]
  Impl DFF        Imp:/WORK/System_Top/u_SysCtrl/ALU_FUN_reg[1]

  Ref  DFF        Ref:/WORK/System_Top/u_SysCtrl/ALU_FUN_reg[2]
  Impl DFF        Imp:/WORK/System_Top/u_SysCtrl/ALU_FUN_reg[2]

  Ref  DFF        Ref:/WORK/System_Top/u_SysCtrl/ALU_FUN_reg[3]
  Impl DFF        Imp:/WORK/System_Top/u_SysCtrl/ALU_FUN_reg[3]

  Ref  DFF        Ref:/WORK/System_Top/u_SysCtrl/CLK_EN_reg
  Impl DFF        Imp:/WORK/System_Top/u_SysCtrl/CLK_EN_reg

  Ref  DFF        Ref:/WORK/System_Top/u_SysCtrl/Cur_S_reg[0]
  Impl DFF        Imp:/WORK/System_Top/u_SysCtrl/Cur_S_reg[0]

  Ref  DFF        Ref:/WORK/System_Top/u_SysCtrl/Cur_S_reg[1]
  Impl DFF        Imp:/WORK/System_Top/u_SysCtrl/Cur_S_reg[1]

  Ref  DFF        Ref:/WORK/System_Top/u_SysCtrl/Cur_S_reg[2]
  Impl DFF        Imp:/WORK/System_Top/u_SysCtrl/Cur_S_reg[2]

  Ref  DFF        Ref:/WORK/System_Top/u_SysCtrl/Cur_S_reg[3]
  Impl DFF        Imp:/WORK/System_Top/u_SysCtrl/Cur_S_reg[3]

  Ref  DFF        Ref:/WORK/System_Top/u_SysCtrl/FIFO_WR_DATA_reg[0]
  Impl DFF        Imp:/WORK/System_Top/u_SysCtrl/FIFO_WR_DATA_reg[0]

  Ref  DFF        Ref:/WORK/System_Top/u_SysCtrl/FIFO_WR_DATA_reg[1]
  Impl DFF        Imp:/WORK/System_Top/u_SysCtrl/FIFO_WR_DATA_reg[1]

  Ref  DFF        Ref:/WORK/System_Top/u_SysCtrl/FIFO_WR_DATA_reg[2]
  Impl DFF        Imp:/WORK/System_Top/u_SysCtrl/FIFO_WR_DATA_reg[2]

  Ref  DFF        Ref:/WORK/System_Top/u_SysCtrl/FIFO_WR_DATA_reg[3]
  Impl DFF        Imp:/WORK/System_Top/u_SysCtrl/FIFO_WR_DATA_reg[3]

  Ref  DFF        Ref:/WORK/System_Top/u_SysCtrl/FIFO_WR_DATA_reg[4]
  Impl DFF        Imp:/WORK/System_Top/u_SysCtrl/FIFO_WR_DATA_reg[4]

  Ref  DFF        Ref:/WORK/System_Top/u_SysCtrl/FIFO_WR_DATA_reg[5]
  Impl DFF        Imp:/WORK/System_Top/u_SysCtrl/FIFO_WR_DATA_reg[5]

  Ref  DFF        Ref:/WORK/System_Top/u_SysCtrl/FIFO_WR_DATA_reg[6]
  Impl DFF        Imp:/WORK/System_Top/u_SysCtrl/FIFO_WR_DATA_reg[6]

  Ref  DFF        Ref:/WORK/System_Top/u_SysCtrl/FIFO_WR_DATA_reg[7]
  Impl DFF        Imp:/WORK/System_Top/u_SysCtrl/FIFO_WR_DATA_reg[7]

  Ref  DFF        Ref:/WORK/System_Top/u_SysCtrl/FIFO_W_INC_reg
  Impl DFF        Imp:/WORK/System_Top/u_SysCtrl/FIFO_W_INC_reg

  Ref  DFF        Ref:/WORK/System_Top/u_SysCtrl/RF_ADDR_reg[0]
  Impl DFF        Imp:/WORK/System_Top/u_SysCtrl/RF_ADDR_reg[0]

  Ref  DFF        Ref:/WORK/System_Top/u_SysCtrl/RF_ADDR_reg[1]
  Impl DFF        Imp:/WORK/System_Top/u_SysCtrl/RF_ADDR_reg[1]

  Ref  DFF        Ref:/WORK/System_Top/u_SysCtrl/RF_ADDR_reg[2]
  Impl DFF        Imp:/WORK/System_Top/u_SysCtrl/RF_ADDR_reg[2]

  Ref  DFF        Ref:/WORK/System_Top/u_SysCtrl/RF_ADDR_reg[3]
  Impl DFF        Imp:/WORK/System_Top/u_SysCtrl/RF_ADDR_reg[3]

  Ref  DFF        Ref:/WORK/System_Top/u_SysCtrl/RF_WrData_reg[0]
  Impl DFF        Imp:/WORK/System_Top/u_SysCtrl/RF_WrData_reg[0]

  Ref  DFF        Ref:/WORK/System_Top/u_SysCtrl/RF_WrData_reg[1]
  Impl DFF        Imp:/WORK/System_Top/u_SysCtrl/RF_WrData_reg[1]

  Ref  DFF        Ref:/WORK/System_Top/u_SysCtrl/RF_WrData_reg[2]
  Impl DFF        Imp:/WORK/System_Top/u_SysCtrl/RF_WrData_reg[2]

  Ref  DFF        Ref:/WORK/System_Top/u_SysCtrl/RF_WrData_reg[3]
  Impl DFF        Imp:/WORK/System_Top/u_SysCtrl/RF_WrData_reg[3]

  Ref  DFF        Ref:/WORK/System_Top/u_SysCtrl/RF_WrData_reg[4]
  Impl DFF        Imp:/WORK/System_Top/u_SysCtrl/RF_WrData_reg[4]

  Ref  DFF        Ref:/WORK/System_Top/u_SysCtrl/RF_WrData_reg[5]
  Impl DFF        Imp:/WORK/System_Top/u_SysCtrl/RF_WrData_reg[5]

  Ref  DFF        Ref:/WORK/System_Top/u_SysCtrl/RF_WrData_reg[6]
  Impl DFF        Imp:/WORK/System_Top/u_SysCtrl/RF_WrData_reg[6]

  Ref  DFF        Ref:/WORK/System_Top/u_SysCtrl/RF_WrData_reg[7]
  Impl DFF        Imp:/WORK/System_Top/u_SysCtrl/RF_WrData_reg[7]

  Ref  DFF        Ref:/WORK/System_Top/u_SysCtrl/RdEn_reg
  Impl DFF        Imp:/WORK/System_Top/u_SysCtrl/RdEn_reg

  Ref  DFF        Ref:/WORK/System_Top/u_SysCtrl/WrEn_reg
  Impl DFF        Imp:/WORK/System_Top/u_SysCtrl/WrEn_reg

  Ref  DFF        Ref:/WORK/System_Top/u_TX_CLK_DIV/COUNTER_reg[0]
  Impl DFF        Imp:/WORK/System_Top/u_TX_CLK_DIV/COUNTER_reg[0]

  Ref  DFF        Ref:/WORK/System_Top/u_TX_CLK_DIV/COUNTER_reg[1]
  Impl DFF        Imp:/WORK/System_Top/u_TX_CLK_DIV/COUNTER_reg[1]

  Ref  DFF        Ref:/WORK/System_Top/u_TX_CLK_DIV/COUNTER_reg[2]
  Impl DFF        Imp:/WORK/System_Top/u_TX_CLK_DIV/COUNTER_reg[2]

  Ref  DFF        Ref:/WORK/System_Top/u_TX_CLK_DIV/COUNTER_reg[3]
  Impl DFF        Imp:/WORK/System_Top/u_TX_CLK_DIV/COUNTER_reg[3]

  Ref  DFF        Ref:/WORK/System_Top/u_TX_CLK_DIV/COUNTER_reg[4]
  Impl DFF        Imp:/WORK/System_Top/u_TX_CLK_DIV/COUNTER_reg[4]

  Ref  DFF        Ref:/WORK/System_Top/u_TX_CLK_DIV/COUNTER_reg[5]
  Impl DFF        Imp:/WORK/System_Top/u_TX_CLK_DIV/COUNTER_reg[5]

  Ref  DFF        Ref:/WORK/System_Top/u_TX_CLK_DIV/COUNTER_reg[6]
  Impl DFF        Imp:/WORK/System_Top/u_TX_CLK_DIV/COUNTER_reg[6]

  Ref  DFF        Ref:/WORK/System_Top/u_TX_CLK_DIV/COUNTER_reg[7]
  Impl DFF        Imp:/WORK/System_Top/u_TX_CLK_DIV/COUNTER_reg[7]

  Ref  DFF        Ref:/WORK/System_Top/u_TX_CLK_DIV/DIVIDED_CLK_reg
  Impl DFF        Imp:/WORK/System_Top/u_TX_CLK_DIV/DIVIDED_CLK_reg

  Ref  DFF        Ref:/WORK/System_Top/u_UART_RST_Sync/sync_reg_reg[0]
  Impl DFF        Imp:/WORK/System_Top/u_UART_RST_Sync/sync_reg_reg[0]

  Ref  DFF        Ref:/WORK/System_Top/u_UART_RST_Sync/sync_reg_reg[1]
  Impl DFF        Imp:/WORK/System_Top/u_UART_RST_Sync/sync_reg_reg[1]

  Ref  DFF        Ref:/WORK/System_Top/u_UART_RX/u_Deserializer/P_DATA_reg[0]
  Impl DFF        Imp:/WORK/System_Top/u_UART_RX/u_Deserializer/P_DATA_reg[0]

  Ref  DFF        Ref:/WORK/System_Top/u_UART_RX/u_Deserializer/P_DATA_reg[1]
  Impl DFF        Imp:/WORK/System_Top/u_UART_RX/u_Deserializer/P_DATA_reg[1]

  Ref  DFF        Ref:/WORK/System_Top/u_UART_RX/u_Deserializer/P_DATA_reg[2]
  Impl DFF        Imp:/WORK/System_Top/u_UART_RX/u_Deserializer/P_DATA_reg[2]

  Ref  DFF        Ref:/WORK/System_Top/u_UART_RX/u_Deserializer/P_DATA_reg[3]
  Impl DFF        Imp:/WORK/System_Top/u_UART_RX/u_Deserializer/P_DATA_reg[3]

  Ref  DFF        Ref:/WORK/System_Top/u_UART_RX/u_Deserializer/P_DATA_reg[4]
  Impl DFF        Imp:/WORK/System_Top/u_UART_RX/u_Deserializer/P_DATA_reg[4]

  Ref  DFF        Ref:/WORK/System_Top/u_UART_RX/u_Deserializer/P_DATA_reg[5]
  Impl DFF        Imp:/WORK/System_Top/u_UART_RX/u_Deserializer/P_DATA_reg[5]

  Ref  DFF        Ref:/WORK/System_Top/u_UART_RX/u_Deserializer/P_DATA_reg[6]
  Impl DFF        Imp:/WORK/System_Top/u_UART_RX/u_Deserializer/P_DATA_reg[6]

  Ref  DFF        Ref:/WORK/System_Top/u_UART_RX/u_Deserializer/P_DATA_reg[7]
  Impl DFF        Imp:/WORK/System_Top/u_UART_RX/u_Deserializer/P_DATA_reg[7]

  Ref  DFF        Ref:/WORK/System_Top/u_UART_RX/u_Edge_Bit_Counter/Bit_Count_reg[0]
  Impl DFF        Imp:/WORK/System_Top/u_UART_RX/u_Edge_Bit_Counter/Bit_Count_reg[0]

  Ref  DFF        Ref:/WORK/System_Top/u_UART_RX/u_Edge_Bit_Counter/Bit_Count_reg[1]
  Impl DFF        Imp:/WORK/System_Top/u_UART_RX/u_Edge_Bit_Counter/Bit_Count_reg[1]

  Ref  DFF        Ref:/WORK/System_Top/u_UART_RX/u_Edge_Bit_Counter/Bit_Count_reg[2]
  Impl DFF        Imp:/WORK/System_Top/u_UART_RX/u_Edge_Bit_Counter/Bit_Count_reg[2]

  Ref  DFF        Ref:/WORK/System_Top/u_UART_RX/u_Edge_Bit_Counter/Bit_Count_reg[3]
  Impl DFF        Imp:/WORK/System_Top/u_UART_RX/u_Edge_Bit_Counter/Bit_Count_reg[3]

  Ref  DFF        Ref:/WORK/System_Top/u_UART_RX/u_Edge_Bit_Counter/Edge_Count_reg[0]
  Impl DFF        Imp:/WORK/System_Top/u_UART_RX/u_Edge_Bit_Counter/Edge_Count_reg[0]

  Ref  DFF        Ref:/WORK/System_Top/u_UART_RX/u_Edge_Bit_Counter/Edge_Count_reg[1]
  Impl DFF        Imp:/WORK/System_Top/u_UART_RX/u_Edge_Bit_Counter/Edge_Count_reg[1]

  Ref  DFF        Ref:/WORK/System_Top/u_UART_RX/u_Edge_Bit_Counter/Edge_Count_reg[2]
  Impl DFF        Imp:/WORK/System_Top/u_UART_RX/u_Edge_Bit_Counter/Edge_Count_reg[2]

  Ref  DFF        Ref:/WORK/System_Top/u_UART_RX/u_Edge_Bit_Counter/Edge_Count_reg[3]
  Impl DFF        Imp:/WORK/System_Top/u_UART_RX/u_Edge_Bit_Counter/Edge_Count_reg[3]

  Ref  DFF        Ref:/WORK/System_Top/u_UART_RX/u_Edge_Bit_Counter/Edge_Count_reg[4]
  Impl DFF        Imp:/WORK/System_Top/u_UART_RX/u_Edge_Bit_Counter/Edge_Count_reg[4]

  Ref  DFF        Ref:/WORK/System_Top/u_UART_RX/u_Parity_Checker/par_bit_reg
  Impl DFF        Imp:/WORK/System_Top/u_UART_RX/u_Parity_Checker/par_bit_reg

  Ref  DFF        Ref:/WORK/System_Top/u_UART_RX/u_Parity_Checker/par_err_reg
  Impl DFF        Imp:/WORK/System_Top/u_UART_RX/u_Parity_Checker/par_err_reg

  Ref  DFF        Ref:/WORK/System_Top/u_UART_RX/u_Sampler/first_sample_reg
  Impl DFF        Imp:/WORK/System_Top/u_UART_RX/u_Sampler/first_sample_reg

  Ref  DFF        Ref:/WORK/System_Top/u_UART_RX/u_Sampler/second_sample_reg
  Impl DFF        Imp:/WORK/System_Top/u_UART_RX/u_Sampler/second_sample_reg

  Ref  DFF        Ref:/WORK/System_Top/u_UART_RX/u_Sampler/third_sample_reg
  Impl DFF        Imp:/WORK/System_Top/u_UART_RX/u_Sampler/third_sample_reg

  Ref  DFF        Ref:/WORK/System_Top/u_UART_RX/u_Start_Checker/start_glitch_reg
  Impl DFF        Imp:/WORK/System_Top/u_UART_RX/u_Start_Checker/start_glitch_reg

  Ref  DFF        Ref:/WORK/System_Top/u_UART_RX/u_Stop_Checker/stp_err_reg
  Impl DFF        Imp:/WORK/System_Top/u_UART_RX/u_Stop_Checker/stp_err_reg

  Ref  DFF        Ref:/WORK/System_Top/u_UART_RX/u_UART_RX_FSM/Cur_S_reg[0]
  Impl DFF        Imp:/WORK/System_Top/u_UART_RX/u_UART_RX_FSM/Cur_S_reg[0]

  Ref  DFF        Ref:/WORK/System_Top/u_UART_RX/u_UART_RX_FSM/Cur_S_reg[1]
  Impl DFF        Imp:/WORK/System_Top/u_UART_RX/u_UART_RX_FSM/Cur_S_reg[1]

  Ref  DFF        Ref:/WORK/System_Top/u_UART_RX/u_UART_RX_FSM/Cur_S_reg[2]
  Impl DFF        Imp:/WORK/System_Top/u_UART_RX/u_UART_RX_FSM/Cur_S_reg[2]

  Ref  DFF        Ref:/WORK/System_Top/u_UART_RX/u_UART_RX_FSM/DATA_VALID_reg
  Impl DFF        Imp:/WORK/System_Top/u_UART_RX/u_UART_RX_FSM/DATA_VALID_reg

  Ref  DFF        Ref:/WORK/System_Top/u_UART_TX/U0_serializer/Counter_reg[0]
  Impl DFF        Imp:/WORK/System_Top/u_UART_TX/U0_serializer/Counter_reg[0]

  Ref  DFF        Ref:/WORK/System_Top/u_UART_TX/U0_serializer/Counter_reg[1]
  Impl DFF        Imp:/WORK/System_Top/u_UART_TX/U0_serializer/Counter_reg[1]

  Ref  DFF        Ref:/WORK/System_Top/u_UART_TX/U0_serializer/Counter_reg[2]
  Impl DFF        Imp:/WORK/System_Top/u_UART_TX/U0_serializer/Counter_reg[2]

  Ref  DFF        Ref:/WORK/System_Top/u_UART_TX/U2_FSM/Cur_S_reg[0]
  Impl DFF        Imp:/WORK/System_Top/u_UART_TX/U2_FSM/Cur_S_reg[0]

  Ref  DFF        Ref:/WORK/System_Top/u_UART_TX/U2_FSM/Cur_S_reg[1]
  Impl DFF        Imp:/WORK/System_Top/u_UART_TX/U2_FSM/Cur_S_reg[1]

  Ref  DFF        Ref:/WORK/System_Top/u_UART_TX/U2_FSM/Cur_S_reg[2]
  Impl DFF        Imp:/WORK/System_Top/u_UART_TX/U2_FSM/Cur_S_reg[2]

  Ref  DFF        Ref:/WORK/System_Top/u_UART_TX/U2_FSM/PAR_EN_Registered_reg
  Impl DFF        Imp:/WORK/System_Top/u_UART_TX/U2_FSM/PAR_EN_Registered_reg

  Ref  DFF        Ref:/WORK/System_Top/u_UART_TX/U2_FSM/PAR_TYP_Registered_reg
  Impl DFF        Imp:/WORK/System_Top/u_UART_TX/U2_FSM/PAR_TYP_Registered_reg

  Ref  DFF        Ref:/WORK/System_Top/u_UART_TX/U2_FSM/P_DATA_Registered_reg[0]
  Impl DFF        Imp:/WORK/System_Top/u_UART_TX/U2_FSM/P_DATA_Registered_reg[0]

  Ref  DFF        Ref:/WORK/System_Top/u_UART_TX/U2_FSM/P_DATA_Registered_reg[1]
  Impl DFF        Imp:/WORK/System_Top/u_UART_TX/U2_FSM/P_DATA_Registered_reg[1]

  Ref  DFF        Ref:/WORK/System_Top/u_UART_TX/U2_FSM/P_DATA_Registered_reg[2]
  Impl DFF        Imp:/WORK/System_Top/u_UART_TX/U2_FSM/P_DATA_Registered_reg[2]

  Ref  DFF        Ref:/WORK/System_Top/u_UART_TX/U2_FSM/P_DATA_Registered_reg[3]
  Impl DFF        Imp:/WORK/System_Top/u_UART_TX/U2_FSM/P_DATA_Registered_reg[3]

  Ref  DFF        Ref:/WORK/System_Top/u_UART_TX/U2_FSM/P_DATA_Registered_reg[4]
  Impl DFF        Imp:/WORK/System_Top/u_UART_TX/U2_FSM/P_DATA_Registered_reg[4]

  Ref  DFF        Ref:/WORK/System_Top/u_UART_TX/U2_FSM/P_DATA_Registered_reg[5]
  Impl DFF        Imp:/WORK/System_Top/u_UART_TX/U2_FSM/P_DATA_Registered_reg[5]

  Ref  DFF        Ref:/WORK/System_Top/u_UART_TX/U2_FSM/P_DATA_Registered_reg[6]
  Impl DFF        Imp:/WORK/System_Top/u_UART_TX/U2_FSM/P_DATA_Registered_reg[6]

  Ref  DFF        Ref:/WORK/System_Top/u_UART_TX/U2_FSM/P_DATA_Registered_reg[7]
  Impl DFF        Imp:/WORK/System_Top/u_UART_TX/U2_FSM/P_DATA_Registered_reg[7]

  Ref  DFF        Ref:/WORK/System_Top/u_pulse_gen/Signal_reg_reg
  Impl DFF        Imp:/WORK/System_Top/u_pulse_gen/Signal_reg_reg

  Ref  DFF        Ref:/WORK/System_Top/u_pulse_gen/enable_pulse_reg
  Impl DFF        Imp:/WORK/System_Top/u_pulse_gen/enable_pulse_reg

  Ref  Port       Ref:/WORK/System_Top/RX_D_VALID
  Impl Port       Imp:/WORK/System_Top/RX_D_VALID

  Ref  Port       Ref:/WORK/System_Top/TX_OUT
  Impl Port       Imp:/WORK/System_Top/TX_OUT

 [BBNet: multiply-driven net
  BBPin: black-box pin
  Cut:   cut-point
  DFF:   non-constant DFF register
  DFF0:  constant 0 DFF register
  DFF1:  constant 1 DFF register
  DFFX:  constant X DFF register
  DFF0X: constrained 0X DFF register
  DFF1X: constrained 1X DFF register
  LAT:   non-constant latch register
  LAT0:  constant 0 latch register
  LAT1:  constant 1 latch register
  LATX:  constant X latch register
  LAT0X: constrained 0X latch register
  LAT1X: constrained 1X latch register
  LATCG: clock-gating latch register
  TLA:   transparent latch register
  TLA0X: transparent constrained 0X latch register
  TLA1X: transparent constrained 1X latch register
  Loop:  cycle break point
  Port:  primary (top-level) port
  Und:   undriven signal cut-point
  Unk:   unknown signal cut-point]

1
