
################################################################################
#
# This file has been generated by SpyGlass:
#     Report Name      : moresimple
#     Report Created by: ICer
#     Report Created on:  Sun Sep 27 21:57:09 2026
#     Working Directory: /mnt/hgfs/Shared_Folder/System/System_Lint
#     SpyGlass Version : SpyGlass_vL-2016.06
#     Policy Name      : SpyGlass(SpyGlass_vL-2016.06)
#                        clock-reset(SpyGlass_vL-2016.06)
#
#     Total Number of Generated Messages        :         15
#     Number of Waived Messages                 :          2
#     Number of Reported Messages (New)         :         11
#     Number of Reported Messages (PreExisting) :          2
#     Number of Reported Messages (Fixed)       :          1
#     Number of Overlimit Messages              :          0
#
#
################################################################################

+++++++++++++++++++++++++++++++++++++++++++++++++++++++++++++++++++++++
MORESIMPLE REPORT:


############### New Messages -> BuiltIn -> RuleGroup=Design Read ###############
+++++++++++++++++++++++++++++++++++++++++++++++++++++++++++++++++++++++++++++++++++++++
ID       Rule                  Alias         Severity    File                                                                                        Line    Wt    Message
======================================================================================
[19]     Domain_Matrix01                     Info        system.sgdc                                                                                 4       10    Domain Matrix for design "System_Top",  based on the individual constraints defined in the SDC as inferred in the Sta mode
[25]     Info_Case_Analysis    showSimVal    Info        /home/ICer/Shared_Folder/System/RTL/System_Top/System_Top.v                                 1       10    Information for set_case_analysis value propagation for design 'System_Top' is displayed
[21]     SDC2SGDC_INFO                       Info        ./spyglass-1/System_Top/cdc/cdc_setup_check/spyglass_reports/sdc2sgdc/sdc2sgdc.sgdc.9181    1       10    Sgdc file "./spyglass-1/System_Top/cdc/cdc_setup_check/spyglass_reports/sdc2sgdc/sdc2sgdc.sgdc.9181" generated after successful SDC2SGDC translation
[22]     SDC_Mapping01                       Info        N.A                                                                                         0       10    Mapping of SDC Commands Generated
+++++++++++++++++++++++++++++++++++++++++++++++++++++++++++++++++++++++++++++++++++++++


############### New Messages -> Non-BuiltIn -> Goal=cdc/cdc_setup_check ###############
+++++++++++++++++++++++++++++++++++++++++++++++++++++++++++++++++++++++++++++++++++++++
ID       Rule                Alias    Severity    File                                                           Line    Wt    Message
======================================================================================
[28]     Clock_info02                 Info        N.A.                                                           0       2     Clock Tree generated
[26]     Clock_info03b                Info        /home/ICer/Shared_Folder/System/RTL/Sys_Ctrl/Sys_Ctrl.v        154     2     Data pin of flop System_Top.u_SysCtrl.CLK_DIV_EN, clocked by System_Top.REF_CLK , is tied to constant value 1
[33]     Clock_info15                 Info        N.A.                                                           0       2     Port-Clock information generated for PortClockMatrix report
[23]     Propagate_Clocks             Info        /home/ICer/Shared_Folder/System/RTL/System_Top/System_Top.v    3       2     For System_Top, clock(s) 'System_Top.REF_CLK' of domain 'd0' propagated
[24]     Propagate_Clocks             Info        /home/ICer/Shared_Folder/System/RTL/System_Top/System_Top.v    3       2     For System_Top, clock(s) 'System_Top.UART_CLK' of domain 'd1' propagated
[27]     Propagate_Resets             Info        /home/ICer/Shared_Folder/System/RTL/System_Top/System_Top.v    3       2     For System_Top, reset 'System_Top.RST' propagated
[29]     Reset_info02                 Info        N.A.                                                           0       2     Reset Tree generated
+++++++++++++++++++++++++++++++++++++++++++++++++++++++++++++++++++++++++++++++++++++++


############### PreExisting Messages -> BuiltIn -> RuleGroup=Design Read ###############
+++++++++++++++++++++++++++++++++++++++++++++++++++++++++++++++++++++++++++++++++++++++
ID       Rule                    Alias                   Severity    File                                                                                      Line    Wt    Message
======================================================================================
[1]      DetectTopDesignUnits    DetectTopDesignUnits    Info        /home/ICer/Shared_Folder/System/RTL/System_Top/System_Top.v                               1       2     Module System_Top is a top level design unit
[0]      ElabSummary             ElabSummary             Info        ./spyglass-1/System_Top/cdc/cdc_setup_check/spyglass_reports/SpyGlass/elab_summary.rpt    0       2     Please refer file './spyglass-1/System_Top/cdc/cdc_setup_check/spyglass_reports/SpyGlass/elab_summary.rpt' for elab summary report
+++++++++++++++++++++++++++++++++++++++++++++++++++++++++++++++++++++++++++++++++++++++

############################# Fixed Violations ########################################
+++++++++++++++++++++++++++++++++++++++++++++++++++++++++++++++++++++++++++++++++++++++
Rule            Alias             Severity    File           Line    Wt    Message
======================================================================================
SGDC_clock01    existenceCheck    Fatal       system.sgdc    10      10    'virtual_clk'[TopPort + Net + HierTerminal] not found on/within module 'System_Top'
+++++++++++++++++++++++++++++++++++++++++++++++++++++++++++++++++++++++++++++++++++++++
