
################################################################################
#
# This file has been generated by SpyGlass:
#     Report Name      : waiver
#     Report Created by: ICer
#     Report Created on:  Sun Sep 27 21:57:09 2026
#     Working Directory: /mnt/hgfs/Shared_Folder/System/System_Lint
#     SpyGlass Version : SpyGlass_vL-2016.06
#     Policy Name      : SpyGlass(SpyGlass_vL-2016.06)
#                        clock-reset(SpyGlass_vL-2016.06)
#
#     Total Number of Generated Messages        :         15
#     Number of Waived Messages                 :          2
#     Number of Reported Messages (New)         :         11
#     Number of Reported Messages (PreExisting) :          2
#     Number of Reported Messages (Fixed)       :          1
#     Number of Overlimit Messages              :          0
#
#
################################################################################

WAIVER REPORT:
+++++++++++++++++++++++++++++++++++++++++++++++++++++++++++++++++++++++++++++++

Design Issues Waiver Report
+++++++++++++++++++++++++++++++++++++++++++++++++++++++++++++++++++++++++++++++

Waiver comment : Created by ICer on 27-Sep-2026 21:42:43 async RST covered with RST_Synchronizers partially constrained async RST covered in RST synchronizers 
waive -msg q!Port coverage for top design unit 'System_Top' is: '1' (25.00 %) port(s) not fully constrained! \
      -rule "Setup_port01" 
#spg_backref : "./spyglass-1/System_Top/cdc/cdc_setup_check/spyglass-1_waiver_file.awl" 3

1 message(s) waived:
===============================================================================
Index    Rule         Severity File                                                        Line Wt Message
===============================================================================
[32]     Setup_port01 Error    /home/ICer/Shared_Folder/System/RTL/System_Top/System_Top.v 1    2  Port coverage for top design unit 'System_Top' is: '1' (25.00 %) port(s) not fully constrained
===============================================================================

Waiver comment : Created by ICer on 27-Sep-2026 21:43:43
waive -msg q%Abstracted sgdc file for input ports of block 'System_Top' is generated% \
      -rule "Setup_port01" 
#spg_backref : "./spyglass-1/System_Top/cdc/cdc_setup_check/spyglass-1_waiver_file.awl" 2

1 message(s) waived:
===============================================================================
Index    Rule         Severity File                                                                                                    Line Wt Message
===============================================================================
[34]     Setup_port01 Info     ./spyglass-1/System_Top/cdc/cdc_setup_check/spyglass_reports/clock-reset/System_Top_input_abstract.sgdc 0    2  Abstracted sgdc file for input ports of block 'System_Top' is generated
===============================================================================

